2025-01-01: 4,788 DEP, matched 1,874, appear+dwell 857 (17.9%)
2025-01-02: 5,354 DEP, matched 1,962, appear+dwell 871 (16.3%)
2025-01-03: 5,498 DEP, matched 2,243, appear+dwell 967 (17.6%)
2025-01-04: 5,097 DEP, matched 1,976, appear+dwell 943 (18.5%)
2025-01-05: 5,186 DEP, matched 1,903, appear+dwell 835 (16.1%)
2025-01-06: 5,309 DEP, matched 2,085, appear+dwell 959 (18.1%)
2025-01-07: 4,884 DEP, matched 1,882, appear+dwell 874 (17.9%)
2025-01-08: 4,842 DEP, matched 1,891, appear+dwell 892 (18.4%)
2025-01-09: 4,928 DEP, matched 1,878, appear+dwell 871 (17.7%)
2025-01-10: 5,153 DEP, matched 2,093, appear+dwell 888 (17.2%)
2025-01-11: 4,655 DEP, matched 1,710, appear+dwell 767 (16.5%)
2025-01-12: 5,045 DEP, matched 2,040, appear+dwell 881 (17.5%)
2025-01-13: 4,908 DEP, matched 2,067, appear+dwell 887 (18.1%)
2025-01-14: 4,612 DEP, matched 1,847, appear+dwell 853 (18.5%)
2025-01-15: 4,676 DEP, matched 1,842, appear+dwell 823 (17.6%)
2025-01-16: 4,861 DEP, matched 1,993, appear+dwell 844 (17.4%)
2025-01-17: 5,153 DEP, matched 2,082, appear+dwell 920 (17.9%)
2025-01-18: 4,608 DEP, matched 1,747, appear+dwell 815 (17.7%)
2025-01-19: 5,026 DEP, matched 2,033, appear+dwell 885 (17.6%)
2025-01-20: 5,050 DEP, matched 2,069, appear+dwell 930 (18.4%)
2025-01-21: 4,584 DEP, matched 1,745, appear+dwell 858 (18.7%)
2025-01-22: 4,900 DEP, matched 1,971, appear+dwell 913 (18.6%)
2025-01-23: 5,016 DEP, matched 2,081, appear+dwell 904 (18.0%)
2025-01-24: 5,220 DEP, matched 2,219, appear+dwell 984 (18.9%)
2025-01-25: 4,690 DEP, matched 1,857, appear+dwell 908 (19.4%)
2025-01-26: 5,078 DEP, matched 1,927, appear+dwell 891 (17.5%)
2025-01-27: 4,998 DEP, matched 2,058, appear+dwell 962 (19.2%)
2025-01-28: 4,619 DEP, matched 2,034, appear+dwell 956 (20.7%)
2025-01-29: 4,782 DEP, matched 1,965, appear+dwell 949 (19.8%)
2025-01-30: 4,949 DEP, matched 2,056, appear+dwell 905 (18.3%)
2025-01-31: 5,237 DEP, matched 2,146, appear+dwell 926 (17.7%)
2025-07-01: 6,071 DEP, matched 2,805, appear+dwell 1,136 (18.7%)
2025-07-02: 6,134 DEP, matched 2,507, appear+dwell 1,036 (16.9%)
2025-07-03: 5,934 DEP, matched 2,143, appear+dwell 846 (14.3%)
2025-07-04: 5,992 DEP, matched 2,411, appear+dwell 955 (15.9%)
2025-07-05: 5,970 DEP, matched 2,440, appear+dwell 922 (15.4%)
2025-07-06: 6,125 DEP, matched 2,433, appear+dwell 880 (14.4%)
2025-07-07: 6,219 DEP, matched 2,587, appear+dwell 964 (15.5%)
2025-07-08: 6,106 DEP, matched 2,470, appear+dwell 920 (15.1%)
2025-07-09: 6,178 DEP, matched 2,685, appear+dwell 1,022 (16.5%)
2025-07-10: 6,313 DEP, matched 2,612, appear+dwell 987 (15.6%)
2025-07-11: 6,409 DEP, matched 2,246, appear+dwell 821 (12.8%)
2025-07-12: 5,920 DEP, matched 2,182, appear+dwell 820 (13.9%)
2025-07-13: 6,198 DEP, matched 2,146, appear+dwell 832 (13.4%)
2025-07-14: 6,268 DEP, matched 2,461, appear+dwell 982 (15.7%)
2025-07-15: 6,120 DEP, matched 2,212, appear+dwell 853 (13.9%)
2025-07-16: 6,206 DEP, matched 2,599, appear+dwell 1,007 (16.2%)
2025-07-17: 6,280 DEP, matched 2,630, appear+dwell 963 (15.3%)
2025-07-18: 6,418 DEP, matched 2,615, appear+dwell 1,034 (16.1%)
2025-07-19: 5,899 DEP, matched 2,897, appear+dwell 1,243 (21.1%)
2025-07-20: 6,204 DEP, matched 2,475, appear+dwell 1,036 (16.7%)
2025-07-21: 6,182 DEP, matched 3,032, appear+dwell 1,284 (20.8%)
2025-07-22: 6,142 DEP, matched 2,323, appear+dwell 846 (13.8%)
2025-07-23: 6,205 DEP, matched 2,607, appear+dwell 940 (15.1%)
2025-07-24: 6,254 DEP, matched 3,069, appear+dwell 1,228 (19.6%)
2025-07-25: 6,235 DEP, matched 2,847, appear+dwell 1,206 (19.3%)
2025-07-26: 5,990 DEP, matched 2,768, appear+dwell 1,149 (19.2%)
2025-07-27: 6,096 DEP, matched 2,637, appear+dwell 1,156 (19.0%)
2025-07-28: 6,230 DEP, matched 3,168, appear+dwell 1,317 (21.1%)
2025-07-29: 6,091 DEP, matched 3,071, appear+dwell 1,320 (21.7%)
2025-07-30: 6,163 DEP, matched 3,124, appear+dwell 1,325 (21.5%)
2025-07-31: 6,161 DEP, matched 3,261, appear+dwell 1,346 (21.8%)
2025-09-15: 6,154 DEP, matched 3,345, appear+dwell 1,530 (24.9%)
2025-11-15: 5,099 DEP, matched 3,261, appear+dwell 1,447 (28.4%)
2026-01-01: 4,970 DEP, matched 2,800, appear+dwell 1,247 (25.1%)
2026-01-02: 5,386 DEP, matched 2,964, appear+dwell 1,231 (22.9%)
2026-01-03: 4,990 DEP, matched 2,713, appear+dwell 1,206 (24.2%)
2026-01-04: 5,169 DEP, matched 2,824, appear+dwell 1,190 (23.0%)
2026-01-05: 4,894 DEP, matched 2,616, appear+dwell 1,108 (22.6%)
2026-01-06: 4,639 DEP, matched 2,549, appear+dwell 1,131 (24.4%)
2026-01-07: 4,359 DEP, matched 2,311, appear+dwell 1,034 (23.7%)
2026-01-08: 4,963 DEP, matched 2,873, appear+dwell 1,338 (27.0%)
2026-01-09: 5,038 DEP, matched 2,901, appear+dwell 1,319 (26.2%)
2026-01-10: 4,702 DEP, matched 2,599, appear+dwell 1,163 (24.7%)
2026-01-11: 5,202 DEP, matched 3,184, appear+dwell 1,454 (28.0%)
2026-01-12: 4,894 DEP, matched 2,762, appear+dwell 1,221 (24.9%)
2026-01-13: 4,593 DEP, matched 2,529, appear+dwell 1,108 (24.1%)
2026-01-14: 4,759 DEP, matched 2,852, appear+dwell 1,214 (25.5%)
2026-01-15: 5,001 DEP, matched 2,960, appear+dwell 1,249 (25.0%)
2026-01-16: 5,273 DEP, matched 3,222, appear+dwell 1,392 (26.4%)
2026-01-17: 4,639 DEP, matched 2,850, appear+dwell 1,275 (27.5%)
2026-01-18: 5,174 DEP, matched 3,302, appear+dwell 1,351 (26.1%)
2026-01-19: 5,128 DEP, matched 3,214, appear+dwell 1,364 (26.6%)
2026-01-20: 4,637 DEP, matched 2,827, appear+dwell 1,297 (28.0%)
2026-01-21: 4,800 DEP, matched 3,041, appear+dwell 1,393 (29.0%)
2026-01-22: 5,157 DEP, matched 3,380, appear+dwell 1,470 (28.5%)
2026-01-23: 5,370 DEP, matched 3,002, appear+dwell 1,229 (22.9%)
2026-01-24: 4,621 DEP, matched 2,828, appear+dwell 1,273 (27.5%)
2026-01-25: 5,026 DEP, matched 3,212, appear+dwell 1,405 (28.0%)
2026-01-26: 4,941 DEP, matched 3,105, appear+dwell 1,418 (28.7%)
2026-01-27: 4,639 DEP, matched 2,712, appear+dwell 1,137 (24.5%)
2026-01-28: 4,725 DEP, matched 2,469, appear+dwell 1,078 (22.8%)
2026-01-29: 5,044 DEP, matched 2,656, appear+dwell 1,197 (23.7%)
2026-01-30: 5,384 DEP, matched 3,069, appear+dwell 1,272 (23.6%)
2026-01-31: 4,602 DEP, matched 2,356, appear+dwell 1,066 (23.2%)
2026-07-01: 6,062 DEP, matched 3,429, appear+dwell 1,587 (26.2%)
2026-07-02: 6,289 DEP, matched 3,633, appear+dwell 1,833 (29.1%)
2026-07-03: 6,356 DEP, matched 3,705, appear+dwell 1,840 (28.9%)
2026-07-04: 6,005 DEP, matched 3,525, appear+dwell 1,793 (29.9%)
2026-07-05: 6,201 DEP, matched 3,615, appear+dwell 2,028 (32.7%)
2026-07-06: 6,218 DEP, matched 3,910, appear+dwell 2,173 (34.9%)
2026-07-07: 6,048 DEP, matched 3,770, appear+dwell 2,075 (34.3%)
2026-07-08: 6,227 DEP, matched 3,743, appear+dwell 1,897 (30.5%)
2026-07-09: 6,300 DEP, matched 3,732, appear+dwell 2,028 (32.2%)
2026-07-10: 6,372 DEP, matched 3,641, appear+dwell 1,970 (30.9%)
2026-07-11: 6,013 DEP, matched 3,575, appear+dwell 1,944 (32.3%)
2026-07-12: 6,250 DEP, matched 3,666, appear+dwell 1,945 (31.1%)
2026-07-13: 6,253 DEP, matched 3,557, appear+dwell 1,832 (29.3%)
2026-07-14: 6,087 DEP, matched 3,247, appear+dwell 1,688 (27.7%)
2026-07-15: 6,180 DEP, matched 3,212, appear+dwell 1,841 (29.8%)
2026-07-16: 6,226 DEP, matched 3,210, appear+dwell 1,743 (28.0%)
2026-07-17: 6,321 DEP, matched 3,422, appear+dwell 1,839 (29.1%)
2026-07-18: 5,998 DEP, matched 3,197, appear+dwell 1,716 (28.6%)
2026-07-19: 6,205 DEP, matched 3,450, appear+dwell 1,898 (30.6%)
2026-07-20: 6,223 DEP, matched 3,516, appear+dwell 1,822 (29.3%)
2026-07-21: 6,102 DEP, matched 3,508, appear+dwell 1,766 (28.9%)
2026-07-22: 6,237 DEP, matched 3,487, appear+dwell 1,745 (28.0%)
2026-07-23: 6,256 DEP, matched 3,532, appear+dwell 1,827 (29.2%)
2026-07-24: 6,407 DEP, matched 3,432, appear+dwell 1,788 (27.9%)
2026-07-25: 6,022 DEP, matched 3,287, appear+dwell 1,739 (28.9%)
2026-07-26: 6,258 DEP, matched 3,486, appear+dwell 1,873 (29.9%)
2026-07-27: 6,243 DEP, matched 3,362, appear+dwell 1,747 (28.0%)
2026-07-28: 6,082 DEP, matched 3,247, appear+dwell 1,773 (29.2%)
2026-07-29: 6,153 DEP, matched 3,294, appear+dwell 1,784 (29.0%)
2026-07-30: 6,248 DEP, matched 3,346, appear+dwell 1,897 (30.4%)
2026-07-31: 6,280 DEP, matched 3,426, appear+dwell 1,806 (28.8%)
