stack weights: {'lgb': np.float64(0.4589), 'catcorr': np.float64(0.5551)}
thin-day rule: 115 days kept, 7 dropped
shape: (7, 5)
| day        | status   | bad_members | points | med        |
| ---        | ---      | ---         | ---    | ---        |
| str        | str      | i64         | i64    | f64        |
|------------|----------|-------------|--------|------------|
| 2025-08-10 | tolerant | 1           | 211018 | 1.572131e6 |
| 2025-10-04 | ok       | 0           | 0      | 1672691.5  |
| 2025-10-07 | tolerant | 1           | 206056 | 1672691.5  |
| 2025-11-19 | tolerant | 1           | 142500 | 1.549465e6 |
| 2025-11-22 | tolerant | 1           | 247284 | 1.549465e6 |
| 2025-12-10 | tolerant | 1           | 671427 | 1586008.5  |
| 2025-12-28 | tolerant | 1           | 251232 | 1586008.5  |
OOF-month ADS-B rows: 660,242 on 115 days (['2025-02', '2025-03', '2025-04', '2025-05', '2025-06', '2025-08', '2025-09', '2025-10', '2025-11', '2025-12']); OOF stack weights [0.564 0.445]
combiner fit on 927,045 holdout rows; best_iter 3055
rows keeping v23: 143239
shape: (10, 4)
| ADEP_mvt | len   | mean_diff | rms_diff |
| ---      | ---   | ---       | ---      |
| str      | u32   | f64       | f64      |
|----------|-------|-----------|----------|
| EDDF     | 36317 | -6.3      | 52.1     |
| EDDM     | 25966 | 14.8      | 90.6     |
| EGLL     | 39840 | -14.5     | 95.3     |
| EHAM     | 38182 | 7.3       | 121.1    |
| LEBL     | 30080 | -0.3      | 72.5     |
| LEMD     | 36954 | -8.4      | 65.9     |
| LFPG     | 39872 | -0.9      | 15.5     |
| LIRF     | 26899 | 0.0       | 0.0      |
| LSZH     | 23150 | 5.6       | 82.1     |
| LTFM     | 47581 | 0.0       | 1.7      |
wrote smart-jigsaw_v27.parquet: RMS diff vs v23 70.6 s; median 965, mean 1042.1
