2025-01-01: 4,788 DEP, matched 2,131, appear+dwell 899 (18.8%)
2025-01-02: 5,354 DEP, matched 2,495, appear+dwell 945 (17.7%)
2025-01-03: 5,498 DEP, matched 2,639, appear+dwell 1,067 (19.4%)
2025-01-04: 5,097 DEP, matched 2,365, appear+dwell 1,039 (20.4%)
2025-01-05: 5,186 DEP, matched 2,296, appear+dwell 911 (17.6%)
2025-01-06: 5,309 DEP, matched 2,525, appear+dwell 1,038 (19.6%)
2025-01-07: 4,884 DEP, matched 2,307, appear+dwell 930 (19.0%)
2025-01-08: 4,842 DEP, matched 2,269, appear+dwell 970 (20.0%)
2025-01-09: 4,928 DEP, matched 2,341, appear+dwell 964 (19.6%)
2025-01-10: 5,153 DEP, matched 2,458, appear+dwell 981 (19.0%)
2025-01-11: 4,655 DEP, matched 2,088, appear+dwell 843 (18.1%)
2025-01-12: 5,045 DEP, matched 2,435, appear+dwell 969 (19.2%)
2025-01-13: 4,908 DEP, matched 2,427, appear+dwell 955 (19.5%)
2025-01-14: 4,612 DEP, matched 2,184, appear+dwell 925 (20.1%)
2025-01-15: 4,676 DEP, matched 2,215, appear+dwell 897 (19.2%)
2025-01-16: 4,861 DEP, matched 2,357, appear+dwell 922 (19.0%)
2025-01-17: 5,153 DEP, matched 2,497, appear+dwell 1,016 (19.7%)
2025-01-18: 4,608 DEP, matched 2,085, appear+dwell 893 (19.4%)
2025-01-19: 5,026 DEP, matched 2,405, appear+dwell 969 (19.3%)
2025-01-20: 5,050 DEP, matched 2,414, appear+dwell 1,026 (20.3%)
2025-01-21: 4,584 DEP, matched 2,032, appear+dwell 923 (20.1%)
2025-01-22: 4,900 DEP, matched 2,319, appear+dwell 1,002 (20.4%)
2025-01-23: 5,016 DEP, matched 2,456, appear+dwell 987 (19.7%)
2025-01-24: 5,220 DEP, matched 2,552, appear+dwell 1,060 (20.3%)
2025-01-25: 4,690 DEP, matched 2,202, appear+dwell 990 (21.1%)
2025-01-26: 5,078 DEP, matched 2,313, appear+dwell 979 (19.3%)
2025-01-27: 4,998 DEP, matched 2,402, appear+dwell 1,038 (20.8%)
2025-01-28: 4,619 DEP, matched 2,311, appear+dwell 1,040 (22.5%)
2025-01-29: 4,782 DEP, matched 2,339, appear+dwell 1,059 (22.1%)
2025-01-30: 4,949 DEP, matched 2,359, appear+dwell 990 (20.0%)
2025-01-31: 5,237 DEP, matched 2,503, appear+dwell 1,028 (19.6%)
2025-07-01: 6,071 DEP, matched 3,104, appear+dwell 1,197 (19.7%)
2025-07-02: 6,134 DEP, matched 2,863, appear+dwell 1,119 (18.2%)
2025-07-03: 5,934 DEP, matched 2,664, appear+dwell 939 (15.8%)
2025-07-04: 5,992 DEP, matched 2,813, appear+dwell 1,055 (17.6%)
2025-07-05: 5,970 DEP, matched 2,860, appear+dwell 1,005 (16.8%)
2025-07-06: 6,125 DEP, matched 3,010, appear+dwell 967 (15.8%)
2025-07-07: 6,219 DEP, matched 3,021, appear+dwell 1,039 (16.7%)
2025-07-08: 6,106 DEP, matched 2,941, appear+dwell 990 (16.2%)
2025-07-09: 6,178 DEP, matched 2,986, appear+dwell 1,083 (17.5%)
2025-07-10: 6,313 DEP, matched 2,960, appear+dwell 1,062 (16.8%)
2025-07-11: 6,409 DEP, matched 2,816, appear+dwell 900 (14.0%)
2025-07-12: 5,920 DEP, matched 2,636, appear+dwell 888 (15.0%)
2025-07-13: 6,198 DEP, matched 2,661, appear+dwell 931 (15.0%)
2025-07-14: 6,268 DEP, matched 2,989, appear+dwell 1,077 (17.2%)
2025-07-15: 6,120 DEP, matched 2,875, appear+dwell 964 (15.8%)
2025-07-16: 6,206 DEP, matched 3,025, appear+dwell 1,080 (17.4%)
2025-07-17: 6,280 DEP, matched 3,037, appear+dwell 1,029 (16.4%)
2025-07-18: 6,418 DEP, matched 3,065, appear+dwell 1,097 (17.1%)
2025-07-19: 5,899 DEP, matched 3,339, appear+dwell 1,311 (22.2%)
2025-07-20: 6,204 DEP, matched 3,146, appear+dwell 1,144 (18.4%)
2025-07-21: 6,182 DEP, matched 3,515, appear+dwell 1,350 (21.8%)
2025-07-22: 6,142 DEP, matched 3,022, appear+dwell 946 (15.4%)
2025-07-23: 6,205 DEP, matched 3,116, appear+dwell 1,011 (16.3%)
2025-07-24: 6,254 DEP, matched 3,558, appear+dwell 1,311 (21.0%)
2025-07-25: 6,235 DEP, matched 3,433, appear+dwell 1,305 (20.9%)
2025-07-26: 5,990 DEP, matched 3,409, appear+dwell 1,235 (20.6%)
2025-07-27: 6,096 DEP, matched 3,226, appear+dwell 1,246 (20.4%)
2025-07-28: 6,230 DEP, matched 3,633, appear+dwell 1,393 (22.4%)
2025-07-29: 6,091 DEP, matched 3,501, appear+dwell 1,389 (22.8%)
2025-07-30: 6,163 DEP, matched 3,595, appear+dwell 1,410 (22.9%)
2025-07-31: 6,161 DEP, matched 3,688, appear+dwell 1,416 (23.0%)
2025-09-15: 6,154 DEP, matched 3,912, appear+dwell 1,628 (26.5%)
2025-11-15: 5,099 DEP, matched 3,572, appear+dwell 1,518 (29.8%)
2026-01-01: 4,970 DEP, matched 3,266, appear+dwell 1,355 (27.3%)
2026-01-02: 5,386 DEP, matched 3,507, appear+dwell 1,342 (24.9%)
2026-01-03: 4,990 DEP, matched 3,220, appear+dwell 1,320 (26.5%)
2026-01-04: 5,169 DEP, matched 3,319, appear+dwell 1,291 (25.0%)
2026-01-05: 4,894 DEP, matched 3,035, appear+dwell 1,205 (24.6%)
2026-01-06: 4,639 DEP, matched 2,961, appear+dwell 1,232 (26.6%)
2026-01-07: 4,359 DEP, matched 2,721, appear+dwell 1,142 (26.2%)
2026-01-08: 4,963 DEP, matched 3,227, appear+dwell 1,415 (28.5%)
2026-01-09: 5,038 DEP, matched 3,289, appear+dwell 1,423 (28.2%)
2026-01-10: 4,702 DEP, matched 3,001, appear+dwell 1,265 (26.9%)
2026-01-11: 5,202 DEP, matched 3,527, appear+dwell 1,529 (29.4%)
2026-01-12: 4,894 DEP, matched 3,210, appear+dwell 1,327 (27.1%)
2026-01-13: 4,593 DEP, matched 2,894, appear+dwell 1,207 (26.3%)
2026-01-14: 4,759 DEP, matched 3,161, appear+dwell 1,302 (27.4%)
2026-01-15: 5,001 DEP, matched 3,295, appear+dwell 1,365 (27.3%)
2026-01-16: 5,273 DEP, matched 3,594, appear+dwell 1,490 (28.3%)
2026-01-17: 4,639 DEP, matched 3,095, appear+dwell 1,343 (29.0%)
2026-01-18: 5,174 DEP, matched 3,622, appear+dwell 1,426 (27.6%)
2026-01-19: 5,128 DEP, matched 3,480, appear+dwell 1,440 (28.1%)
2026-01-20: 4,637 DEP, matched 3,075, appear+dwell 1,361 (29.4%)
2026-01-21: 4,800 DEP, matched 3,280, appear+dwell 1,461 (30.4%)
2026-01-22: 5,157 DEP, matched 3,620, appear+dwell 1,561 (30.3%)
2026-01-23: 5,370 DEP, matched 3,318, appear+dwell 1,320 (24.6%)
2026-01-24: 4,621 DEP, matched 3,073, appear+dwell 1,343 (29.1%)
2026-01-25: 5,026 DEP, matched 3,523, appear+dwell 1,470 (29.2%)
2026-01-26: 4,941 DEP, matched 3,364, appear+dwell 1,482 (30.0%)
2026-01-27: 4,639 DEP, matched 2,999, appear+dwell 1,213 (26.1%)
2026-01-28: 4,725 DEP, matched 2,940, appear+dwell 1,205 (25.5%)
2026-01-29: 5,044 DEP, matched 3,019, appear+dwell 1,300 (25.8%)
2026-01-30: 5,384 DEP, matched 3,311, appear+dwell 1,333 (24.8%)
2026-01-31: 4,602 DEP, matched 2,707, appear+dwell 1,160 (25.2%)
2026-07-01: 6,062 DEP, matched 3,825, appear+dwell 1,652 (27.3%)
2026-07-02: 6,289 DEP, matched 4,061, appear+dwell 1,904 (30.3%)
2026-07-03: 6,356 DEP, matched 4,102, appear+dwell 1,908 (30.0%)
2026-07-04: 6,005 DEP, matched 3,831, appear+dwell 1,844 (30.7%)
2026-07-05: 6,201 DEP, matched 3,906, appear+dwell 2,070 (33.4%)
2026-07-06: 6,218 DEP, matched 4,177, appear+dwell 2,227 (35.8%)
2026-07-07: 6,048 DEP, matched 4,029, appear+dwell 2,132 (35.3%)
2026-07-08: 6,227 DEP, matched 4,029, appear+dwell 1,957 (31.4%)
2026-07-09: 6,300 DEP, matched 4,035, appear+dwell 2,078 (33.0%)
2026-07-10: 6,372 DEP, matched 3,996, appear+dwell 2,022 (31.7%)
2026-07-11: 6,013 DEP, matched 3,884, appear+dwell 2,002 (33.3%)
2026-07-12: 6,250 DEP, matched 4,023, appear+dwell 2,002 (32.0%)
2026-07-13: 6,253 DEP, matched 3,930, appear+dwell 1,882 (30.1%)
2026-07-14: 6,087 DEP, matched 3,587, appear+dwell 1,729 (28.4%)
2026-07-15: 6,180 DEP, matched 3,575, appear+dwell 1,887 (30.5%)
2026-07-16: 6,226 DEP, matched 3,603, appear+dwell 1,801 (28.9%)
2026-07-17: 6,321 DEP, matched 3,761, appear+dwell 1,891 (29.9%)
2026-07-18: 5,998 DEP, matched 3,548, appear+dwell 1,778 (29.6%)
2026-07-19: 6,205 DEP, matched 3,764, appear+dwell 1,957 (31.5%)
2026-07-20: 6,223 DEP, matched 3,901, appear+dwell 1,880 (30.2%)
2026-07-21: 6,102 DEP, matched 3,841, appear+dwell 1,824 (29.9%)
2026-07-22: 6,237 DEP, matched 3,865, appear+dwell 1,807 (29.0%)
2026-07-23: 6,256 DEP, matched 3,831, appear+dwell 1,882 (30.1%)
2026-07-24: 6,407 DEP, matched 3,824, appear+dwell 1,855 (29.0%)
2026-07-25: 6,022 DEP, matched 3,622, appear+dwell 1,797 (29.8%)
2026-07-26: 6,258 DEP, matched 3,868, appear+dwell 1,934 (30.9%)
2026-07-27: 6,243 DEP, matched 3,669, appear+dwell 1,790 (28.7%)
2026-07-28: 6,082 DEP, matched 3,578, appear+dwell 1,831 (30.1%)
2026-07-29: 6,153 DEP, matched 3,576, appear+dwell 1,828 (29.7%)
2026-07-30: 6,248 DEP, matched 3,626, appear+dwell 1,940 (31.0%)
2026-07-31: 6,280 DEP, matched 3,753, appear+dwell 1,851 (29.5%)
