2025-02-01: 4,730 DEP, matched 1,829, appear+dwell 809 (17.1%)
2025-02-02: 5,173 DEP, matched 2,174, appear+dwell 1,000 (19.3%)
2025-02-03: 5,112 DEP, matched 2,195, appear+dwell 1,032 (20.2%)
2025-02-04: 4,767 DEP, matched 2,149, appear+dwell 1,059 (22.2%)
2025-02-07: 5,418 DEP, matched 2,122, appear+dwell 945 (17.4%)
2025-02-10: 5,218 DEP, matched 2,133, appear+dwell 991 (19.0%)
2025-02-13: 5,232 DEP, matched 1,838, appear+dwell 819 (15.7%)
2025-02-16: 5,402 DEP, matched 2,167, appear+dwell 977 (18.1%)
2025-02-19: 5,121 DEP, matched 2,268, appear+dwell 1,065 (20.8%)
2025-02-22: 4,851 DEP, matched 2,119, appear+dwell 1,002 (20.7%)
2025-02-25: 5,089 DEP, matched 2,134, appear+dwell 1,089 (21.4%)
2025-02-28: 5,102 DEP, matched 1,996, appear+dwell 760 (14.9%)
2025-03-01: 5,081 DEP, matched 2,047, appear+dwell 902 (17.8%)
2025-03-02: 5,397 DEP, matched 2,279, appear+dwell 1,013 (18.8%)
2025-03-03: 5,432 DEP, matched 2,385, appear+dwell 1,069 (19.7%)
2025-03-04: 5,070 DEP, matched 2,402, appear+dwell 1,001 (19.7%)
2025-03-07: 5,620 DEP, matched 2,557, appear+dwell 1,101 (19.6%)
2025-03-10: 4,268 DEP, matched 1,525, appear+dwell 651 (15.3%)
2025-03-13: 5,430 DEP, matched 2,646, appear+dwell 1,096 (20.2%)
2025-03-16: 5,504 DEP, matched 2,687, appear+dwell 1,114 (20.2%)
2025-03-19: 5,292 DEP, matched 2,808, appear+dwell 1,178 (22.3%)
2025-03-22: 5,112 DEP, matched 2,734, appear+dwell 1,167 (22.8%)
2025-03-25: 5,187 DEP, matched 2,659, appear+dwell 1,082 (20.9%)
2025-03-28: 5,775 DEP, matched 2,863, appear+dwell 1,001 (17.3%)
2025-04-01: 5,719 DEP, matched 2,833, appear+dwell 1,182 (20.7%)
2025-04-02: 5,800 DEP, matched 2,981, appear+dwell 1,231 (21.2%)
2025-04-03: 5,863 DEP, matched 2,902, appear+dwell 1,258 (21.5%)
2025-04-04: 5,965 DEP, matched 2,973, appear+dwell 1,212 (20.3%)
2025-04-07: 5,881 DEP, matched 2,863, appear+dwell 975 (16.6%)
2025-04-10: 5,958 DEP, matched 2,877, appear+dwell 1,008 (16.9%)
2025-04-13: 5,829 DEP, matched 2,924, appear+dwell 1,016 (17.4%)
2025-04-16: 5,882 DEP, matched 2,878, appear+dwell 959 (16.3%)
2025-04-19: 5,616 DEP, matched 2,728, appear+dwell 927 (16.5%)
2025-04-22: 5,807 DEP, matched 3,076, appear+dwell 1,328 (22.9%)
2025-04-25: 6,093 DEP, matched 2,655, appear+dwell 891 (14.6%)
2025-04-28: 5,767 DEP, matched 2,365, appear+dwell 844 (14.6%)
2025-05-01: 5,894 DEP, matched 2,832, appear+dwell 1,081 (18.3%)
2025-05-02: 6,004 DEP, matched 3,053, appear+dwell 1,191 (19.8%)
2025-05-03: 5,659 DEP, matched 2,872, appear+dwell 1,162 (20.5%)
2025-05-04: 5,981 DEP, matched 2,742, appear+dwell 969 (16.2%)
2025-05-07: 5,944 DEP, matched 3,120, appear+dwell 1,196 (20.1%)
2025-05-10: 5,710 DEP, matched 2,852, appear+dwell 1,152 (20.2%)
2025-05-13: 5,824 DEP, matched 2,987, appear+dwell 1,161 (19.9%)
2025-05-16: 6,183 DEP, matched 3,022, appear+dwell 1,080 (17.5%)
2025-05-19: 6,036 DEP, matched 3,016, appear+dwell 1,160 (19.2%)
2025-05-22: 6,091 DEP, matched 3,173, appear+dwell 1,192 (19.6%)
2025-05-25: 6,026 DEP, matched 3,508, appear+dwell 1,353 (22.5%)
2025-05-28: 6,051 DEP, matched 3,370, appear+dwell 1,341 (22.2%)
2025-06-01: 6,151 DEP, matched 3,164, appear+dwell 1,450 (23.6%)
2025-06-02: 6,137 DEP, matched 3,006, appear+dwell 1,124 (18.3%)
2025-06-03: 6,075 DEP, matched 3,252, appear+dwell 1,304 (21.5%)
2025-06-04: 6,095 DEP, matched 3,171, appear+dwell 1,341 (22.0%)
2025-06-07: 5,860 DEP, matched 3,062, appear+dwell 1,273 (21.7%)
2025-06-10: 6,115 DEP, matched 3,014, appear+dwell 1,282 (21.0%)
2025-06-13: 6,253 DEP, matched 3,673, appear+dwell 1,579 (25.3%)
2025-06-16: 6,175 DEP, matched 3,283, appear+dwell 1,192 (19.3%)
2025-06-19: 6,166 DEP, matched 3,154, appear+dwell 1,180 (19.1%)
2025-06-22: 6,068 DEP, matched 3,601, appear+dwell 1,610 (26.5%)
2025-06-25: 6,042 DEP, matched 3,645, appear+dwell 1,568 (26.0%)
2025-06-28: 5,907 DEP, matched 2,969, appear+dwell 1,174 (19.9%)
2025-08-01: 6,259 DEP, matched 3,191, appear+dwell 1,392 (22.2%)
2025-08-02: 5,996 DEP, matched 2,965, appear+dwell 1,280 (21.3%)
2025-08-03: 6,203 DEP, matched 2,960, appear+dwell 1,247 (20.1%)
2025-08-04: 6,248 DEP, matched 2,942, appear+dwell 1,249 (20.0%)
2025-08-07: 6,244 DEP, matched 2,974, appear+dwell 1,320 (21.1%)
2025-08-10: 6,189 DEP, matched 498, appear+dwell 208 (3.4%)
2025-08-13: 6,198 DEP, matched 2,816, appear+dwell 1,233 (19.9%)
2025-08-16: 5,945 DEP, matched 2,308, appear+dwell 1,040 (17.5%)
2025-08-19: 6,055 DEP, matched 2,638, appear+dwell 974 (16.1%)
2025-08-22: 6,337 DEP, matched 3,146, appear+dwell 1,251 (19.7%)
2025-08-25: 6,231 DEP, matched 3,011, appear+dwell 1,505 (24.2%)
2025-08-28: 6,214 DEP, matched 2,967, appear+dwell 1,462 (23.5%)
