2025-09-01: 6,316 DEP, matched 2,806, appear+dwell 1,319 (20.9%)
2025-09-02: 6,145 DEP, matched 2,665, appear+dwell 1,318 (21.4%)
2025-09-03: 6,171 DEP, matched 3,127, appear+dwell 1,452 (23.5%)
2025-09-04: 5,862 DEP, matched 3,101, appear+dwell 1,378 (23.5%)
2025-09-07: 6,247 DEP, matched 3,001, appear+dwell 1,297 (20.8%)
2025-09-10: 6,080 DEP, matched 3,062, appear+dwell 1,399 (23.0%)
2025-09-13: 5,915 DEP, matched 3,291, appear+dwell 1,602 (27.1%)
2025-09-15: 6,154 DEP, matched 3,346, appear+dwell 1,570 (25.5%)
2025-09-16: 6,059 DEP, matched 3,155, appear+dwell 1,472 (24.3%)
2025-09-19: 6,384 DEP, matched 3,275, appear+dwell 1,543 (24.2%)
2025-09-22: 6,166 DEP, matched 3,055, appear+dwell 1,480 (24.0%)
2025-09-25: 6,224 DEP, matched 3,035, appear+dwell 1,295 (20.8%)
2025-09-28: 6,186 DEP, matched 3,468, appear+dwell 1,663 (26.9%)
2025-10-01: 6,158 DEP, matched 3,302, appear+dwell 1,601 (26.0%)
2025-10-02: 6,158 DEP, matched 3,057, appear+dwell 1,403 (22.8%)
2025-10-03: 6,165 DEP, matched 3,381, appear+dwell 1,481 (24.0%)
2025-10-07: 6,021 DEP, matched 533, appear+dwell 197 (3.3%)
2025-10-10: 6,262 DEP, matched 3,633, appear+dwell 1,503 (24.0%)
2025-10-13: 6,089 DEP, matched 3,486, appear+dwell 1,577 (25.9%)
2025-10-16: 6,149 DEP, matched 3,379, appear+dwell 1,502 (24.4%)
2025-10-19: 6,156 DEP, matched 3,297, appear+dwell 1,478 (24.0%)
2025-10-22: 6,043 DEP, matched 3,620, appear+dwell 1,710 (28.3%)
2025-10-25: 5,811 DEP, matched 3,544, appear+dwell 1,630 (28.1%)
2025-10-28: 5,389 DEP, matched 3,160, appear+dwell 1,496 (27.8%)
2025-11-01: 5,311 DEP, matched 3,199, appear+dwell 1,496 (28.2%)
2025-11-02: 5,704 DEP, matched 3,257, appear+dwell 1,477 (25.9%)
2025-11-03: 5,661 DEP, matched 3,105, appear+dwell 1,420 (25.1%)
2025-11-04: 5,233 DEP, matched 2,709, appear+dwell 1,364 (26.1%)
2025-11-07: 5,803 DEP, matched 3,428, appear+dwell 1,577 (27.2%)
2025-11-10: 5,616 DEP, matched 2,958, appear+dwell 1,499 (26.7%)
2025-11-13: 5,558 DEP, matched 3,335, appear+dwell 1,569 (28.2%)
2025-11-15: 5,099 DEP, matched 3,264, appear+dwell 1,479 (29.0%)
2025-11-16: 5,596 DEP, matched 3,588, appear+dwell 1,564 (27.9%)
2025-11-19: 5,235 DEP, matched 419, appear+dwell 145 (2.8%)
2025-11-22: 5,022 DEP, matched 549, appear+dwell 234 (4.7%)
2025-11-25: 5,046 DEP, matched 2,989, appear+dwell 1,451 (28.8%)
2025-11-28: 5,574 DEP, matched 3,470, appear+dwell 1,756 (31.5%)
2025-12-01: 5,496 DEP, matched 3,307, appear+dwell 1,564 (28.5%)
2025-12-02: 5,007 DEP, matched 2,857, appear+dwell 1,329 (26.5%)
2025-12-03: 5,225 DEP, matched 3,609, appear+dwell 1,861 (35.6%)
2025-12-04: 5,487 DEP, matched 3,255, appear+dwell 1,579 (28.8%)
2025-12-07: 5,485 DEP, matched 3,165, appear+dwell 1,416 (25.8%)
2025-12-10: 5,333 DEP, matched 1,485, appear+dwell 650 (12.2%)
2025-12-13: 5,075 DEP, matched 2,676, appear+dwell 1,345 (26.5%)
2025-12-16: 5,186 DEP, matched 2,998, appear+dwell 1,504 (29.0%)
2025-12-19: 5,887 DEP, matched 3,498, appear+dwell 1,687 (28.7%)
2025-12-22: 5,642 DEP, matched 3,619, appear+dwell 1,712 (30.3%)
2025-12-25: 4,322 DEP, matched 2,723, appear+dwell 1,410 (32.6%)
2025-12-28: 5,511 DEP, matched 636, appear+dwell 272 (4.9%)
