2025-01-01: 4,788 DEP, matched 1,874, appear+dwell 881 (18.4%)
2025-01-02: 5,354 DEP, matched 1,963, appear+dwell 875 (16.3%)
2025-01-03: 5,498 DEP, matched 2,243, appear+dwell 1,009 (18.4%)
2025-01-04: 5,097 DEP, matched 1,976, appear+dwell 983 (19.3%)
2025-01-05: 5,186 DEP, matched 1,903, appear+dwell 868 (16.7%)
2025-01-06: 5,309 DEP, matched 2,085, appear+dwell 983 (18.5%)
2025-01-07: 4,884 DEP, matched 1,882, appear+dwell 885 (18.1%)
2025-01-08: 4,842 DEP, matched 1,891, appear+dwell 917 (18.9%)
2025-01-09: 4,928 DEP, matched 1,879, appear+dwell 887 (18.0%)
2025-01-10: 5,153 DEP, matched 2,092, appear+dwell 924 (17.9%)
2025-01-11: 4,655 DEP, matched 1,710, appear+dwell 792 (17.0%)
2025-01-12: 5,045 DEP, matched 2,042, appear+dwell 902 (17.9%)
2025-01-13: 4,908 DEP, matched 2,068, appear+dwell 920 (18.7%)
2025-01-14: 4,612 DEP, matched 1,849, appear+dwell 889 (19.3%)
2025-01-15: 4,676 DEP, matched 1,842, appear+dwell 859 (18.4%)
2025-01-16: 4,861 DEP, matched 1,994, appear+dwell 880 (18.1%)
2025-01-17: 5,153 DEP, matched 2,082, appear+dwell 962 (18.7%)
2025-01-18: 4,608 DEP, matched 1,748, appear+dwell 850 (18.4%)
2025-01-19: 5,026 DEP, matched 2,034, appear+dwell 920 (18.3%)
2025-01-20: 5,050 DEP, matched 2,069, appear+dwell 980 (19.4%)
2025-01-21: 4,584 DEP, matched 1,745, appear+dwell 889 (19.4%)
2025-01-22: 4,900 DEP, matched 1,971, appear+dwell 956 (19.5%)
2025-01-23: 5,016 DEP, matched 2,081, appear+dwell 938 (18.7%)
2025-01-24: 5,220 DEP, matched 2,219, appear+dwell 1,034 (19.8%)
2025-01-25: 4,690 DEP, matched 1,857, appear+dwell 940 (20.0%)
2025-01-26: 5,078 DEP, matched 1,927, appear+dwell 917 (18.1%)
2025-01-27: 4,998 DEP, matched 2,058, appear+dwell 994 (19.9%)
2025-01-28: 4,619 DEP, matched 2,034, appear+dwell 987 (21.4%)
2025-01-29: 4,782 DEP, matched 1,966, appear+dwell 984 (20.6%)
2025-01-30: 4,949 DEP, matched 2,056, appear+dwell 948 (19.2%)
2025-01-31: 5,237 DEP, matched 2,147, appear+dwell 973 (18.6%)
2025-07-01: 6,071 DEP, matched 2,805, appear+dwell 1,181 (19.5%)
2025-07-02: 6,134 DEP, matched 2,507, appear+dwell 1,085 (17.7%)
2025-07-03: 5,934 DEP, matched 2,144, appear+dwell 886 (14.9%)
2025-07-04: 5,992 DEP, matched 2,412, appear+dwell 1,013 (16.9%)
2025-07-05: 5,970 DEP, matched 2,439, appear+dwell 961 (16.1%)
2025-07-06: 6,125 DEP, matched 2,434, appear+dwell 916 (15.0%)
2025-07-07: 6,219 DEP, matched 2,588, appear+dwell 995 (16.0%)
2025-07-08: 6,106 DEP, matched 2,470, appear+dwell 947 (15.5%)
2025-07-09: 6,178 DEP, matched 2,685, appear+dwell 1,061 (17.2%)
2025-07-10: 6,313 DEP, matched 2,613, appear+dwell 1,047 (16.6%)
2025-07-11: 6,409 DEP, matched 2,247, appear+dwell 870 (13.6%)
2025-07-12: 5,920 DEP, matched 2,182, appear+dwell 865 (14.6%)
2025-07-13: 6,198 DEP, matched 2,146, appear+dwell 869 (14.0%)
2025-07-14: 6,268 DEP, matched 2,461, appear+dwell 1,023 (16.3%)
2025-07-15: 6,120 DEP, matched 2,213, appear+dwell 894 (14.6%)
2025-07-16: 6,206 DEP, matched 2,599, appear+dwell 1,044 (16.8%)
2025-07-17: 6,280 DEP, matched 2,630, appear+dwell 999 (15.9%)
2025-07-18: 6,418 DEP, matched 2,615, appear+dwell 1,078 (16.8%)
2025-07-19: 5,899 DEP, matched 2,897, appear+dwell 1,283 (21.7%)
2025-07-20: 6,204 DEP, matched 2,476, appear+dwell 1,081 (17.4%)
2025-07-21: 6,182 DEP, matched 3,032, appear+dwell 1,321 (21.4%)
2025-07-22: 6,142 DEP, matched 2,323, appear+dwell 885 (14.4%)
2025-07-23: 6,205 DEP, matched 2,607, appear+dwell 986 (15.9%)
2025-07-24: 6,254 DEP, matched 3,068, appear+dwell 1,279 (20.5%)
2025-07-25: 6,235 DEP, matched 2,847, appear+dwell 1,253 (20.1%)
2025-07-26: 5,990 DEP, matched 2,769, appear+dwell 1,187 (19.8%)
2025-07-27: 6,096 DEP, matched 2,638, appear+dwell 1,195 (19.6%)
2025-07-28: 6,230 DEP, matched 3,168, appear+dwell 1,357 (21.8%)
2025-07-29: 6,091 DEP, matched 3,072, appear+dwell 1,363 (22.4%)
2025-07-30: 6,163 DEP, matched 3,122, appear+dwell 1,371 (22.2%)
2025-07-31: 6,161 DEP, matched 3,261, appear+dwell 1,390 (22.6%)
2025-09-15: 6,154 DEP, matched 3,345, appear+dwell 1,572 (25.5%)
2025-11-15: 5,099 DEP, matched 3,264, appear+dwell 1,479 (29.0%)
2026-01-01: 4,970 DEP, matched 2,801, appear+dwell 1,277 (25.7%)
2026-01-02: 5,386 DEP, matched 2,964, appear+dwell 1,282 (23.8%)
2026-01-03: 4,990 DEP, matched 2,714, appear+dwell 1,245 (24.9%)
2026-01-04: 5,169 DEP, matched 2,825, appear+dwell 1,232 (23.8%)
2026-01-05: 4,894 DEP, matched 2,616, appear+dwell 1,148 (23.5%)
2026-01-06: 4,639 DEP, matched 2,550, appear+dwell 1,175 (25.3%)
2026-01-07: 4,359 DEP, matched 2,311, appear+dwell 1,068 (24.5%)
2026-01-08: 4,963 DEP, matched 2,873, appear+dwell 1,369 (27.6%)
2026-01-09: 5,038 DEP, matched 2,903, appear+dwell 1,352 (26.8%)
2026-01-10: 4,702 DEP, matched 2,600, appear+dwell 1,193 (25.4%)
2026-01-11: 5,202 DEP, matched 3,185, appear+dwell 1,483 (28.5%)
2026-01-12: 4,894 DEP, matched 2,762, appear+dwell 1,255 (25.6%)
2026-01-13: 4,593 DEP, matched 2,529, appear+dwell 1,141 (24.8%)
2026-01-14: 4,759 DEP, matched 2,855, appear+dwell 1,255 (26.4%)
2026-01-15: 5,001 DEP, matched 2,960, appear+dwell 1,300 (26.0%)
2026-01-16: 5,273 DEP, matched 3,223, appear+dwell 1,437 (27.3%)
2026-01-17: 4,639 DEP, matched 2,851, appear+dwell 1,324 (28.5%)
2026-01-18: 5,174 DEP, matched 3,303, appear+dwell 1,400 (27.1%)
2026-01-19: 5,128 DEP, matched 3,214, appear+dwell 1,417 (27.6%)
2026-01-20: 4,637 DEP, matched 2,826, appear+dwell 1,337 (28.8%)
2026-01-21: 4,800 DEP, matched 3,041, appear+dwell 1,436 (29.9%)
2026-01-22: 5,157 DEP, matched 3,381, appear+dwell 1,535 (29.8%)
2026-01-23: 5,370 DEP, matched 3,003, appear+dwell 1,289 (24.0%)
2026-01-24: 4,621 DEP, matched 2,828, appear+dwell 1,313 (28.4%)
2026-01-25: 5,026 DEP, matched 3,212, appear+dwell 1,444 (28.7%)
2026-01-26: 4,941 DEP, matched 3,104, appear+dwell 1,457 (29.5%)
2026-01-27: 4,639 DEP, matched 2,711, appear+dwell 1,166 (25.1%)
2026-01-28: 4,725 DEP, matched 2,469, appear+dwell 1,121 (23.7%)
2026-01-29: 5,044 DEP, matched 2,656, appear+dwell 1,232 (24.4%)
2026-01-30: 5,384 DEP, matched 3,069, appear+dwell 1,305 (24.2%)
2026-01-31: 4,602 DEP, matched 2,356, appear+dwell 1,092 (23.7%)
2026-07-01: 6,062 DEP, matched 3,428, appear+dwell 1,628 (26.9%)
2026-07-02: 6,289 DEP, matched 3,632, appear+dwell 1,871 (29.8%)
2026-07-03: 6,356 DEP, matched 3,707, appear+dwell 1,875 (29.5%)
2026-07-04: 6,005 DEP, matched 3,527, appear+dwell 1,830 (30.5%)
2026-07-05: 6,201 DEP, matched 3,617, appear+dwell 2,058 (33.2%)
2026-07-06: 6,218 DEP, matched 3,911, appear+dwell 2,215 (35.6%)
2026-07-07: 6,048 DEP, matched 3,773, appear+dwell 2,114 (35.0%)
2026-07-08: 6,227 DEP, matched 3,743, appear+dwell 1,941 (31.2%)
2026-07-09: 6,300 DEP, matched 3,734, appear+dwell 2,067 (32.8%)
2026-07-10: 6,372 DEP, matched 3,643, appear+dwell 2,000 (31.4%)
2026-07-11: 6,013 DEP, matched 3,577, appear+dwell 1,983 (33.0%)
2026-07-12: 6,250 DEP, matched 3,665, appear+dwell 1,983 (31.7%)
2026-07-13: 6,253 DEP, matched 3,558, appear+dwell 1,869 (29.9%)
2026-07-14: 6,087 DEP, matched 3,246, appear+dwell 1,713 (28.1%)
2026-07-15: 6,180 DEP, matched 3,212, appear+dwell 1,866 (30.2%)
2026-07-16: 6,226 DEP, matched 3,210, appear+dwell 1,772 (28.5%)
2026-07-17: 6,321 DEP, matched 3,420, appear+dwell 1,874 (29.6%)
2026-07-18: 5,998 DEP, matched 3,199, appear+dwell 1,758 (29.3%)
2026-07-19: 6,205 DEP, matched 3,447, appear+dwell 1,939 (31.2%)
2026-07-20: 6,223 DEP, matched 3,517, appear+dwell 1,853 (29.8%)
2026-07-21: 6,102 DEP, matched 3,507, appear+dwell 1,807 (29.6%)
2026-07-22: 6,237 DEP, matched 3,488, appear+dwell 1,778 (28.5%)
2026-07-23: 6,256 DEP, matched 3,530, appear+dwell 1,870 (29.9%)
2026-07-24: 6,407 DEP, matched 3,429, appear+dwell 1,824 (28.5%)
2026-07-25: 6,022 DEP, matched 3,287, appear+dwell 1,775 (29.5%)
2026-07-26: 6,258 DEP, matched 3,484, appear+dwell 1,914 (30.6%)
2026-07-27: 6,243 DEP, matched 3,362, appear+dwell 1,777 (28.5%)
2026-07-28: 6,082 DEP, matched 3,245, appear+dwell 1,809 (29.7%)
2026-07-29: 6,153 DEP, matched 3,295, appear+dwell 1,814 (29.5%)
2026-07-30: 6,248 DEP, matched 3,349, appear+dwell 1,924 (30.8%)
2026-07-31: 6,280 DEP, matched 3,426, appear+dwell 1,834 (29.2%)
