joined: production n=344,339  baseline n=344,339

==============================================================================
CHECK 2 (DECISIVE) -- baseline residual gradient vs ATFM deciles
resid = taxi - pred (positive = model underpredicted)
==============================================================================

--- PRODUCTION model (mixed, smart-jigsaw_v12) ---

  ADEP regulated-departure share  (n=344,339)
    dec range                   mean_resid       MAE      RMSE         n
    d0  [0.008942, 0.04264]          -13.9     137.4     201.4    34,434
    d1  [0.04264, 0.08136]            -7.1     136.1     269.4    34,434
    d2  [0.08136, 0.1222]             -2.1     138.1     504.2    34,434
    d3  [0.1222, 0.1841]              -4.7     157.0     405.0    34,434
    d4  [0.1841, 0.2888]               1.3     178.1     277.2    34,434
    d5  [0.2888, 0.3748]              -1.8     159.0     295.1    34,434
    d6  [0.3748, 0.4286]             -12.3     146.4     252.8    34,434
    d7  [0.4286, 0.4805]              -4.7     187.1     455.1    34,434
    d8  [0.4805, 0.554]                0.6     172.1     334.1    34,434
    d9  [0.554, 0.7666]               -2.6     149.4     248.1    34,433
    -> mean-resid spread across deciles: 15.2s

  ADES regulated-departure share  (n=231,914)
    dec range                   mean_resid       MAE      RMSE         n
    d0  [0, 0.05263]                  -6.1     124.9     198.3    23,192
    d1  [0.05263, 0.09013]            -3.3     132.7     440.7    23,191
    d2  [0.09013, 0.1311]             -5.4     130.7     207.9    23,192
    d3  [0.1311, 0.1946]              -4.3     140.0     621.8    23,191
    d4  [0.1946, 0.2885]             -10.2     149.4     282.1    23,191
    d5  [0.2885, 0.3711]              -3.3     151.8     262.4    23,192
    d6  [0.3711, 0.4431]              -4.4     154.5     273.8    23,191
    d7  [0.4431, 0.5116]              -3.8     155.5     289.3    23,192
    d8  [0.5116, 0.6087]              -7.4     165.1     336.1    23,191
    d9  [0.6087, 1]                   -7.8     170.2     367.6    23,191
    -> mean-resid spread across deciles: 6.9s

  ADEP arrival ATFM delay min/flight  (n=344,339)
    dec range                   mean_resid       MAE      RMSE         n
    d0  [0, 0]                        -6.6     113.5     166.9    34,434
    d1  [0, 0]                       -23.1     162.3     447.1    34,434
    d2  [0, 0]                       -15.5     134.9     195.8    34,434
    d3  [0, 0]                       -12.9     223.6     499.1    34,434
    d4  [0, 0.2419]                    8.3     173.2     268.0    34,434
    d5  [0.2419, 0.5336]              -3.2     145.2     246.1    34,434
    d6  [0.5336, 1.267]               -6.9     154.4     283.6    34,434
    d7  [1.267, 2.13]                 -0.5     149.3     522.4    34,434
    d8  [2.13, 4.159]                  5.3     150.2     254.6    34,434
    d9  [4.159, 59.81]                 7.6     154.2     271.5    34,433
    -> mean-resid spread across deciles: 31.5s

  ADES arrival ATFM delay min/flight  (n=231,926)
    dec range                   mean_resid       MAE      RMSE         n
    d0  [0, 0]                        -1.1     124.9     186.6    23,193
    d1  [0, 0]                         1.2     107.7     163.3    23,193
    d2  [0, 0]                        -4.0     153.8     732.3    23,192
    d3  [0, 0]                       -11.9     126.8     188.9    23,193
    d4  [0, 0]                        -0.1     128.7     217.0    23,192
    d5  [0, 0]                        -5.8     145.9     225.8    23,193
    d6  [0, 0.1985]                   -1.5     200.8     422.0    23,193
    d7  [0.1985, 1.024]               -4.4     146.9     256.6    23,192
    d8  [1.024, 2.809]               -10.6     154.3     288.1    23,193
    d9  [2.809, 59.81]               -18.0     185.0     400.2    23,192
    -> mean-resid spread across deciles: 19.2s

  ADEP weather share of delay  (n=184,126)
    dec range                   mean_resid       MAE      RMSE         n
    d0  [0, 0]                        -9.3     126.8     209.2    18,413
    d1  [0, 0]                       -16.3     133.2     223.3    18,413
    d2  [0, 0]                        -2.4     125.0     218.4    18,412
    d3  [0, 0]                        -6.4     145.1     216.0    18,413
    d4  [0, 0.2138]                   -1.1     152.1     268.2    18,412
    d5  [0.2138, 0.8359]              -3.3     141.0     229.2    18,413
    d6  [0.8359, 1]                    2.8     165.6     264.0    18,413
    d7  [1, 1]                         7.1     153.6     657.5    18,412
    d8  [1, 1]                        17.3     154.1     269.1    18,413
    d9  [1, 1]                         7.5     202.6     416.2    18,412
    -> mean-resid spread across deciles: 33.6s

  ADEP staffing share of delay  (n=184,126)
    dec range                   mean_resid       MAE      RMSE         n
    d0  [0, 0]                        -9.2     163.5     258.1    18,413
    d1  [0, 0]                         6.2     137.7     233.4    18,413
    d2  [0, 0]                        -7.5     120.7     180.8    18,412
    d3  [0, 0]                        16.5     162.5     674.6    18,413
    d4  [0, 0]                         1.5     154.4     255.6    18,412
    d5  [0, 0]                        -1.1     138.2     262.1    18,413
    d6  [0, 0]                        -2.1     141.7     223.6    18,413
    d7  [0, 0]                        -7.9     149.1     221.7    18,412
    d8  [0, 0]                         4.5     195.2     415.6    18,413
    d9  [0, 1]                        -4.9     136.1     213.0    18,412
    -> mean-resid spread across deciles: 25.7s

--- BASELINE model (direct target) ---

  ADEP regulated-departure share  (n=344,339)
    dec range                   mean_resid       MAE      RMSE         n
    d0  [0.008942, 0.04264]          -14.1     137.1     201.0    34,434
    d1  [0.04264, 0.08136]            -6.5     136.6     325.3    34,434
    d2  [0.08136, 0.1222]             -1.8     137.6     503.7    34,434
    d3  [0.1222, 0.1841]              -4.8     156.9     405.2    34,434
    d4  [0.1841, 0.2888]               1.6     178.2     279.2    34,434
    d5  [0.2888, 0.3748]              -0.8     159.2     304.0    34,434
    d6  [0.3748, 0.4286]             -10.4     147.1     350.3    34,434
    d7  [0.4286, 0.4805]               1.9     190.4     641.1    34,434
    d8  [0.4805, 0.554]                2.1     171.2     329.9    34,434
    d9  [0.554, 0.7666]               -2.6     149.4     248.1    34,433
    -> mean-resid spread across deciles: 16.1s

  ADES regulated-departure share  (n=231,914)
    dec range                   mean_resid       MAE      RMSE         n
    d0  [0, 0.05263]                  -6.4     124.6     197.0    23,192
    d1  [0.05263, 0.09013]            -3.2     132.7     441.1    23,191
    d2  [0.09013, 0.1311]             -5.3     130.5     207.2    23,192
    d3  [0.1311, 0.1946]              -3.2     140.7     659.8    23,191
    d4  [0.1946, 0.2885]              -7.2     151.1     407.4    23,191
    d5  [0.2885, 0.3711]              -2.8     151.2     262.5    23,192
    d6  [0.3711, 0.4431]              -3.9     153.9     271.9    23,191
    d7  [0.4431, 0.5116]              -2.7     155.2     298.7    23,192
    d8  [0.5116, 0.6087]              -5.5     165.2     358.8    23,191
    d9  [0.6087, 1]                   -3.7     172.3     554.4    23,191
    -> mean-resid spread across deciles: 4.6s

  ADEP arrival ATFM delay min/flight  (n=344,339)
    dec range                   mean_resid       MAE      RMSE         n
    d0  [0, 0]                        -6.6     113.5     166.9    34,434
    d1  [0, 0]                       -22.3     162.2     483.7    34,434
    d2  [0, 0]                       -15.5     134.9     195.8    34,434
    d3  [0, 0]                        -4.0     227.1     715.9    34,434
    d4  [0, 0.2419]                    8.3     173.2     268.0    34,434
    d5  [0.2419, 0.5336]              -3.2     145.1     245.7    34,434
    d6  [0.5336, 1.267]               -5.6     154.6     291.7    34,434
    d7  [1.267, 2.13]                  0.4     148.8     519.6    34,434
    d8  [2.13, 4.159]                  5.3     150.2     254.6    34,434
    d9  [4.159, 59.81]                 7.6     154.2     271.5    34,433
    -> mean-resid spread across deciles: 30.6s

  ADES arrival ATFM delay min/flight  (n=231,926)
    dec range                   mean_resid       MAE      RMSE         n
    d0  [0, 0]                        -1.1     124.9     186.6    23,193
    d1  [0, 0]                         1.2     107.7     163.3    23,193
    d2  [0, 0]                        -3.1     154.2     765.2    23,192
    d3  [0, 0]                       -11.9     126.8     188.9    23,193
    d4  [0, 0]                        -0.1     128.7     217.0    23,192
    d5  [0, 0]                        -5.8     145.9     225.8    23,193
    d6  [0, 0.1985]                    6.0     202.6     576.0    23,193
    d7  [0.1985, 1.024]               -3.8     146.9     265.0    23,192
    d8  [1.024, 2.809]                -9.8     153.8     291.8    23,193
    d9  [2.809, 59.81]               -15.4     185.7     527.1    23,192
    -> mean-resid spread across deciles: 21.4s

  ADEP weather share of delay  (n=184,126)
    dec range                   mean_resid       MAE      RMSE         n
    d0  [0, 0]                        -9.3     126.8     209.2    18,413
    d1  [0, 0]                       -16.3     133.2     223.3    18,413
    d2  [0, 0]                        -2.4     125.0     218.4    18,412
    d3  [0, 0]                        -6.4     145.1     216.0    18,413
    d4  [0, 0.2138]                   -0.8     151.7     267.0    18,412
    d5  [0.2138, 0.8359]              -3.3     141.0     229.2    18,413
    d6  [0.8359, 1]                    2.8     165.6     264.0    18,413
    d7  [1, 1]                         7.1     153.6     657.5    18,412
    d8  [1, 1]                        17.4     154.0     268.5    18,413
    d9  [1, 1]                        11.1     202.4     420.8    18,412
    -> mean-resid spread across deciles: 33.7s

  ADEP staffing share of delay  (n=184,126)
    dec range                   mean_resid       MAE      RMSE         n
    d0  [0, 0]                        -9.2     163.5     258.1    18,413
    d1  [0, 0]                         6.2     137.7     233.4    18,413
    d2  [0, 0]                        -7.5     120.7     180.8    18,412
    d3  [0, 0]                        16.6     162.4     674.3    18,413
    d4  [0, 0]                         1.5     154.4     255.6    18,412
    d5  [0, 0]                        -1.1     138.2     262.1    18,413
    d6  [0, 0]                        -2.1     141.7     223.6    18,413
    d7  [0, 0]                        -7.9     149.1     221.7    18,412
    d8  [0, 0]                         8.4     194.7     419.4    18,413
    d9  [0, 1]                        -4.9     136.1     213.0    18,412
    -> mean-resid spread across deciles: 25.8s

==============================================================================
CHECK 3 -- Jan vs Jul data quality (2025 = holdout, 2026 = ranking)
==============================================================================

  --- 2025 ---
    Jan: rows=10,783  airports=373  non-null: reg=0.763 dly=0.763 traffic=1.000
         means: reg_share=0.1165  dly/flt=0.211  traffic=108.6
    Jul: rows=11,147  airports=375  non-null: reg=0.767 dly=0.767 traffic=1.000
         means: reg_share=0.3830  dly/flt=0.515  traffic=155.8

  --- 2026 ---
    Jan: rows=10,915  airports=373  non-null: reg=0.743 dly=0.744 traffic=1.000
         means: reg_share=0.1253  dly/flt=0.295  traffic=109.5
    Jul: rows=11,257  airports=374  non-null: reg=0.761 dly=0.763 traffic=1.000
         means: reg_share=0.3556  dly/flt=0.417  traffic=158.9

==============================================================================
CHECK 4 -- destination join rate + within-(airport,day) ADES variation
==============================================================================

  holdout (Jan+Jul 2025): ADES join rate=0.673   ades_in_panel=0.701  n=344,419

  ranking (Jan+Jul 2026): ADES join rate=0.667   ades_in_panel=0.695  n=344,841

  within-(ADEP, day) variation of ADES-side features (holdout):
    des_atfm_reg_share: median within-day sd=0.1282  overall sd=0.2132  ratio=0.60  (620 airport-days)
    des_atfm_dly_min_per_flight: median within-day sd=2.1586  overall sd=3.0690  ratio=0.70  (620 airport-days)

==============================================================================
CHECK 5 (STRUCTURAL) -- where does taxi variance actually live?
==============================================================================

  total taxi variance:                470,694
  between (airport, day) cells:       53,515  (11.4%)
  within  (airport, day) cells:       417,179  (88.6%)

  A day-level feature can only address the BETWEEN component.

  production RESIDUAL variance:       113,927
  between (airport, day) cells:       1,600  (1.4%)   <- the actual addressable ceiling
  within  (airport, day) cells:       112,327  (98.6%)

  Perfectly explaining the between-day residual component would cut
  RMSE by at most ~2.4s (from 337.5 to 335.2).

==============================================================================
REFRAME -- is the feature working on the minority it should affect?
==============================================================================

  production-model RMSE on high- vs low-regulation slices:
    ADEP regulated share         top decile (>=0.554): rmse=  247.6 n=34,641   |   rest: rmse=  346.2 n=309,698
    ADES regulated share         top decile (>=0.6087): rmse=  367.5 n=23,204   |   rest: rmse=  347.0 n=208,710
    ADEP delay min/flight        top decile (>=4.159): rmse=  271.3 n=34,575   |   rest: rmse=  344.2 n=309,764
