OOF rows (label <= 5 h): 1,740,568; months ['2025-02', '2025-03', '2025-04', '2025-05', '2025-06', '2025-08', '2025-09', '2025-10', '2025-11', '2025-12']; NNLS w [0.387 0.612]

== even -> odd: eval rows 695,911, residual RMS 216.01
  sr             216.01 -> 216.41 (+0.18%)
  srh            216.01 -> 216.72 (+0.33%)
  os             216.01 -> 216.62 (+0.28%)
  rh             216.01 -> 216.49 (+0.22%)
  sr+srh+os+rh   216.01 -> 217.92 (+0.88%)
    LIRF: 390.35 -> 392.95
    LTFM: 216.91 -> 220.55
    LFPG: 241.61 -> 243.84

== odd -> even: eval rows 1,044,657, residual RMS 239.53
  sr             239.53 -> 239.79 (+0.11%)
  srh            239.53 -> 240.07 (+0.23%)
  os             239.53 -> 240.03 (+0.21%)
  rh             239.53 -> 239.76 (+0.09%)
  sr+srh+os+rh   239.53 -> 240.94 (+0.59%)
    LIRF: 456.16 -> 457.62
    LTFM: 311.63 -> 312.68
    LFPG: 236.96 -> 239.45

STAGE A DECISION: FAIL -> stop
