non-LIRF rows, by offset bin x NM-unmatched: share of ALL-airport SSE, label mix, v21 bias
shape: (12, 9)
| obin   | nmu   | n      | sse_share | ... | p_normal | taxi_mean | pred_mean | rmse     |
| ---    | ---   | ---    | ---       |     | ---      | ---       | ---       | ---      |
| enum   | bool  | u32    | f64       |     | f64      | f64       | f64       | f64      |
|--------|-------|--------|-----------|-----|----------|-----------|-----------|----------|
| <30m   | false | 191072 | 0.109     | ... | 1.000    | 881.897   | 894.330   | 145.385  |
| <30m   | true  | 879    | 0.192     | ... | 0.998    | 775.158   | 706.021   | 2839.084 |
| 30-60  | false | 87440  | 0.138     | ... | 0.983    | 1133.464  | 1142.030  | 241.505  |
| 30-60  | true  | 194    | 0.090     | ... | 0.943    | 1405.005  | 946.854   | 4132.313 |
| 60-90  | false | 20923  | 0.063     | ... | 0.943    | 1226.734  | 1224.725  | 334.294  |
| 60-90  | true  | 1154   | 0.004     | ... | 0.993    | 910.058   | 907.448   | 353.784  |
| 90-120 | false | 6523   | 0.026     | ... | 0.933    | 1235.902  | 1225.110  | 385.775  |
| 90-120 | true  | 1458   | 0.010     | ... | 0.981    | 1168.106  | 1056.085  | 492.178  |
| 2-3h   | false | 4456   | 0.025     | ... | 0.954    | 1199.261  | 1179.006  | 454.025  |
| 2-3h   | true  | 941    | 0.027     | ... | 0.930    | 1344.905  | 1110.173  | 1028.848 |
| 3h+    | false | 2471   | 0.016     | ... | 0.970    | 1127.126  | 1111.444  | 481.687  |
| 3h+    | true  | 300    | 0.002     | ... | 0.947    | 1216.203  | 1128.440  | 512.112  |

offset>1h, per airport x nmu:
shape: (18, 7)
| ADEP_mvt | nmu   | n    | sse_share | p_waited | taxi_mean | pred_mean |
| ---      | ---   | ---  | ---       | ---      | ---       | ---       |
| str      | bool  | u32  | f64       | f64      | f64       | f64       |
|----------|-------|------|-----------|----------|-----------|-----------|
| EDDF     | false | 3663 | 0.011     | 0.012    | 1081.750  | 1077.535  |
| EDDF     | true  | 558  | 0.002     | 0.002    | 1018.805  | 968.923   |
| EDDM     | false | 1932 | 0.004     | 0.026    | 1097.273  | 1065.754  |
| EDDM     | true  | 229  | 0.002     | 0.004    | 1024.424  | 905.087   |
| EGLL     | false | 5042 | 0.029     | 0.076    | 1732.617  | 1740.458  |
| EGLL     | true  | 465  | 0.018     | 0.028    | 1705.802  | 1393.028  |
| EHAM     | false | 5049 | 0.010     | 0.014    | 949.929   | 944.725   |
| EHAM     | true  | 540  | 0.002     | 0.000    | 956.980   | 888.906   |
| LEBL     | false | 3494 | 0.008     | 0.007    | 1106.079  | 1090.780  |
| LEBL     | true  | 471  | 0.001     | 0.000    | 1080.066  | 1062.974  |
| LEMD     | false | 3598 | 0.007     | 0.005    | 1140.970  | 1159.323  |
| LEMD     | true  | 308  | 0.001     | 0.000    | 1150.136  | 1080.101  |
| LFPG     | false | 5840 | 0.034     | 0.048    | 1334.521  | 1333.086  |
| LFPG     | true  | 822  | 0.006     | 0.001    | 1141.675  | 1035.614  |
| LSZH     | false | 1866 | 0.006     | 0.011    | 932.362   | 914.204   |
| LSZH     | true  | 275  | 0.005     | 0.011    | 827.509   | 732.636   |
| LTFM     | false | 3889 | 0.021     | 0.031    | 1218.850  | 1180.619  |
| LTFM     | true  | 185  | 0.005     | 0.049    | 1306.459  | 1126.478  |

Jan vs Jul stability of p_waited, offset>1h:
shape: (4, 4)
| ym      | nmu   | len   | p_waited |
| ---     | ---   | ---   | ---      |
| str     | bool  | u32   | f64      |
|---------|-------|-------|----------|
| 2025-01 | false | 12424 | 0.045    |
| 2025-01 | true  | 913   | 0.007    |
| 2025-07 | false | 21949 | 0.021    |
| 2025-07 | true  | 2940  | 0.007    |
all non-LIRF: v21 285.53 -> cell-bias shift 286.03
trimmed: v21 222.49 -> cell-bias shift 223.13
