holdout rows 344,339; v21 cross-fit RMSE 327.52
trimmed (labels <= 5 h, 31 rows out) RMSE 263.30
shape: (10, 7)
| ADEP_mvt | n     | sse_share | rmse    | bias    | taxi_p50 | bias_share |
| ---      | ---   | ---       | ---     | ---     | ---      | ---        |
| str      | u32   | f64       | f64     | f64     | f64      | f64        |
|----------|-------|-----------|---------|---------|----------|------------|
| LFPG     | 39590 | 0.353     | 573.576 | -16.770 | 954.000  | 0.000      |
| LIRF     | 26528 | 0.299     | 644.731 | -2.635  | 1069.000 | 0.000      |
| LTFM     | 46539 | 0.089     | 265.416 | 7.353   | 971.000  | 0.000      |
| EGLL     | 40210 | 0.088     | 283.935 | -26.101 | 1317.000 | 0.001      |
| LEBL     | 28985 | 0.035     | 209.924 | -0.361  | 897.000  | 0.000      |
| EHAM     | 40949 | 0.034     | 175.032 | 9.198   | 739.000  | 0.000      |
| EDDF     | 36830 | 0.033     | 183.225 | -16.530 | 833.000  | 0.000      |
| LEMD     | 35328 | 0.031     | 178.741 | -23.917 | 978.000  | 0.001      |
| LSZH     | 22289 | 0.024     | 197.347 | -3.774  | 715.000  | 0.000      |
| EDDM     | 27091 | 0.016     | 148.794 | 8.227   | 775.000  | 0.000      |

trimmed SSE share by airport:
shape: (10, 7)
| ADEP_mvt | n     | sse_share | rmse    | bias    | taxi_p50 | bias_share |
| ---      | ---   | ---       | ---     | ---     | ---      | ---        |
| str      | u32   | f64       | f64     | f64     | f64      | f64        |
|----------|-------|-----------|---------|---------|----------|------------|
| LIRF     | 26499 | 0.341     | 554.204 | -8.334  | 1068.000 | 0.000      |
| LTFM     | 46539 | 0.137     | 265.416 | 7.353   | 971.000  | 0.000      |
| EGLL     | 40210 | 0.136     | 283.935 | -26.101 | 1317.000 | 0.001      |
| LFPG     | 39588 | 0.119     | 268.150 | -20.314 | 954.000  | 0.001      |
| LEBL     | 28985 | 0.054     | 209.924 | -0.361  | 897.000  | 0.000      |
| EHAM     | 40949 | 0.053     | 175.032 | 9.198   | 739.000  | 0.000      |
| EDDF     | 36830 | 0.052     | 183.225 | -16.530 | 833.000  | 0.000      |
| LEMD     | 35328 | 0.047     | 178.741 | -23.917 | 978.000  | 0.001      |
| LSZH     | 22289 | 0.036     | 197.347 | -3.774  | 715.000  | 0.000      |
| EDDM     | 27091 | 0.025     | 148.794 | 8.227   | 775.000  | 0.000      |

==============================================================================
LTFM: n=46,539  RMSE=265.4  share of all-airport SSE=0.089  taxi sd=402
  2025-01: n=21,368  RMSE=227.4  bias=-38.6
  2025-07: n=25,171  RMSE=293.9  bias=+46.3
  top-k SSE share / RMSE without them: {1: (np.float64(0.013), 263.7), 2: (np.float64(0.021), 262.6), 10: (np.float64(0.071), 255.9), 100: (np.float64(0.179), 240.8), 1000: (np.float64(0.43), 202.7)}
  rows with |r| > 1800 s: 57 carry 0.144 of SSE

  by tbin:
shape: (7, 7)
| tbin  | n     | sse_share | rmse     | bias     | taxi_p50 | bias_share |
| ---   | ---   | ---       | ---      | ---      | ---      | ---        |
| enum  | u32   | f64       | f64      | f64      | f64      | f64        |
|-------|-------|-----------|----------|----------|----------|------------|
| 30-60 | 2242  | 0.329     | 693.236  | 524.738  | 2098.000 | 0.188      |
| 20-30 | 10529 | 0.227     | 265.759  | 118.375  | 1380.000 | 0.045      |
| 15-20 | 16142 | 0.158     | 179.136  | -23.114  | 1023.000 | 0.003      |
| 10-15 | 15364 | 0.141     | 173.293  | -95.143  | 780.000  | 0.042      |
| 60m+  | 40    | 0.116     | 3084.907 | 2781.876 | 4326.000 | 0.094      |
| 5-10  | 2186  | 0.029     | 207.414  | -159.412 | 543.000  | 0.017      |
| <5m   | 36    | 0.001     | 302.402  | -237.633 | 247.000  | 0.001      |

  by echo:
shape: (2, 7)
| echo  | n     | sse_share | rmse    | bias   | taxi_p50 | bias_share |
| ---   | ---   | ---       | ---     | ---    | ---      | ---        |
| bool  | u32   | f64       | f64     | f64    | f64      | f64        |
|-------|-------|-----------|---------|--------|----------|------------|
| false | 46353 | 0.997     | 265.533 | 7.217  | 971.000  | 0.001      |
| true  | 186   | 0.003     | 234.581 | 41.173 | 960.000  | 0.000      |

  by nmu:
shape: (2, 7)
| nmu   | n     | sse_share | rmse    | bias   | taxi_p50 | bias_share |
| ---   | ---   | ---       | ---     | ---    | ---      | ---        |
| bool  | u32   | f64       | f64     | f64    | f64      | f64        |
|-------|-------|-----------|---------|--------|----------|------------|
| false | 45882 | 0.920     | 256.360 | 6.101  | 971.000  | 0.001      |
| true  | 657   | 0.080     | 632.789 | 94.758 | 1012.000 | 0.002      |

  by has_adsb:
shape: (1, 7)
| has_adsb | n     | sse_share | rmse    | bias  | taxi_p50 | bias_share |
| ---      | ---   | ---       | ---     | ---   | ---      | ---        |
| bool     | u32   | f64       | f64     | f64   | f64      | f64        |
|----------|-------|-----------|---------|-------|----------|------------|
| false    | 46539 | 1.000     | 265.416 | 7.353 | 971.000  | 0.001      |

  by RUNWAY_mvt:
shape: (9, 7)
| RUNWAY_mvt | n     | sse_share | rmse    | bias     | taxi_p50 | bias_share |
| ---        | ---   | ---       | ---     | ---      | ---      | ---        |
| str        | u32   | f64       | f64     | f64      | f64      | f64        |
|------------|-------|-----------|---------|----------|----------|------------|
| 35L        | 14071 | 0.479     | 334.142 | 26.944   | 1027.000 | 0.003      |
| 36         | 20674 | 0.313     | 222.829 | 19.289   | 897.000  | 0.002      |
| 17R        | 4019  | 0.100     | 284.945 | -38.735  | 1272.000 | 0.002      |
| 18         | 6104  | 0.074     | 199.126 | -37.593  | 1012.000 | 0.003      |
| 34L        | 1165  | 0.023     | 256.706 | -37.175  | 1325.000 | 0.000      |
| 35R        | 267   | 0.006     | 264.085 | -12.732  | 971.000  | 0.000      |
| 17L        | 189   | 0.004     | 268.985 | -13.680  | 1264.000 | 0.000      |
| 16R        | 46    | 0.001     | 266.682 | -8.698   | 1749.500 | 0.000      |
| 34R        | 4     | 0.000     | 236.777 | -220.202 | 1202.000 | 0.000      |

  by hour:
shape: (24, 7)
| hour | n    | sse_share | rmse    | bias    | taxi_p50 | bias_share |
| ---  | ---  | ---       | ---     | ---     | ---      | ---        |
| i8   | u32  | f64       | f64     | f64     | f64      | f64        |
|------|------|-----------|---------|---------|----------|------------|
| 14   | 2221 | 0.092     | 369.060 | 59.898  | 963.000  | 0.002      |
| 5    | 3739 | 0.077     | 259.710 | -2.040  | 1075.000 | 0.000      |
| 16   | 2803 | 0.070     | 287.051 | 30.303  | 1072.000 | 0.001      |
| 13   | 2930 | 0.063     | 265.899 | 25.533  | 1129.000 | 0.001      |
| 11   | 2891 | 0.063     | 266.767 | -4.564  | 1018.000 | 0.000      |
| 9    | 2315 | 0.060     | 292.582 | 19.082  | 959.000  | 0.000      |
| 17   | 2532 | 0.059     | 276.203 | 17.070  | 963.000  | 0.000      |
| 6    | 2253 | 0.058     | 289.774 | -22.587 | 1070.000 | 0.000      |
| 12   | 2836 | 0.056     | 253.876 | -16.407 | 1024.000 | 0.000      |
| 15   | 2349 | 0.051     | 267.774 | 0.830   | 905.000  | 0.000      |
| 23   | 2197 | 0.049     | 269.048 | 3.188   | 1134.000 | 0.000      |
| 4    | 2567 | 0.046     | 241.481 | 38.324  | 963.000  | 0.001      |
| 8    | 1436 | 0.038     | 294.601 | -15.565 | 903.000  | 0.000      |
| 7    | 1334 | 0.038     | 304.428 | 8.365   | 960.000  | 0.000      |
| 18   | 2290 | 0.037     | 230.444 | 0.216   | 958.000  | 0.000      |
| 10   | 2427 | 0.032     | 208.520 | -11.777 | 952.000  | 0.000      |
| 19   | 1611 | 0.025     | 225.557 | 4.222   | 1012.000 | 0.000      |
| 22   | 1789 | 0.018     | 180.320 | -6.305  | 909.000  | 0.000      |
| 0    | 520  | 0.017     | 328.497 | 1.037   | 899.000  | 0.000      |
| 20   | 656  | 0.014     | 266.597 | -21.686 | 908.000  | 0.000      |
| 3    | 1255 | 0.012     | 180.687 | 22.335  | 841.000  | 0.000      |
| 2    | 404  | 0.009     | 277.396 | -5.522  | 950.000  | 0.000      |
| 1    | 549  | 0.008     | 218.607 | 7.927   | 911.000  | 0.000      |
| 21   | 635  | 0.007     | 189.860 | 0.349   | 842.000  | 0.000      |

  by AIRCRAFT_OPERATOR_flt:
shape: (10, 7)
| AIRCRAFT_OPERATOR_flt             | n     | sse_share | rmse    | bias   | taxi_p50 | bias_share |
| ---                               | ---   | ---       | ---     | ---    | ---      | ---        |
| str                               | u32   | f64       | f64     | f64    | f64      | f64        |
|-----------------------------------|-------|-----------|---------|--------|----------|------------|
| 95828822709b52d2167a5400012d39... | 35065 | 0.691     | 254.203 | 4.499  | 1009.000 | 0.000      |
| null                              | 657   | 0.080     | 632.789 | 94.758 | 1012.000 | 0.002      |
| f3270be89c31fcfa9d66b4bace5a2f... | 1194  | 0.027     | 273.227 | 11.418 | 893.000  | 0.000      |
| 0399c3ac67adce677a3983dbfb9c12... | 395   | 0.010     | 285.371 | 35.555 | 1191.000 | 0.000      |
| 46ab1de82c0aaae87139115abe2bf5... | 348   | 0.007     | 259.630 | 12.202 | 839.500  | 0.000      |
| 6af09c9ae9bf66782e3e288e8f0a23... | 304   | 0.006     | 254.935 | 33.072 | 908.500  | 0.000      |
| 61db57933594348b1ff44f5f91fbb2... | 186   | 0.006     | 316.171 | 25.434 | 1262.500 | 0.000      |
| a0acbaa27f3def4904a71b9de26e80... | 254   | 0.006     | 268.465 | 16.619 | 1027.500 | 0.000      |
| 1e218b1a730a8fe295a6547b48d215... | 219   | 0.006     | 287.188 | 34.626 | 910.000  | 0.000      |
| d25c8ec0b441388b9919e3d0b609cf... | 232   | 0.005     | 278.113 | 4.701  | 1074.000 | 0.000      |

  by WK_TBL_CAT_flt:
shape: (5, 7)
| WK_TBL_CAT_flt | n     | sse_share | rmse    | bias    | taxi_p50 | bias_share |
| ---            | ---   | ---       | ---     | ---     | ---      | ---        |
| str            | u32   | f64       | f64     | f64     | f64      | f64        |
|----------------|-------|-----------|---------|---------|----------|------------|
| M              | 33642 | 0.599     | 241.639 | 5.009   | 964.000  | 0.000      |
| H              | 12160 | 0.318     | 292.756 | 9.058   | 1029.000 | 0.000      |
| null           | 657   | 0.080     | 632.789 | 94.758  | 1012.000 | 0.002      |
| J              | 62    | 0.002     | 328.284 | -19.848 | 1498.000 | 0.000      |
| L              | 18    | 0.001     | 348.689 | 138.623 | 756.500  | 0.000      |

  by MARKET_SEGMENT_flt:
shape: (9, 7)
| MARKET_SEGMENT_flt | n     | sse_share | rmse    | bias    | taxi_p50 | bias_share |
| ---                | ---   | ---       | ---     | ---     | ---      | ---        |
| str                | u32   | f64       | f64     | f64     | f64      | f64        |
|--------------------|-------|-----------|---------|---------|----------|------------|
| Mainline           | 40733 | 0.799     | 253.605 | 4.715   | 1013.000 | 0.000      |
| null               | 657   | 0.080     | 632.789 | 94.758  | 1012.000 | 0.002      |
| Cargo              | 1828  | 0.051     | 301.965 | 28.925  | 783.500  | 0.000      |
| Lowcost            | 1385  | 0.026     | 246.470 | 8.333   | 964.000  | 0.000      |
| Regional           | 854   | 0.018     | 265.472 | 20.693  | 949.000  | 0.000      |
| Non-Scheduled      | 441   | 0.012     | 295.441 | 15.523  | 903.000  | 0.000      |
| Business           | 425   | 0.010     | 277.876 | 12.128  | 590.000  | 0.000      |
| Other              | 210   | 0.004     | 246.666 | -27.871 | 899.000  | 0.000      |
| Military           | 6     | 0.000     | 301.344 | -56.507 | 544.500  | 0.000      |

  by day:
shape: (10, 7)
| day        | n   | sse_share | rmse    | bias    | taxi_p50 | bias_share |
| ---        | --- | ---       | ---     | ---     | ---      | ---        |
| date       | u32 | f64       | f64     | f64     | f64      | f64        |
|------------|-----|-----------|---------|---------|----------|------------|
| 2025-07-26 | 825 | 0.087     | 588.775 | 142.184 | 1014.000 | 0.005      |
| 2025-07-21 | 838 | 0.053     | 455.677 | 114.467 | 1230.500 | 0.003      |
| 2025-07-13 | 822 | 0.045     | 422.351 | 161.876 | 1088.000 | 0.007      |
| 2025-07-23 | 816 | 0.034     | 371.671 | 106.899 | 1083.500 | 0.003      |
| 2025-07-25 | 840 | 0.034     | 364.015 | 79.154  | 1078.000 | 0.002      |
| 2025-01-04 | 717 | 0.028     | 360.175 | -18.654 | 951.000  | 0.000      |
| 2025-07-24 | 816 | 0.025     | 315.633 | 43.583  | 1021.000 | 0.000      |
| 2025-07-09 | 792 | 0.024     | 313.376 | 86.998  | 1190.500 | 0.002      |
| 2025-07-22 | 817 | 0.023     | 301.629 | 78.592  | 1251.000 | 0.002      |
| 2025-07-07 | 802 | 0.022     | 300.322 | 70.428  | 1030.000 | 0.001      |

  by stand prefix:
shape: (12, 7)
| stand_grp | n     | sse_share | rmse    | bias   | taxi_p50 | bias_share |
| ---       | ---   | ---       | ---     | ---    | ---      | ---        |
| str       | u32   | f64       | f64     | f64    | f64      | f64        |
|-----------|-------|-----------|---------|--------|----------|------------|
| B         | 8195  | 0.231     | 304.209 | 8.725  | 1090.000 | 0.000      |
| F         | 10079 | 0.174     | 237.718 | 6.694  | 911.000  | 0.000      |
| D         | 5315  | 0.128     | 280.669 | 2.944  | 1080.000 | 0.000      |
| A         | 4859  | 0.111     | 274.197 | -2.912 | 1092.000 | 0.000      |
| G         | 7393  | 0.093     | 202.903 | 9.004  | 842.000  | 0.000      |
| 1         | 2649  | 0.083     | 320.060 | 17.065 | 967.000  | 0.000      |
| K         | 2030  | 0.057     | 303.831 | 23.755 | 783.000  | 0.000      |
| 2         | 1183  | 0.034     | 308.087 | 8.445  | 1074.000 | 0.000      |
| E         | 1835  | 0.031     | 236.453 | 6.218  | 969.000  | 0.000      |
| C         | 1548  | 0.029     | 246.042 | -2.826 | 1087.500 | 0.000      |
| 3         | 971   | 0.018     | 247.044 | 22.364 | 891.000  | 0.000      |
| H         | 428   | 0.010     | 271.714 | 3.928  | 593.500  | 0.000      |

  top 15 rows by squared error:
shape: (15, 14)
| MVT_ID_mvt | day        | hour | taxi     | pred     | offset | echo  | nmu   | aobt3_taxi | AIRCRAFT_OPERATOR_flt             | AIRCRAFT_TYPE_mvt | STAND_mvt | RUNWAY_mvt | adsb_tier |
| ---        | ---        | ---  | ---      | ---      | ---    | ---   | ---   | ---        | ---                               | ---               | ---       | ---        | ---       |
| i64        | date       | i8   | f64      | f64      | i64    | bool  | bool  | i64        | str                               | str               | str       | str        | str       |
|------------|------------|------|----------|----------|--------|-------|-------|------------|-----------------------------------|-------------------|-----------|------------|-----------|
| 182773636  | 2025-01-01 | 8    | 7374.000 | 934.000  | 7977   | false | true  | null       | null                              | A321              | 144L      | 35L        | null      |
| 192409267  | 2025-07-26 | 14   | 6908.000 | 1569.000 | 8584   | false | false | 1204       | 95828822709b52d2167a5400012d39... | A21N              | B18L      | 35L        | null      |
| 192409834  | 2025-07-26 | 15   | 6473.000 | 1136.000 | 6836   | false | true  | null       | null                              | B38M              | B9R       | 35L        | null      |
| 192408863  | 2025-07-25 | 11   | 6302.000 | 980.000  | 6601   | false | true  | null       | null                              | A319              | G11L      | 36         | null      |
| 192410769  | 2025-07-26 | 14   | 6291.000 | 1560.000 | 7855   | false | false | 1135       | 95828822709b52d2167a5400012d39... | A21N              | F4R       | 35L        | null      |
| 192409272  | 2025-07-26 | 14   | 6848.000 | 2132.000 | 9064   | false | false | 4          | 95828822709b52d2167a5400012d39... | B77W              | 142       | 35L        | null      |
| 192393823  | 2025-07-26 | 15   | 5765.000 | 1164.000 | 8342   | false | true  | null       | null                              | B788              | D6        | 35L        | null      |
| 192410237  | 2025-07-26 | 15   | 5269.000 | 1323.000 | 5094   | false | true  | null       | null                              | A21N              | B9L       | 35L        | null      |
| 192410764  | 2025-07-26 | 14   | 4676.000 | 1246.000 | 8878   | false | false | 1138       | 95828822709b52d2167a5400012d39... | A321              | B5R       | 35L        | null      |
| 192396516  | 2025-07-13 | 17   | 4368.000 | 1015.000 | 4674   | false | true  | null       | null                              | E195              | F7R       | 35L        | null      |
| 192409284  | 2025-07-26 | 13   | 4329.000 | 1155.000 | 4624   | false | true  | null       | null                              | B789              | B15       | 35L        | null      |
| 192413317  | 2025-07-21 | 6    | 4371.000 | 1250.000 | 4495   | false | true  | null       | null                              | A21N              | B2        | 35L        | null      |
| 192394482  | 2025-07-29 | 9    | 5404.000 | 2296.000 | 7082   | false | false | 2          | 77515849b9bfbd7779bc55c6550296... | AT76              | 201       | 35L        | null      |
| 182774231  | 2025-01-04 | 7    | 3960.000 | 1120.000 | 4980   | false | false | 1500       | 95828822709b52d2167a5400012d39... | A333              | B13       | 35L        | null      |
| 192412092  | 2025-07-27 | 11   | 4251.000 | 1437.000 | 4435   | false | false | -5         | 95828822709b52d2167a5400012d39... | A333              | F18       | 36         | null      |

  label - (T - AOBT_3) on NM-matched rows: p5/p50/p95 = [-719. -294.  536.]; |diff| > 600 s: 0.155
  label == offset (echo-like) rows: 186; label > offset + 60: 13723; taxi <= 60: 0

==============================================================================
EGLL: n=40,210  RMSE=283.9  share of all-airport SSE=0.088  taxi sd=499
  2025-01: n=19,420  RMSE=252.2  bias=-63.2
  2025-07: n=20,790  RMSE=310.7  bias=+8.6
  top-k SSE share / RMSE without them: {1: (np.float64(0.029), 279.8), 2: (np.float64(0.052), 276.5), 10: (np.float64(0.147), 262.3), 100: (np.float64(0.342), 230.7), 1000: (np.float64(0.545), 193.9)}
  rows with |r| > 1800 s: 84 carry 0.328 of SSE

  by tbin:
shape: (7, 7)
| tbin  | n     | sse_share | rmse     | bias      | taxi_p50 | bias_share |
| ---   | ---   | ---       | ---      | ---       | ---      | ---        |
| enum  | u32   | f64       | f64      | f64       | f64      | f64        |
|-------|-------|-----------|----------|-----------|----------|------------|
| 60m+  | 240   | 0.344     | 2154.591 | 1325.635  | 4370.500 | 0.130      |
| 20-30 | 20547 | 0.232     | 191.490  | -14.793   | 1435.000 | 0.001      |
| 30-60 | 4548  | 0.215     | 391.402  | 187.876   | 2032.000 | 0.050      |
| 15-20 | 11154 | 0.145     | 205.153  | -114.368  | 1077.000 | 0.045      |
| 10-15 | 3562  | 0.059     | 232.500  | -169.910  | 831.000  | 0.032      |
| 5-10  | 155   | 0.003     | 265.971  | -213.730  | 590.000  | 0.002      |
| <5m   | 4     | 0.001     | 1051.577 | -1043.785 | 22.000   | 0.001      |

  by echo:
shape: (2, 7)
| echo  | n     | sse_share | rmse    | bias    | taxi_p50 | bias_share |
| ---   | ---   | ---       | ---     | ---     | ---      | ---        |
| bool  | u32   | f64       | f64     | f64     | f64      | f64        |
|-------|-------|-----------|---------|---------|----------|------------|
| false | 40075 | 0.997     | 284.030 | -26.192 | 1317.000 | 0.008      |
| true  | 135   | 0.003     | 254.188 | 0.968   | 1260.000 | 0.000      |

  by nmu:
shape: (2, 7)
| nmu   | n     | sse_share | rmse     | bias    | taxi_p50 | bias_share |
| ---   | ---   | ---       | ---      | ---     | ---      | ---        |
| bool  | u32   | f64       | f64      | f64     | f64      | f64        |
|-------|-------|-----------|----------|---------|----------|------------|
| false | 39744 | 0.792     | 254.126  | -30.070 | 1316.000 | 0.011      |
| true  | 466   | 0.208     | 1203.547 | 312.407 | 1434.500 | 0.014      |

  by has_adsb:
shape: (2, 7)
| has_adsb | n     | sse_share | rmse    | bias    | taxi_p50 | bias_share |
| ---      | ---   | ---       | ---     | ---     | ---      | ---        |
| bool     | u32   | f64       | f64     | f64     | f64      | f64        |
|----------|-------|-----------|---------|---------|----------|------------|
| false    | 39166 | 0.995     | 286.931 | -26.232 | 1319.000 | 0.008      |
| true     | 1044  | 0.005     | 128.230 | -21.201 | 1082.000 | 0.000      |

  by RUNWAY_mvt:
shape: (5, 7)
| RUNWAY_mvt | n     | sse_share | rmse     | bias      | taxi_p50 | bias_share |
| ---        | ---   | ---       | ---      | ---       | ---      | ---        |
| str        | u32   | f64       | f64      | f64       | f64      | f64        |
|------------|-------|-----------|----------|-----------|----------|------------|
| 27R        | 17185 | 0.529     | 315.948  | -25.378   | 1327.000 | 0.003      |
| 27L        | 16740 | 0.314     | 246.544  | -21.684   | 1310.000 | 0.002      |
| 09R        | 6263  | 0.156     | 284.393  | -39.637   | 1272.000 | 0.003      |
| 09L        | 21    | 0.000     | 233.544  | -54.957   | 1255.000 | 0.000      |
| NA         | 1     | 0.000     | 1006.782 | -1006.782 | 9.000    | 0.000      |

  by hour:
shape: (20, 7)
| hour | n    | sse_share | rmse    | bias     | taxi_p50 | bias_share |
| ---  | ---  | ---       | ---     | ---      | ---      | ---        |
| i8   | u32  | f64       | f64     | f64      | f64      | f64        |
|------|------|-----------|---------|----------|----------|------------|
| 16   | 2688 | 0.145     | 418.080 | -9.960   | 1435.000 | 0.000      |
| 17   | 2593 | 0.095     | 344.224 | -15.082  | 1325.000 | 0.000      |
| 15   | 2655 | 0.090     | 331.905 | -28.915  | 1443.000 | 0.001      |
| 14   | 2564 | 0.077     | 311.400 | -11.867  | 1438.000 | 0.000      |
| 9    | 2566 | 0.071     | 298.687 | -17.377  | 1382.000 | 0.000      |
| 12   | 2549 | 0.068     | 293.197 | -39.803  | 1330.000 | 0.001      |
| 10   | 2556 | 0.059     | 274.130 | -36.632  | 1329.500 | 0.001      |
| 13   | 2512 | 0.059     | 275.473 | -41.614  | 1329.000 | 0.001      |
| 18   | 2549 | 0.056     | 267.856 | -20.770  | 1253.000 | 0.000      |
| 19   | 2562 | 0.045     | 237.678 | -17.651  | 1326.000 | 0.000      |
| 11   | 2477 | 0.043     | 238.298 | -24.572  | 1327.000 | 0.000      |
| 8    | 2317 | 0.041     | 239.745 | -42.326  | 1205.000 | 0.001      |
| 7    | 2141 | 0.036     | 234.524 | -20.541  | 1141.000 | 0.000      |
| 20   | 2293 | 0.035     | 223.646 | -26.840  | 1262.000 | 0.001      |
| 21   | 1996 | 0.029     | 218.534 | -27.084  | 1318.000 | 0.000      |
| 22   | 1045 | 0.025     | 278.049 | -44.669  | 1257.000 | 0.001      |
| 6    | 1534 | 0.017     | 188.311 | -29.812  | 1023.000 | 0.000      |
| 5    | 536  | 0.005     | 169.136 | -15.300  | 968.000  | 0.000      |
| 23   | 76   | 0.004     | 413.336 | -194.225 | 1128.000 | 0.001      |
| 0    | 1    | 0.000     | 180.077 | -180.077 | 1205.000 | 0.000      |

  by AIRCRAFT_OPERATOR_flt:
shape: (10, 7)
| AIRCRAFT_OPERATOR_flt             | n     | sse_share | rmse     | bias    | taxi_p50 | bias_share |
| ---                               | ---   | ---       | ---      | ---     | ---      | ---        |
| str                               | u32   | f64       | f64      | f64     | f64      | f64        |
|-----------------------------------|-------|-----------|----------|---------|----------|------------|
| 8e92b7d7ac51748efe185c21ae9d67... | 17043 | 0.420     | 282.671  | -26.236 | 1392.000 | 0.004      |
| null                              | 466   | 0.208     | 1203.547 | 312.407 | 1434.500 | 0.014      |
| 062f9ab93f6376b37af4d45e49c858... | 3061  | 0.070     | 271.527  | -21.473 | 1271.000 | 0.000      |
| f4be89221249320a93f44b939eb944... | 1967  | 0.029     | 217.379  | -44.025 | 1327.000 | 0.001      |
| 83219cc531d772269a56a5d60cecba... | 1290  | 0.022     | 233.459  | -34.524 | 1435.000 | 0.000      |
| 2e779833cd63c6740801f421988469... | 1116  | 0.020     | 239.859  | -45.717 | 1263.000 | 0.001      |
| 11dca3faf5500fdddbb17189b5d18b... | 1166  | 0.016     | 210.969  | -35.977 | 1075.500 | 0.000      |
| 813bafd420ebe84b781f8b5a8e9070... | 716   | 0.015     | 263.183  | -37.967 | 1088.000 | 0.000      |
| 944cfcce3c8ae26d7d161d2c9ecaad... | 582   | 0.011     | 245.750  | -32.547 | 1349.500 | 0.000      |
| 1da05e5f087f1d3b2c39971905bc1f... | 496   | 0.011     | 264.726  | -47.171 | 1431.000 | 0.000      |

  by WK_TBL_CAT_flt:
shape: (4, 7)
| WK_TBL_CAT_flt | n     | sse_share | rmse     | bias    | taxi_p50 | bias_share |
| ---            | ---   | ---       | ---      | ---     | ---      | ---        |
| str            | u32   | f64       | f64      | f64     | f64      | f64        |
|----------------|-------|-----------|----------|---------|----------|------------|
| M              | 23983 | 0.500     | 259.910  | -24.936 | 1256.000 | 0.005      |
| H              | 14524 | 0.267     | 243.915  | -36.085 | 1380.000 | 0.006      |
| null           | 466   | 0.208     | 1203.547 | 312.407 | 1434.500 | 0.014      |
| J              | 1237  | 0.025     | 258.170  | -59.001 | 1497.000 | 0.001      |

  by MARKET_SEGMENT_flt:
shape: (7, 7)
| MARKET_SEGMENT_flt | n     | sse_share | rmse     | bias    | taxi_p50 | bias_share |
| ---                | ---   | ---       | ---      | ---     | ---      | ---        |
| str                | u32   | f64       | f64      | f64     | f64      | f64        |
|--------------------|-------|-----------|----------|---------|----------|------------|
| Mainline           | 38091 | 0.768     | 255.716  | -30.768 | 1320.000 | 0.011      |
| null               | 466   | 0.208     | 1203.547 | 312.407 | 1434.500 | 0.014      |
| Lowcost            | 936   | 0.012     | 204.654  | -5.480  | 1134.000 | 0.000      |
| Regional           | 414   | 0.006     | 223.446  | -33.979 | 1022.500 | 0.000      |
| Cargo              | 186   | 0.002     | 197.219  | 6.036   | 1197.000 | 0.000      |
| Other              | 84    | 0.002     | 265.275  | -24.893 | 1319.000 | 0.000      |
| Non-Scheduled      | 33    | 0.001     | 294.273  | -89.857 | 1327.000 | 0.000      |

  by day:
shape: (10, 7)
| day        | n   | sse_share | rmse    | bias     | taxi_p50 | bias_share |
| ---        | --- | ---       | ---     | ---      | ---      | ---        |
| date       | u32 | f64       | f64     | f64      | f64      | f64        |
|------------|-----|-----------|---------|----------|----------|------------|
| 2025-07-30 | 652 | 0.126     | 791.603 | 128.874  | 1447.500 | 0.003      |
| 2025-07-06 | 646 | 0.088     | 663.611 | 79.415   | 1549.500 | 0.001      |
| 2025-07-31 | 682 | 0.049     | 484.151 | 72.262   | 1553.500 | 0.001      |
| 2025-01-11 | 602 | 0.041     | 467.493 | -2.518   | 1508.500 | 0.000      |
| 2025-07-20 | 664 | 0.033     | 402.580 | -2.214   | 1448.500 | 0.000      |
| 2025-01-07 | 628 | 0.027     | 375.048 | -59.736  | 1331.500 | 0.001      |
| 2025-01-09 | 634 | 0.025     | 355.779 | -61.351  | 1330.000 | 0.001      |
| 2025-01-08 | 641 | 0.022     | 337.216 | -101.532 | 1317.000 | 0.002      |
| 2025-07-21 | 680 | 0.022     | 325.620 | 55.957   | 1439.000 | 0.001      |
| 2025-07-03 | 659 | 0.022     | 329.203 | -23.032  | 1266.000 | 0.000      |

  by stand prefix:
shape: (8, 7)
| stand_grp | n     | sse_share | rmse    | bias    | taxi_p50 | bias_share |
| ---       | ---   | ---       | ---     | ---     | ---      | ---        |
| str       | u32   | f64       | f64     | f64     | f64      | f64        |
|-----------|-------|-----------|---------|---------|----------|------------|
| 5         | 18267 | 0.576     | 319.615 | -19.509 | 1392.000 | 0.002      |
| 3         | 8015  | 0.189     | 276.542 | -33.196 | 1326.000 | 0.003      |
| 2         | 9983  | 0.156     | 225.146 | -33.689 | 1133.000 | 0.003      |
| 4         | 3748  | 0.076     | 256.768 | -24.568 | 1312.500 | 0.001      |
| 6         | 194   | 0.003     | 215.024 | 0.541   | 1197.500 | 0.000      |
| null      | 1     | 0.000     | 650.537 | 650.537 | 2462.000 | 0.000      |
| R         | 1     | 0.000     | 320.420 | 320.420 | 1869.000 | 0.000      |
| B         | 1     | 0.000     | 235.995 | 235.995 | 1199.000 | 0.000      |

  top 15 rows by squared error:
shape: (15, 14)
| MVT_ID_mvt | day        | hour | taxi      | pred     | offset | echo  | nmu   | aobt3_taxi | AIRCRAFT_OPERATOR_flt             | AIRCRAFT_TYPE_mvt | STAND_mvt | RUNWAY_mvt | adsb_tier |
| ---        | ---        | ---  | ---       | ---      | ---    | ---   | ---   | ---        | ---                               | ---               | ---       | ---        | ---       |
| i64        | date       | i8   | f64       | f64      | i64    | bool  | bool  | i64        | str                               | str               | str       | str        | str       |
|------------|------------|------|-----------|----------|--------|-------|-------|------------|-----------------------------------|-------------------|-----------|------------|-----------|
| 191483190  | 2025-07-30 | 17   | 11167.000 | 1483.000 | 10563  | false | true  | null       | null                              | A320              | 515       | 27R        | null      |
| 191483171  | 2025-07-30 | 16   | 9901.000  | 1346.000 | 10140  | false | true  | null       | null                              | B788              | 591       | 27R        | null      |
| 191466661  | 2025-07-06 | 17   | 8518.000  | 1470.000 | 10439  | false | true  | null       | null                              | A319              | 512       | 27R        | null      |
| 191483160  | 2025-07-30 | 16   | 8464.000  | 1485.000 | 9062   | false | true  | null       | null                              | B77W              | 566       | 27R        | null      |
| 191466588  | 2025-07-06 | 16   | 8220.000  | 1467.000 | 10080  | false | true  | null       | null                              | A320              | 519       | 27R        | null      |
| 191483166  | 2025-07-30 | 15   | 7264.000  | 1378.000 | 8042   | false | true  | null       | null                              | B772              | 330       | 27R        | null      |
| 191468507  | 2025-07-08 | 18   | 7255.000  | 1405.000 | 8637   | false | true  | null       | null                              | B77W              | 327       | 27L        | null      |
| 191483168  | 2025-07-30 | 15   | 7141.000  | 1390.000 | 7560   | false | true  | null       | null                              | B789              | 243       | 27R        | null      |
| 181983675  | 2025-01-07 | 9    | 10615.000 | 4937.000 | 11097  | false | false | 1317       | 062f9ab93f6376b37af4d45e49c858... | A319              | 527       | 27R        | null      |
| 181985002  | 2025-01-09 | 10   | 10210.000 | 4632.000 | 10745  | false | false | 1325       | 062f9ab93f6376b37af4d45e49c858... | A319              | 527       | 27R        | null      |
| 191483816  | 2025-07-31 | 14   | 6472.000  | 1495.000 | 6836   | false | true  | null       | null                              | A320              | 525       | 27R        | null      |
| 191466919  | 2025-07-06 | 12   | 6241.000  | 1384.000 | 6060   | false | true  | null       | null                              | A21N              | 522       | 27L        | null      |
| 181990595  | 2025-01-11 | 13   | 6126.000  | 1492.000 | 7203   | false | true  | null       | null                              | B78X              | 592       | 09R        | null      |
| 191483151  | 2025-07-30 | 16   | 7442.000  | 3197.000 | 9901   | false | false | 1441       | 813bafd420ebe84b781f8b5a8e9070... | BCS3              | 218L      | 27R        | null      |
| 181990542  | 2025-01-11 | 12   | 5813.000  | 1612.000 | 9176   | false | true  | null       | null                              | A320              | 309       | 09R        | null      |

  label - (T - AOBT_3) on NM-matched rows: p5/p50/p95 = [-594.  -56.  481.]; |diff| > 600 s: 0.079
  label == offset (echo-like) rows: 135; label > offset + 60: 11651; taxi <= 60: 4
