stack weights: {'lgb': np.float64(0.4589), 'catcorr': np.float64(0.5551)}
thin-day rule: 115 days kept, 7 dropped
shape: (7, 5)
| day        | status   | bad_members | points | med        |
| ---        | ---      | ---         | ---    | ---        |
| str        | str      | i64         | i64    | f64        |
|------------|----------|-------------|--------|------------|
| 2025-08-10 | tolerant | 1           | 211018 | 1.572131e6 |
| 2025-10-04 | ok       | 0           | 0      | 1672691.5  |
| 2025-10-07 | tolerant | 1           | 206056 | 1672691.5  |
| 2025-11-19 | tolerant | 1           | 142500 | 1.549465e6 |
| 2025-11-22 | tolerant | 1           | 247284 | 1.549465e6 |
| 2025-12-10 | tolerant | 1           | 671427 | 1586008.5  |
| 2025-12-28 | tolerant | 1           | 251232 | 1586008.5  |
OOF-month ADS-B rows: 660,242 on 115 days (['2025-02', '2025-03', '2025-04', '2025-05', '2025-06', '2025-08', '2025-09', '2025-10', '2025-11', '2025-12']); OOF stack weights [0.564 0.445]
part (a) fit on 927,045 rows, best_iter 694; part (b) fit on 1,004,525 rows, best_iter 1134
rows by part: {'a': 201602, 'b': 135714, 'v27': 7525}
shape: (20, 5)
| ADEP_mvt | part | len   | mean_diff | rms_diff |
| ---      | ---  | ---   | ---       | ---      |
| str      | str  | u32   | f64       | f64      |
|----------|------|-------|-----------|----------|
| EDDF     | a    | 22254 | 0.5       | 46.8     |
| EDDF     | b    | 14063 | -10.6     | 62.7     |
| EDDM     | a    | 25817 | 2.0       | 47.5     |
| EDDM     | b    | 149   | -4.5      | 60.8     |
| EGLL     | a    | 35018 | -21.0     | 51.8     |
| EGLL     | b    | 4822  | -18.0     | 66.0     |
| EHAM     | a    | 38137 | 10.5      | 63.6     |
| EHAM     | b    | 45    | 33.6      | 171.2    |
| LEBL     | a    | 27265 | -4.8      | 39.0     |
| LEBL     | b    | 2815  | -17.0     | 64.1     |
| LEMD     | a    | 27884 | -5.5      | 41.2     |
| LEMD     | b    | 9070  | -21.5     | 52.1     |
| LFPG     | a    | 3942  | -6.9      | 40.7     |
| LFPG     | b    | 35930 | -10.5     | 65.7     |
| LIRF     | b    | 19374 | -11.2     | 144.4    |
| LIRF     | v27  | 7525  | 0.0       | 0.0      |
| LSZH     | a    | 21214 | -4.5      | 49.2     |
| LSZH     | b    | 1936  | -8.5      | 109.0    |
| LTFM     | a    | 71    | -29.9     | 65.5     |
| LTFM     | b    | 47510 | 13.8      | 126.1    |
wrote smart-jigsaw_v29.parquet: RMS diff vs v27 75.3 s
