stack weights: {'lgb': np.float64(0.4589), 'catcorr': np.float64(0.5551)}
thin-day rule: 115 days kept, 7 dropped
shape: (7, 5)
| day        | status   | bad_members | points | med        |
| ---        | ---      | ---         | ---    | ---        |
| str        | str      | i64         | i64    | f64        |
|------------|----------|-------------|--------|------------|
| 2025-08-10 | tolerant | 1           | 211018 | 1.572131e6 |
| 2025-10-04 | ok       | 0           | 0      | 1672691.5  |
| 2025-10-07 | tolerant | 1           | 206056 | 1672691.5  |
| 2025-11-19 | tolerant | 1           | 142500 | 1.549465e6 |
| 2025-11-22 | tolerant | 1           | 247284 | 1.549465e6 |
| 2025-12-10 | tolerant | 1           | 671427 | 1586008.5  |
| 2025-12-28 | tolerant | 1           | 251232 | 1586008.5  |
OOF-month ADS-B rows: 660,242 on 115 days (['2025-02', '2025-03', '2025-04', '2025-05', '2025-06', '2025-08', '2025-09', '2025-10', '2025-11', '2025-12']); OOF stack weights [0.564 0.445]
part (a) fit on 927,045 rows, best_iter 0; part (b) fit on 1,004,525 rows, best_iter 1134
rows by part: {'b': 135714, 'v27': 209127}
shape: (20, 5)
| ADEP_mvt | part | len   | mean_diff | rms_diff |
| ---      | ---  | ---   | ---       | ---      |
| str      | str  | u32   | f64       | f64      |
|----------|------|-------|-----------|----------|
| EDDF     | b    | 14063 | -0.0      | 58.3     |
| EDDF     | v27  | 22254 | 0.0       | 0.0      |
| EDDM     | b    | 149   | -0.0      | 47.1     |
| EDDM     | v27  | 25817 | 0.0       | 0.0      |
| EGLL     | b    | 4822  | 0.0       | 61.3     |
| EGLL     | v27  | 35018 | 0.0       | 0.0      |
| EHAM     | b    | 45    | 0.0       | 67.2     |
| EHAM     | v27  | 38137 | 0.0       | 0.0      |
| LEBL     | b    | 2815  | 0.0       | 56.7     |
| LEBL     | v27  | 27265 | 0.0       | 0.0      |
| LEMD     | b    | 9070  | -0.0      | 45.4     |
| LEMD     | v27  | 27884 | 0.0       | 0.0      |
| LFPG     | b    | 35930 | 0.0       | 60.7     |
| LFPG     | v27  | 3942  | 0.0       | 0.0      |
| LIRF     | b    | 19374 | 0.0       | 139.9    |
| LIRF     | v27  | 7525  | 0.0       | 0.0      |
| LSZH     | b    | 1936  | 0.1       | 96.0     |
| LSZH     | v27  | 21214 | 0.0       | 0.0      |
| LTFM     | b    | 47510 | 0.0       | 117.1    |
| LTFM     | v27  | 71    | 0.0       | 0.0      |
wrote smart-jigsaw_v30.parquet: RMS diff vs v27 60.8 s
