2025-01-01 [adsb-fetch]:   609,164 raw ->   609,118 kept ( 0.0% off-day/duplicate dropped)
2025-01-02 [adsb-fetch]:   675,869 raw ->   675,825 kept ( 0.0% off-day/duplicate dropped)
2025-01-03 [adsb-fetch]:   721,504 raw ->   721,468 kept ( 0.0% off-day/duplicate dropped)
2025-01-04 [adsb-fetch]:   655,379 raw ->   655,347 kept ( 0.0% off-day/duplicate dropped)
2025-01-05 [adsb-fetch]:   775,914 raw ->   775,870 kept ( 0.0% off-day/duplicate dropped)
2025-01-06 [adsb-fetch]:   689,750 raw ->   689,718 kept ( 0.0% off-day/duplicate dropped)
2025-01-07 [adsb-fetch]:   638,468 raw ->   638,427 kept ( 0.0% off-day/duplicate dropped)
2025-01-08 [adsb-fetch]:   680,404 raw ->   680,369 kept ( 0.0% off-day/duplicate dropped)
2025-01-09 [adsb-fetch]:   681,590 raw ->   681,526 kept ( 0.0% off-day/duplicate dropped)
2025-01-10 [adsb-fetch]:   703,611 raw ->   703,580 kept ( 0.0% off-day/duplicate dropped)
2025-01-11 [adsb-fetch]:   615,094 raw ->   615,065 kept ( 0.0% off-day/duplicate dropped)
2025-01-12 [adsb-fetch]:   678,012 raw ->   677,980 kept ( 0.0% off-day/duplicate dropped)
2025-01-13 [adsb-fetch]:   689,476 raw ->   689,437 kept ( 0.0% off-day/duplicate dropped)
2025-01-14 [adsb-fetch]:   649,920 raw ->   649,876 kept ( 0.0% off-day/duplicate dropped)
2025-01-15 [adsb-fetch]:   707,696 raw ->   707,653 kept ( 0.0% off-day/duplicate dropped)
2025-01-16 [adsb-fetch]:   659,953 raw ->   659,905 kept ( 0.0% off-day/duplicate dropped)
2025-01-17 [adsb-fetch]:   684,683 raw ->   684,648 kept ( 0.0% off-day/duplicate dropped)
2025-01-18 [adsb-fetch]:   639,027 raw ->   638,999 kept ( 0.0% off-day/duplicate dropped)
2025-01-19 [adsb-fetch]:   697,093 raw ->   697,061 kept ( 0.0% off-day/duplicate dropped)
2025-01-20 [adsb-fetch]:   701,034 raw ->   700,989 kept ( 0.0% off-day/duplicate dropped)
2025-01-21 [adsb-fetch]:   637,528 raw ->   637,487 kept ( 0.0% off-day/duplicate dropped)
2025-01-22 [adsb-fetch]:   697,151 raw ->   697,105 kept ( 0.0% off-day/duplicate dropped)
2025-01-23 [adsb-fetch]:   711,060 raw ->   711,027 kept ( 0.0% off-day/duplicate dropped)
2025-01-24 [adsb-fetch]:   733,406 raw ->   733,359 kept ( 0.0% off-day/duplicate dropped)
2025-01-25 [adsb-fetch]:   626,779 raw ->   626,741 kept ( 0.0% off-day/duplicate dropped)
2025-01-26 [adsb-fetch]:   704,721 raw ->   704,679 kept ( 0.0% off-day/duplicate dropped)
2025-01-27 [adsb-fetch]:   726,417 raw ->   726,354 kept ( 0.0% off-day/duplicate dropped)
2025-01-28 [adsb-fetch]:   680,072 raw ->   680,003 kept ( 0.0% off-day/duplicate dropped)
2025-01-29 [adsb-fetch]:   692,025 raw ->   691,967 kept ( 0.0% off-day/duplicate dropped)
2025-01-30 [adsb-fetch]:   663,047 raw ->   663,008 kept ( 0.0% off-day/duplicate dropped)
2025-01-31 [adsb-fetch]:   715,566 raw ->   715,530 kept ( 0.0% off-day/duplicate dropped)
2025-02-01 [adsb-restofyear]:   615,276 raw ->   615,244 kept ( 0.0% off-day/duplicate dropped)
2025-02-02 [adsb-restofyear]:   705,688 raw ->   705,650 kept ( 0.0% off-day/duplicate dropped)
2025-02-03 [adsb-restofyear]:   726,325 raw ->   726,287 kept ( 0.0% off-day/duplicate dropped)
2025-02-04 [adsb-restofyear]:   702,182 raw ->   702,135 kept ( 0.0% off-day/duplicate dropped)
2025-02-07 [adsb-restofyear]:   715,077 raw ->   715,036 kept ( 0.0% off-day/duplicate dropped)
2025-02-10 [adsb-restofyear]:   742,356 raw ->   742,324 kept ( 0.0% off-day/duplicate dropped)
2025-02-13 [adsb-restofyear]:   686,847 raw ->   686,821 kept ( 0.0% off-day/duplicate dropped)
2025-02-16 [adsb-restofyear]:   790,260 raw ->   790,216 kept ( 0.0% off-day/duplicate dropped)
2025-02-19 [adsb-restofyear]:   744,055 raw ->   744,006 kept ( 0.0% off-day/duplicate dropped)
2025-02-22 [adsb-restofyear]:   698,144 raw ->   698,119 kept ( 0.0% off-day/duplicate dropped)
2025-02-25 [adsb-restofyear]:   723,965 raw ->   723,932 kept ( 0.0% off-day/duplicate dropped)
2025-02-28 [adsb-restofyear]:   636,192 raw ->   636,177 kept ( 0.0% off-day/duplicate dropped)
2025-03-01 [adsb-restofyear]:   674,846 raw ->   674,812 kept ( 0.0% off-day/duplicate dropped)
2025-03-02 [adsb-restofyear]:   736,853 raw ->   736,834 kept ( 0.0% off-day/duplicate dropped)
2025-03-03 [adsb-restofyear]:   754,661 raw ->   754,629 kept ( 0.0% off-day/duplicate dropped)
2025-03-04 [adsb-restofyear]:   740,322 raw ->   740,275 kept ( 0.0% off-day/duplicate dropped)
2025-03-07 [adsb-restofyear]:   784,741 raw ->   784,712 kept ( 0.0% off-day/duplicate dropped)
2025-03-10 [adsb-restofyear]:   631,018 raw ->   630,973 kept ( 0.0% off-day/duplicate dropped)
2025-03-13 [adsb-restofyear]:   860,539 raw ->   860,455 kept ( 0.0% off-day/duplicate dropped)
2025-03-16 [adsb-restofyear]:   859,840 raw ->   859,762 kept ( 0.0% off-day/duplicate dropped)
2025-03-19 [adsb-restofyear]:   894,656 raw ->   889,153 kept ( 0.6% off-day/duplicate dropped)
2025-03-22 [adsb-restofyear]:   846,759 raw ->   843,371 kept ( 0.4% off-day/duplicate dropped)
2025-03-25 [adsb-restofyear]:   822,238 raw ->   822,152 kept ( 0.0% off-day/duplicate dropped)
2025-03-28 [adsb-restofyear]:   840,166 raw ->   840,093 kept ( 0.0% off-day/duplicate dropped)
2025-04-01 [adsb-restofyear]:   884,340 raw ->   881,972 kept ( 0.3% off-day/duplicate dropped)
2025-04-02 [adsb-restofyear]:   901,310 raw ->   898,996 kept ( 0.3% off-day/duplicate dropped)
2025-04-03 [adsb-restofyear]:   899,700 raw ->   897,053 kept ( 0.3% off-day/duplicate dropped)
2025-04-04 [adsb-restofyear]:   902,735 raw ->   900,019 kept ( 0.3% off-day/duplicate dropped)
2025-04-07 [adsb-restofyear]:   795,859 raw ->   792,850 kept ( 0.4% off-day/duplicate dropped)
2025-04-10 [adsb-restofyear]:   811,167 raw ->   809,812 kept ( 0.2% off-day/duplicate dropped)
2025-04-13 [adsb-restofyear]:   793,399 raw ->   793,341 kept ( 0.0% off-day/duplicate dropped)
2025-04-16 [adsb-restofyear]:   802,022 raw ->   801,949 kept ( 0.0% off-day/duplicate dropped)
2025-04-19 [adsb-restofyear]:   750,336 raw ->   750,229 kept ( 0.0% off-day/duplicate dropped)
2025-04-22 [adsb-restofyear]:   880,658 raw ->   880,600 kept ( 0.0% off-day/duplicate dropped)
2025-04-25 [adsb-restofyear]:   782,603 raw ->   782,543 kept ( 0.0% off-day/duplicate dropped)
2025-04-28 [adsb-restofyear]:   738,657 raw ->   738,620 kept ( 0.0% off-day/duplicate dropped)
2025-05-01 [adsb-restofyear]:   924,133 raw ->   922,478 kept ( 0.2% off-day/duplicate dropped)
2025-05-02 [adsb-restofyear]:   976,007 raw ->   974,904 kept ( 0.1% off-day/duplicate dropped)
2025-05-03 [adsb-restofyear]:   921,344 raw ->   920,441 kept ( 0.1% off-day/duplicate dropped)
2025-05-04 [adsb-restofyear]:   938,089 raw ->   936,350 kept ( 0.2% off-day/duplicate dropped)
2025-05-07 [adsb-restofyear]: 1,020,881 raw -> 1,019,109 kept ( 0.2% off-day/duplicate dropped)
2025-05-10 [adsb-restofyear]:   928,616 raw ->   927,498 kept ( 0.1% off-day/duplicate dropped)
2025-05-13 [adsb-restofyear]:   968,402 raw ->   967,201 kept ( 0.1% off-day/duplicate dropped)
2025-05-16 [adsb-restofyear]: 1,031,447 raw -> 1,030,283 kept ( 0.1% off-day/duplicate dropped)
2025-05-19 [adsb-restofyear]: 1,000,108 raw ->   998,962 kept ( 0.1% off-day/duplicate dropped)
2025-05-22 [adsb-restofyear]: 1,019,841 raw -> 1,017,778 kept ( 0.2% off-day/duplicate dropped)
2025-05-25 [adsb-restofyear]: 1,126,422 raw -> 1,125,491 kept ( 0.1% off-day/duplicate dropped)
2025-05-28 [adsb-restofyear]: 1,141,356 raw -> 1,139,891 kept ( 0.1% off-day/duplicate dropped)
2025-06-01 [adsb-restofyear]: 1,575,700 raw -> 1,573,389 kept ( 0.1% off-day/duplicate dropped)
2025-06-02 [adsb-restofyear]: 1,465,816 raw -> 1,463,687 kept ( 0.1% off-day/duplicate dropped)
2025-06-03 [adsb-restofyear]: 1,498,159 raw -> 1,496,246 kept ( 0.1% off-day/duplicate dropped)
2025-06-04 [adsb-restofyear]: 1,504,889 raw -> 1,502,287 kept ( 0.2% off-day/duplicate dropped)
2025-06-07 [adsb-restofyear]: 1,480,645 raw -> 1,478,540 kept ( 0.1% off-day/duplicate dropped)
2025-06-10 [adsb-restofyear]: 1,474,901 raw -> 1,471,934 kept ( 0.2% off-day/duplicate dropped)
2025-06-13 [adsb-restofyear]: 1,443,140 raw -> 1,443,027 kept ( 0.0% off-day/duplicate dropped)
2025-06-16 [adsb-restofyear]: 1,592,104 raw -> 1,590,996 kept ( 0.1% off-day/duplicate dropped)
2025-06-19 [adsb-restofyear]: 1,561,711 raw -> 1,560,351 kept ( 0.1% off-day/duplicate dropped)
2025-06-22 [adsb-restofyear]: 1,767,957 raw -> 1,767,539 kept ( 0.0% off-day/duplicate dropped)
2025-06-25 [adsb-restofyear]: 1,821,945 raw -> 1,819,639 kept ( 0.1% off-day/duplicate dropped)
2025-06-28 [adsb-restofyear]: 1,528,633 raw -> 1,527,342 kept ( 0.1% off-day/duplicate dropped)
2025-07-01 [adsb-fetch]: 1,507,271 raw -> 1,505,900 kept ( 0.1% off-day/duplicate dropped)
2025-07-02 [adsb-fetch]: 1,471,780 raw -> 1,470,515 kept ( 0.1% off-day/duplicate dropped)
2025-07-03 [adsb-fetch]: 1,350,959 raw -> 1,349,554 kept ( 0.1% off-day/duplicate dropped)
2025-07-04 [adsb-fetch]: 1,384,626 raw -> 1,383,664 kept ( 0.1% off-day/duplicate dropped)
2025-07-05 [adsb-fetch]: 1,359,976 raw -> 1,359,081 kept ( 0.1% off-day/duplicate dropped)
2025-07-06 [adsb-fetch]: 1,389,117 raw -> 1,388,572 kept ( 0.0% off-day/duplicate dropped)
2025-07-07 [adsb-fetch]: 1,473,036 raw -> 1,471,916 kept ( 0.1% off-day/duplicate dropped)
2025-07-08 [adsb-fetch]: 1,455,440 raw -> 1,453,919 kept ( 0.1% off-day/duplicate dropped)
2025-07-09 [adsb-fetch]: 1,462,724 raw -> 1,461,236 kept ( 0.1% off-day/duplicate dropped)
2025-07-10 [adsb-fetch]: 1,456,472 raw -> 1,455,723 kept ( 0.1% off-day/duplicate dropped)
2025-07-11 [adsb-fetch]: 1,385,251 raw -> 1,383,937 kept ( 0.1% off-day/duplicate dropped)
2025-07-12 [adsb-fetch]: 1,301,365 raw -> 1,300,511 kept ( 0.1% off-day/duplicate dropped)
2025-07-13 [adsb-fetch]: 1,405,741 raw -> 1,405,194 kept ( 0.0% off-day/duplicate dropped)
2025-07-14 [adsb-fetch]: 1,453,822 raw -> 1,453,110 kept ( 0.0% off-day/duplicate dropped)
2025-07-15 [adsb-fetch]: 1,437,394 raw -> 1,436,205 kept ( 0.1% off-day/duplicate dropped)
2025-07-16 [adsb-fetch]: 1,499,213 raw -> 1,498,255 kept ( 0.1% off-day/duplicate dropped)
2025-07-17 [adsb-fetch]: 1,444,040 raw -> 1,442,559 kept ( 0.1% off-day/duplicate dropped)
2025-07-18 [adsb-fetch]: 1,492,151 raw -> 1,490,707 kept ( 0.1% off-day/duplicate dropped)
2025-07-19 [adsb-fetch]: 1,493,335 raw -> 1,492,277 kept ( 0.1% off-day/duplicate dropped)
2025-07-20 [adsb-fetch]: 1,468,291 raw -> 1,467,367 kept ( 0.1% off-day/duplicate dropped)
2025-07-21 [adsb-fetch]: 1,570,241 raw -> 1,568,880 kept ( 0.1% off-day/duplicate dropped)
2025-07-22 [adsb-fetch]: 1,435,224 raw -> 1,433,602 kept ( 0.1% off-day/duplicate dropped)
2025-07-23 [adsb-fetch]: 1,448,829 raw -> 1,446,887 kept ( 0.1% off-day/duplicate dropped)
2025-07-24 [adsb-fetch]: 1,567,355 raw -> 1,565,910 kept ( 0.1% off-day/duplicate dropped)
2025-07-25 [adsb-fetch]: 1,535,155 raw -> 1,534,281 kept ( 0.1% off-day/duplicate dropped)
2025-07-26 [adsb-fetch]: 1,469,583 raw -> 1,468,300 kept ( 0.1% off-day/duplicate dropped)
2025-07-27 [adsb-fetch]: 1,479,426 raw -> 1,477,832 kept ( 0.1% off-day/duplicate dropped)
2025-07-28 [adsb-fetch]: 1,701,060 raw -> 1,699,825 kept ( 0.1% off-day/duplicate dropped)
2025-07-29 [adsb-fetch]: 1,634,440 raw -> 1,631,921 kept ( 0.2% off-day/duplicate dropped)
2025-07-30 [adsb-fetch]: 1,659,167 raw -> 1,656,849 kept ( 0.1% off-day/duplicate dropped)
2025-07-31 [adsb-fetch]: 1,675,968 raw -> 1,673,624 kept ( 0.1% off-day/duplicate dropped)
2025-08-01 [adsb-restofyear]: 1,625,134 raw -> 1,623,476 kept ( 0.1% off-day/duplicate dropped)
2025-08-02 [adsb-restofyear]: 1,536,301 raw -> 1,534,591 kept ( 0.1% off-day/duplicate dropped)
2025-08-03 [adsb-restofyear]: 1,565,330 raw -> 1,563,442 kept ( 0.1% off-day/duplicate dropped)
2025-08-04 [adsb-restofyear]: 1,578,932 raw -> 1,577,444 kept ( 0.1% off-day/duplicate dropped)
2025-08-07 [adsb-restofyear]: 1,585,024 raw -> 1,582,548 kept ( 0.2% off-day/duplicate dropped)
2025-08-10 [adsb-restofyear]:   211,018 raw ->   210,974 kept ( 0.0% off-day/duplicate dropped)
2025-08-13 [adsb-restofyear]: 1,562,476 raw -> 1,560,754 kept ( 0.1% off-day/duplicate dropped)
2025-08-16 [adsb-restofyear]: 1,443,169 raw -> 1,442,395 kept ( 0.1% off-day/duplicate dropped)
2025-08-19 [adsb-restofyear]: 1,354,791 raw -> 1,353,400 kept ( 0.1% off-day/duplicate dropped)
2025-08-22 [adsb-restofyear]: 1,625,560 raw -> 1,624,361 kept ( 0.1% off-day/duplicate dropped)
2025-08-25 [adsb-restofyear]: 1,657,789 raw -> 1,656,696 kept ( 0.1% off-day/duplicate dropped)
2025-08-28 [adsb-restofyear]: 1,585,442 raw -> 1,582,584 kept ( 0.2% off-day/duplicate dropped)
2025-09-01 [adsb-restofyear]: 1,485,116 raw -> 1,482,133 kept ( 0.2% off-day/duplicate dropped)
2025-09-02 [adsb-restofyear]: 1,481,385 raw -> 1,478,475 kept ( 0.2% off-day/duplicate dropped)
2025-09-03 [adsb-restofyear]: 1,626,569 raw -> 1,624,496 kept ( 0.1% off-day/duplicate dropped)
2025-09-04 [adsb-restofyear]: 1,667,258 raw -> 1,664,983 kept ( 0.1% off-day/duplicate dropped)
2025-09-07 [adsb-restofyear]: 1,602,836 raw -> 1,600,843 kept ( 0.1% off-day/duplicate dropped)
2025-09-10 [adsb-restofyear]: 1,582,293 raw -> 1,579,551 kept ( 0.2% off-day/duplicate dropped)
2025-09-13 [adsb-restofyear]: 1,575,391 raw -> 1,573,389 kept ( 0.1% off-day/duplicate dropped)
2025-09-15 [adsb-restofyear]: 1,676,085 raw -> 1,673,289 kept ( 0.2% off-day/duplicate dropped)
2025-09-16 [adsb-restofyear]: 1,594,386 raw -> 1,591,453 kept ( 0.2% off-day/duplicate dropped)
2025-09-19 [adsb-restofyear]: 1,674,901 raw -> 1,672,316 kept ( 0.2% off-day/duplicate dropped)
2025-09-22 [adsb-restofyear]: 1,633,480 raw -> 1,631,094 kept ( 0.1% off-day/duplicate dropped)
2025-09-25 [adsb-restofyear]: 1,578,272 raw -> 1,576,174 kept ( 0.1% off-day/duplicate dropped)
2025-09-28 [adsb-restofyear]: 1,662,985 raw -> 1,660,526 kept ( 0.1% off-day/duplicate dropped)
2025-10-01 [adsb-restofyear]: 1,711,987 raw -> 1,709,290 kept ( 0.2% off-day/duplicate dropped)
2025-10-02 [adsb-restofyear]: 1,686,536 raw -> 1,683,614 kept ( 0.2% off-day/duplicate dropped)
2025-10-03 [adsb-restofyear]: 1,714,821 raw -> 1,711,820 kept ( 0.2% off-day/duplicate dropped)
2025-10-04 [adsb-restofyear]: empty extract, skipped
2025-10-07 [adsb-restofyear]:   206,056 raw ->   205,983 kept ( 0.0% off-day/duplicate dropped)
2025-10-10 [adsb-restofyear]: 1,757,120 raw -> 1,754,078 kept ( 0.2% off-day/duplicate dropped)
2025-10-13 [adsb-restofyear]: 1,720,364 raw -> 1,718,809 kept ( 0.1% off-day/duplicate dropped)
2025-10-16 [adsb-restofyear]: 1,657,985 raw -> 1,655,657 kept ( 0.1% off-day/duplicate dropped)
2025-10-19 [adsb-restofyear]: 1,603,666 raw -> 1,600,917 kept ( 0.2% off-day/duplicate dropped)
2025-10-22 [adsb-restofyear]: 1,715,271 raw -> 1,712,879 kept ( 0.1% off-day/duplicate dropped)
2025-10-25 [adsb-restofyear]: 1,658,847 raw -> 1,656,175 kept ( 0.2% off-day/duplicate dropped)
2025-10-28 [adsb-restofyear]: 1,542,064 raw -> 1,539,574 kept ( 0.2% off-day/duplicate dropped)
2025-11-01 [adsb-restofyear]: 1,482,493 raw -> 1,480,476 kept ( 0.1% off-day/duplicate dropped)
2025-11-02 [adsb-restofyear]: 1,514,452 raw -> 1,512,887 kept ( 0.1% off-day/duplicate dropped)
2025-11-03 [adsb-restofyear]: 1,571,875 raw -> 1,570,506 kept ( 0.1% off-day/duplicate dropped)
2025-11-04 [adsb-restofyear]: 1,525,852 raw -> 1,523,764 kept ( 0.1% off-day/duplicate dropped)
2025-11-07 [adsb-restofyear]: 1,638,044 raw -> 1,635,820 kept ( 0.1% off-day/duplicate dropped)
2025-11-10 [adsb-restofyear]: 1,669,588 raw -> 1,668,005 kept ( 0.1% off-day/duplicate dropped)
2025-11-13 [adsb-restofyear]: 1,681,264 raw -> 1,677,828 kept ( 0.2% off-day/duplicate dropped)
2025-11-15 [adsb-restofyear]: 1,528,910 raw -> 1,525,953 kept ( 0.2% off-day/duplicate dropped)
2025-11-16 [adsb-restofyear]: 1,630,901 raw -> 1,629,168 kept ( 0.1% off-day/duplicate dropped)
2025-11-19 [adsb-restofyear]:   142,500 raw ->   142,279 kept ( 0.2% off-day/duplicate dropped)
2025-11-22 [adsb-restofyear]:   247,284 raw ->   247,011 kept ( 0.1% off-day/duplicate dropped)
2025-11-25 [adsb-restofyear]: 1,549,465 raw -> 1,546,614 kept ( 0.2% off-day/duplicate dropped)
2025-11-28 [adsb-restofyear]: 1,735,244 raw -> 1,733,019 kept ( 0.1% off-day/duplicate dropped)
2025-12-01 [adsb-restofyear]: 1,688,618 raw -> 1,686,303 kept ( 0.1% off-day/duplicate dropped)
2025-12-02 [adsb-restofyear]: 1,512,956 raw -> 1,510,348 kept ( 0.2% off-day/duplicate dropped)
2025-12-03 [adsb-restofyear]: 1,719,209 raw -> 1,716,407 kept ( 0.2% off-day/duplicate dropped)
2025-12-04 [adsb-restofyear]: 1,618,059 raw -> 1,613,873 kept ( 0.3% off-day/duplicate dropped)
2025-12-07 [adsb-restofyear]: 1,553,958 raw -> 1,553,758 kept ( 0.0% off-day/duplicate dropped)
2025-12-10 [adsb-restofyear]:   671,427 raw ->   671,388 kept ( 0.0% off-day/duplicate dropped)
2025-12-13 [adsb-restofyear]: 1,422,057 raw -> 1,421,950 kept ( 0.0% off-day/duplicate dropped)
2025-12-16 [adsb-restofyear]: 1,622,098 raw -> 1,621,976 kept ( 0.0% off-day/duplicate dropped)
2025-12-19 [adsb-restofyear]: 1,794,059 raw -> 1,793,809 kept ( 0.0% off-day/duplicate dropped)
2025-12-22 [adsb-restofyear]: 1,667,995 raw -> 1,667,705 kept ( 0.0% off-day/duplicate dropped)
2025-12-25 [adsb-restofyear]: 1,327,953 raw -> 1,327,843 kept ( 0.0% off-day/duplicate dropped)
2025-12-28 [adsb-restofyear]:   251,232 raw ->   251,219 kept ( 0.0% off-day/duplicate dropped)
2026-01-01 [adsb-fetch]: 1,387,210 raw -> 1,387,120 kept ( 0.0% off-day/duplicate dropped)
2026-01-02 [adsb-fetch]: 1,563,671 raw -> 1,563,548 kept ( 0.0% off-day/duplicate dropped)
2026-01-03 [adsb-fetch]: 1,564,170 raw -> 1,564,033 kept ( 0.0% off-day/duplicate dropped)
2026-01-04 [adsb-fetch]: 1,556,470 raw -> 1,556,356 kept ( 0.0% off-day/duplicate dropped)
2026-01-05 [adsb-fetch]: 1,528,290 raw -> 1,528,151 kept ( 0.0% off-day/duplicate dropped)
2026-01-06 [adsb-fetch]: 1,516,828 raw -> 1,516,633 kept ( 0.0% off-day/duplicate dropped)
2026-01-07 [adsb-fetch]: 1,376,412 raw -> 1,376,276 kept ( 0.0% off-day/duplicate dropped)
2026-01-08 [adsb-fetch]: 1,713,908 raw -> 1,713,758 kept ( 0.0% off-day/duplicate dropped)
2026-01-09 [adsb-fetch]: 1,618,460 raw -> 1,618,325 kept ( 0.0% off-day/duplicate dropped)
2026-01-10 [adsb-fetch]: 1,498,892 raw -> 1,498,751 kept ( 0.0% off-day/duplicate dropped)
2026-01-11 [adsb-fetch]: 1,746,834 raw -> 1,746,673 kept ( 0.0% off-day/duplicate dropped)
2026-01-12 [adsb-fetch]: 1,510,804 raw -> 1,510,607 kept ( 0.0% off-day/duplicate dropped)
2026-01-13 [adsb-fetch]: 1,367,278 raw -> 1,367,150 kept ( 0.0% off-day/duplicate dropped)
2026-01-14 [adsb-fetch]: 1,402,258 raw -> 1,402,127 kept ( 0.0% off-day/duplicate dropped)
2026-01-15 [adsb-fetch]: 1,482,279 raw -> 1,482,094 kept ( 0.0% off-day/duplicate dropped)
2026-01-16 [adsb-fetch]: 1,550,847 raw -> 1,550,592 kept ( 0.0% off-day/duplicate dropped)
2026-01-17 [adsb-fetch]: 1,344,097 raw -> 1,343,889 kept ( 0.0% off-day/duplicate dropped)
2026-01-18 [adsb-fetch]: 1,520,591 raw -> 1,520,468 kept ( 0.0% off-day/duplicate dropped)
2026-01-19 [adsb-fetch]: 1,574,479 raw -> 1,574,351 kept ( 0.0% off-day/duplicate dropped)
2026-01-20 [adsb-fetch]: 1,479,116 raw -> 1,478,995 kept ( 0.0% off-day/duplicate dropped)
2026-01-21 [adsb-fetch]: 1,540,012 raw -> 1,539,875 kept ( 0.0% off-day/duplicate dropped)
2026-01-22 [adsb-fetch]: 1,668,325 raw -> 1,668,187 kept ( 0.0% off-day/duplicate dropped)
2026-01-23 [adsb-fetch]: 1,417,340 raw -> 1,417,227 kept ( 0.0% off-day/duplicate dropped)
2026-01-24 [adsb-fetch]: 1,414,467 raw -> 1,414,348 kept ( 0.0% off-day/duplicate dropped)
2026-01-25 [adsb-fetch]: 1,588,078 raw -> 1,587,957 kept ( 0.0% off-day/duplicate dropped)
2026-01-26 [adsb-fetch]: 1,642,465 raw -> 1,642,353 kept ( 0.0% off-day/duplicate dropped)
2026-01-27 [adsb-fetch]: 1,496,245 raw -> 1,496,127 kept ( 0.0% off-day/duplicate dropped)
2026-01-28 [adsb-fetch]: 1,404,839 raw -> 1,404,737 kept ( 0.0% off-day/duplicate dropped)
2026-01-29 [adsb-fetch]: 1,605,350 raw -> 1,605,294 kept ( 0.0% off-day/duplicate dropped)
2026-01-30 [adsb-fetch]: 1,643,812 raw -> 1,643,723 kept ( 0.0% off-day/duplicate dropped)
2026-01-31 [adsb-fetch]: 1,308,251 raw -> 1,308,173 kept ( 0.0% off-day/duplicate dropped)
2026-07-01 [adsb-fetch]: 1,629,313 raw -> 1,628,143 kept ( 0.1% off-day/duplicate dropped)
2026-07-02 [adsb-fetch]: 1,782,118 raw -> 1,781,068 kept ( 0.1% off-day/duplicate dropped)
2026-07-03 [adsb-fetch]: 1,779,336 raw -> 1,777,424 kept ( 0.1% off-day/duplicate dropped)
2026-07-04 [adsb-fetch]: 1,682,866 raw -> 1,681,886 kept ( 0.1% off-day/duplicate dropped)
2026-07-05 [adsb-fetch]: 1,826,845 raw -> 1,825,411 kept ( 0.1% off-day/duplicate dropped)
2026-07-06 [adsb-fetch]: 1,908,271 raw -> 1,906,912 kept ( 0.1% off-day/duplicate dropped)
2026-07-07 [adsb-fetch]: 1,853,921 raw -> 1,852,655 kept ( 0.1% off-day/duplicate dropped)
2026-07-08 [adsb-fetch]: 1,799,346 raw -> 1,797,060 kept ( 0.1% off-day/duplicate dropped)
2026-07-09 [adsb-fetch]: 1,870,321 raw -> 1,868,309 kept ( 0.1% off-day/duplicate dropped)
2026-07-10 [adsb-fetch]: 1,851,740 raw -> 1,849,053 kept ( 0.1% off-day/duplicate dropped)
2026-07-11 [adsb-fetch]: 1,813,749 raw -> 1,813,155 kept ( 0.0% off-day/duplicate dropped)
2026-07-12 [adsb-fetch]: 1,815,729 raw -> 1,815,595 kept ( 0.0% off-day/duplicate dropped)
2026-07-13 [adsb-fetch]: 1,806,818 raw -> 1,806,741 kept ( 0.0% off-day/duplicate dropped)
2026-07-14 [adsb-fetch]: 1,692,130 raw -> 1,692,033 kept ( 0.0% off-day/duplicate dropped)
2026-07-15 [adsb-fetch]: 1,793,664 raw -> 1,793,566 kept ( 0.0% off-day/duplicate dropped)
2026-07-16 [adsb-fetch]: 1,697,349 raw -> 1,697,296 kept ( 0.0% off-day/duplicate dropped)
2026-07-17 [adsb-fetch]: 1,786,649 raw -> 1,786,541 kept ( 0.0% off-day/duplicate dropped)
2026-07-18 [adsb-fetch]: 1,674,732 raw -> 1,674,528 kept ( 0.0% off-day/duplicate dropped)
2026-07-19 [adsb-fetch]: 1,769,164 raw -> 1,768,664 kept ( 0.0% off-day/duplicate dropped)
2026-07-20 [adsb-fetch]: 1,775,601 raw -> 1,775,052 kept ( 0.0% off-day/duplicate dropped)
2026-07-21 [adsb-fetch]: 1,753,944 raw -> 1,752,958 kept ( 0.1% off-day/duplicate dropped)
2026-07-22 [adsb-fetch]: 1,758,091 raw -> 1,756,722 kept ( 0.1% off-day/duplicate dropped)
2026-07-23 [adsb-fetch]: 1,704,329 raw -> 1,701,255 kept ( 0.2% off-day/duplicate dropped)
2026-07-24 [adsb-fetch]: 1,720,492 raw -> 1,719,589 kept ( 0.1% off-day/duplicate dropped)
2026-07-25 [adsb-fetch]: 1,693,177 raw -> 1,693,039 kept ( 0.0% off-day/duplicate dropped)
2026-07-26 [adsb-fetch]: 1,759,680 raw -> 1,759,510 kept ( 0.0% off-day/duplicate dropped)
2026-07-27 [adsb-fetch]: 1,697,866 raw -> 1,697,747 kept ( 0.0% off-day/duplicate dropped)
2026-07-28 [adsb-fetch]: 1,662,313 raw -> 1,662,183 kept ( 0.0% off-day/duplicate dropped)
2026-07-29 [adsb-fetch]: 1,713,690 raw -> 1,713,544 kept ( 0.0% off-day/duplicate dropped)
2026-07-30 [adsb-fetch]: 1,762,851 raw -> 1,762,686 kept ( 0.0% off-day/duplicate dropped)
2026-07-31 [adsb-fetch]: 1,713,406 raw -> 1,713,231 kept ( 0.0% off-day/duplicate dropped)
