run started 2026-09-29 12:04:25
detector files: 126  newest mtime 2026-09-28 23:22

==============================================================================
1. POPULATION
==============================================================================
overlap pop & appear/dwell = 0; pop & partial = 0; (appear/dwell & partial = 0)
ranking DEP rows 344,841; detector 2026 rows 344,841; in submitting template 344,841
shape: (3, 7)
| grp                         | dep    | matched | appear_dwell | partial | POP   | POP_%dep |
| ---                         | ---    | ---     | ---          | ---     | ---   | ---      |
| str                         | u32    | u32     | u32          | u32     | u32   | f64      |
|-----------------------------|--------|---------|--------------|---------|-------|----------|
| 2025 holdout days (Jan/Jul) | 344419 | 142739  | 60094        | 38226   | 44419 | 12.90    |
| 2025 training days          | 11253  | 6606    | 2977         | 1571    | 2058  | 18.29    |
| ranking 2026                | 344841 | 196844  | 96067        | 47304   | 53473 | 15.51    |

POP by reason:
shape: (3, 4)
| grp                         | LIRF | no stand coords | >= 1 km from stand |
| ---                         | ---  | ---             | ---                |
| str                         | u32  | u32             | u32                |
|-----------------------------|------|-----------------|--------------------|
| 2025 holdout days (Jan/Jul) | 9715 | 6305            | 28399              |
| 2025 training days          | 229  | 252             | 1577               |
| ranking 2026                | 4818 | 9360            | 39295              |

POP by tier (null = censored, never reached the stand):
shape: (3, 3)
| grp                         | pass | null  |
| ---                         | ---  | ---   |
| str                         | u32  | u32   |
|-----------------------------|------|-------|
| 2025 holdout days (Jan/Jul) | 606  | 43813 |
| 2025 training days          | 26   | 2032  |
| ranking 2026                | 366  | 53107 |

POP share of DEP by airport, ranking 2026 vs 2025 training days:
shape: (10, 5)
| ADEP_mvt | pop_2025 training days | pop_ranking 2026 | pct_2025 training days | pct_ranking 2026 |
| ---      | ---                    | ---              | ---                    | ---              |
| str      | u32                    | u32              | f64                    | f64              |
|----------|------------------------|------------------|------------------------|------------------|
| EDDF     | 320                    | 14919            | 24.92                  | 41.08            |
| EDDM     | 46                     | 971              | 5.06                   | 3.74             |
| EGLL     | 265                    | 2982             | 20.98                  | 7.48             |
| EHAM     | 164                    | 5032             | 12.71                  | 13.18            |
| LEBL     | 183                    | 5596             | 18.89                  | 18.60            |
| LEMD     | 493                    | 9957             | 42.39                  | 26.94            |
| LFPG     | 215                    | 3559             | 17.06                  | 8.93             |
| LIRF     | 229                    | 4818             | 26.66                  | 17.91            |
| LSZH     | 143                    | 5568             | 19.64                  | 24.05            |
| LTFM     | 0                      | 71               | 0.00                   | 0.15             |

==============================================================================
2. FLOOR L = MVT_TIME - adsb_first_ts ON TRAINING DAYS (base = OOF CatBoost mixed)
==============================================================================
training-day DEP rows 11,253; with label 11,253; with OOF pred 11,253
POP rows with label + OOF pred: 2,058  (monster labels > 5 h in POP: 0)
shape: (2, 4)
| day        | LIRF | >= 1 km from stand | no stand coords |
| ---        | ---  | ---                | ---             |
| str        | u32  | u32                | u32             |
|------------|------|--------------------|-----------------|
| 2025-09-15 | 92   | 884                | 127             |
| 2025-11-15 | 137  | 693                | 125             |

L distribution (s): (-36.27999997138977, 30.200000047683716, 289.90000009536743, 824.7599999904633, 2047.0899999141693)

2a. match-error proxy: taxi < L - 60 s
shape: (6, 5)
| day        | reason             | n   | pct_taxi_lt_L-60 | pct_taxi_lt_L-300 |
| ---        | ---                | --- | ---              | ---               |
| str        | str                | u32 | f64              | f64               |
|------------|--------------------|-----|------------------|-------------------|
| 2025-09-15 | >= 1 km from stand | 884 | 7.24             | 4.52              |
| 2025-09-15 | LIRF               | 92  | 0.00             | 0.00              |
| 2025-09-15 | no stand coords    | 127 | 20.47            | 11.02             |
| 2025-11-15 | >= 1 km from stand | 693 | 4.18             | 1.59              |
| 2025-11-15 | LIRF               | 137 | 0.00             | 0.00              |
| 2025-11-15 | no stand coords    | 125 | 16.00            | 8.00              |
pooled: (2058, 6.754130223517979, 3.6443148688046647)

2b-d. pred -> max(pred, L - m), per day (SSE in units of 1e6 s^2)
shape: (9, 14)
| day        | m   | n    | pct_hit | hit_share_of_SSE | SSE_full_base | dSSE_full | dSSE_trim | rmse_pop_base | rmse_pop_new | rmse_pop_trim_base | rmse_pop_trim_new | mean_lift_on_hit | pct_hit_improved |
| ---        | --- | ---  | ---     | ---              | ---           | ---       | ---       | ---           | ---          | ---                | ---               | ---              | ---              |
| str        | i64 | i64  | f64     | f64              | f64           | f64       | f64       | f64           | f64          | f64                | f64               | f64              | f64              |
|------------|-----|------|---------|------------------|---------------|-----------|-----------|---------------|--------------|--------------------|-------------------|------------------|------------------|
| 2025-09-15 | 0   | 1103 | 9.07    | 4.43             | 56.45         | 203.35    | 203.35    | 226.24        | 485.33       | 226.24             | 485.33            | 710.06           | 23.00            |
| 2025-09-15 | 60  | 1103 | 7.80    | 3.87             | 56.45         | 195.53    | 195.53    | 226.24        | 477.97       | 226.24             | 477.97            | 760.40           | 23.26            |
| 2025-09-15 | 120 | 1103 | 6.53    | 3.39             | 56.45         | 188.27    | 188.27    | 226.24        | 471.03       | 226.24             | 471.03            | 842.17           | 19.44            |
| 2025-11-15 | 0   | 955  | 6.39    | 3.40             | 38.26         | 73.84     | 73.84     | 200.16        | 342.62       | 200.16             | 342.62            | 592.22           | 24.59            |
| 2025-11-15 | 60  | 955  | 5.34    | 3.06             | 38.26         | 69.95     | 69.95     | 200.16        | 336.62       | 200.16             | 336.62            | 641.30           | 27.45            |
| 2025-11-15 | 120 | 955  | 4.40    | 2.50             | 38.26         | 66.36     | 66.36     | 200.16        | 330.99       | 200.16             | 330.99            | 715.39           | 23.81            |
| pooled     | 0   | 2058 | 7.82    | 4.01             | 94.72         | 277.19    | 277.19    | 214.53        | 425.11       | 214.53             | 425.11            | 665.41           | 23.60            |
| pooled     | 60  | 2058 | 6.66    | 3.54             | 94.72         | 265.48    | 265.48    | 214.53        | 418.36       | 214.53             | 418.36            | 716.06           | 24.82            |
| pooled     | 120 | 2058 | 5.54    | 3.03             | 94.72         | 254.63    | 254.63    | 214.53        | 412.01       | 214.53             | 412.01            | 795.46           | 21.05            |

same, by reason (pooled days, m = 60):
shape: (3, 5)
| reason             | n    | pct_hit | dSSE_full | pct_taxi_lt_L60 |
| ---                | ---  | ---     | ---       | ---             |
| str                | i64  | f64     | f64       | f64             |
|--------------------|------|---------|-----------|-----------------|
| >= 1 km from stand | 1577 | 5.39    | 128.82    | 5.90            |
| LIRF               | 229  | 0.44    | -0.00     | 0.00            |
| no stand coords    | 252  | 20.24   | 136.67    | 18.25           |

2e. mechanism: does the run start before this departure's own inbound in-block?
shape: (2, 9)
| hit   | n    | has_inbound | pct_run_starts_before_inbound_... | pct_run_starts_within_10min_of... | pct_taxi_lt_L-60 | med_L   | med_taxi | med_pts |
| ---   | ---  | ---         | ---                               | ---                               | ---              | ---     | ---      | ---     |
| bool  | u32  | f64         | f64                               | f64                               | f64              | f64     | f64      | f64     |
|-------|------|-------------|-----------------------------------|-----------------------------------|------------------|---------|----------|---------|
| false | 1921 | 0.99        | 0.00                              | 0.05                              | 1.25             | 263.92  | 961.00   | 22.00   |
| true  | 137  | 0.98        | 2.99                              | 2.24                              | 83.94            | 1026.74 | 748.00   | 76.00   |
excluding runs that start before the inbound in-block (n=2054): taxi < L-60 in 6.57%; floor m=60 dSSE_full +184.64e6, hit 6.48%
  2025-09-15: n=1099  m=0: dSSE +120.785e6  m=60: dSSE +114.693e6  m=120: dSSE +109.127e6
  2025-11-15: n=955  m=0: dSSE +73.843e6  m=60: dSSE +69.950e6  m=120: dSSE +66.362e6

floor reduces SSE on BOTH days:
shape: (3, 3)
| m   | full_both | trim_both |
| --- | ---       | ---       |
| i64 | bool      | bool      |
|-----|-----------|-----------|
| 0   | false     | false     |
| 60  | false     | false     |
| 120 | false     | false     |
match-error proxy 6.75% (< 5% required)

==============================================================================
3. UNSEEN PART (taxi - L) vs FIRST SIGHTING
==============================================================================

unseen = taxi - L by first-sighting distance to own stand (m):
shape: (7, 7)
| b            | n   | median | q25    | q75     | mean   | med_pred-L |
| ---          | --- | ---    | ---    | ---     | ---    | ---        |
| str          | u32 | f64    | f64    | f64     | f64    | f64        |
|--------------|-----|--------|--------|---------|--------|------------|
| (-inf, 1000] | 43  | 449.30 | 377.40 | 650.63  | 541.54 | 521.03     |
| (1000, 1500] | 590 | 547.39 | 373.65 | 702.74  | 510.54 | 574.80     |
| (1500, 2000] | 430 | 673.24 | 494.59 | 910.66  | 673.96 | 700.83     |
| (2000, 3000] | 366 | 767.59 | 480.37 | 1010.11 | 786.28 | 799.75     |
| (3000, 5000] | 188 | 858.94 | 389.79 | 1161.65 | 763.48 | 822.98     |
| (5000, inf]  | 181 | 774.13 | 544.20 | 1040.83 | 738.55 | 778.33     |
| no stand     | 260 | 235.31 | 28.94  | 626.02  | 218.65 | 323.15     |

unseen = taxi - L by first-sighting ground speed (kt):
shape: (7, 7)
| b         | n   | median | q25     | q75     | mean   | med_pred-L |
| ---       | --- | ---    | ---     | ---     | ---    | ---        |
| str       | u32 | f64    | f64     | f64     | f64    | f64        |
|-----------|-----|--------|---------|---------|--------|------------|
| (-inf, 1] | 212 | 500.67 | -135.60 | 792.23  | 253.17 | 531.25     |
| (1, 5]    | 221 | 641.60 | 77.29   | 1052.76 | 613.90 | 660.42     |
| (10, 15]  | 428 | 613.46 | 378.27  | 888.19  | 644.78 | 628.17     |
| (15, 20]  | 376 | 651.14 | 454.87  | 836.19  | 637.37 | 670.00     |
| (20, 30]  | 384 | 543.88 | 414.17  | 713.59  | 548.84 | 591.26     |
| (30, inf] | 107 | 682.98 | 444.68  | 1034.84 | 486.44 | 737.85     |
| (5, 10]   | 330 | 752.96 | 506.48  | 1091.45 | 813.25 | 815.86     |

unseen = taxi - L by reason:
shape: (3, 7)
| b                  | n    | median | q25    | q75     | mean   | med_pred-L |
| ---                | ---  | ---    | ---    | ---     | ---    | ---        |
| str                | u32  | f64    | f64    | f64     | f64    | f64        |
|--------------------|------|--------|--------|---------|--------|------------|
| >= 1 km from stand | 1577 | 621.70 | 414.17 | 891.46  | 618.31 | 655.43     |
| LIRF               | 229  | 779.06 | 621.32 | 1042.92 | 936.72 | 848.28     |
| no stand coords    | 252  | 221.73 | 24.57  | 591.12  | 184.76 | 305.81     |

'L + predicted unseen' vs plain floor, cross-fit day A -> day B (unseen clipped to its 1-99 pct):
shape: (10, 6)
| fit        | apply      | method              | n    | rmse_full | rmse_trim |
| ---        | ---        | ---                 | ---  | ---       | ---       |
| str        | str        | str                 | i64  | f64       | f64       |
|------------|------------|---------------------|------|-----------|-----------|
| 2025-09-15 | 2025-11-15 | base                | 955  | 200.16    | 200.16    |
| 2025-09-15 | 2025-11-15 | floor m=60          | 955  | 336.62    | 336.62    |
| 2025-09-15 | 2025-11-15 | L + u_hat (replace) | 955  | 527.26    | 527.26    |
| 2025-09-15 | 2025-11-15 | nudge w=0.02        | 955  | 200.15    | 200.15    |
| 2025-09-15 | 2025-11-15 | floor, then nudge   | 955  | 337.35    | 337.35    |
| 2025-11-15 | 2025-09-15 | base                | 1103 | 226.24    | 226.24    |
| 2025-11-15 | 2025-09-15 | floor m=60          | 1103 | 477.97    | 477.97    |
| 2025-11-15 | 2025-09-15 | L + u_hat (replace) | 1103 | 685.48    | 685.48    |
| 2025-11-15 | 2025-09-15 | nudge w=0.01        | 1103 | 226.05    | 226.05    |
| 2025-11-15 | 2025-09-15 | floor, then nudge   | 1103 | 478.65    | 478.65    |

==============================================================================
VERDICT
==============================================================================
pass rule: floor reduces SSE on BOTH days for some m, and match errors < 5%  ->  FAIL
caveat: two training days only; small sample.
run finished 2026-09-29 12:04:26
