run started 2026-09-29 12:07:59
  input cache\eval\catcorr_mixed_holdout_ev.parquet  mtime 2026-09-28 23:37
  input cache\eval\catrerun_mixed_holdout_ev.parquet  mtime 2026-09-28 23:38
  input cache\eval\lgb_mixed_holdout_ev.parquet  mtime 2026-09-28 23:18
  input cache\features\holdout_gap2025.parquet  mtime 2026-09-28 18:31
holdout rows all airports 344,339; total SSE 3.844e+10

==============================================================================
A. ERROR CONCENTRATION (catcorr = v21 gate eval frame)
==============================================================================

--- LTFM: n=46,539  RMSE full 265.6  trimmed 265.6  (in-sample stack full 263.0)  share of all-airport SSE 8.5%
  top-10    rows (0.02% of rows): 7.0% of SSE
  top-100   rows (0.21% of rows): 18.1% of SSE
  top-1000  rows (2.15% of rows): 43.6% of SSE
  2025-01: n=21,368 RMSE full 224.5 trimmed 224.5 mean res -9.6
  2025-07: n=25,171 RMSE full 296.0 trimmed 296.0 mean res +51.5
shape: (4, 8)
| nm_unmatched | echo  | n     | pct_rows | pct_SSE | rmse   | mean_res | labels_gt_5h |
| ---          | ---   | ---   | ---      | ---     | ---    | ---      | ---          |
| bool         | bool  | u32   | f64      | f64     | f64    | f64      | u32          |
|--------------|-------|-------|----------|---------|--------|----------|--------------|
| false        | false | 43535 | 93.55    | 88.19   | 257.88 | 21.12    | 0            |
| false        | true  | 2351  | 5.05     | 3.32    | 215.26 | 60.01    | 0            |
| true         | false | 622   | 1.34     | 8.23    | 659.09 | 48.75    | 0            |
| true         | true  | 31    | 0.07     | 0.26    | 520.67 | 48.02    | 0            |
  by label band:
shape: (6, 6)
| band          | n     | pct_SSE | rmse    | mean_res | lo   |
| ---           | ---   | ---     | ---     | ---      | ---  |
| str           | u32   | f64     | f64     | f64      | i64  |
|---------------|-------|---------|---------|----------|------|
| (-inf, 600]   | 2222  | 2.70    | 199.88  | -148.94  | 174  |
| (600, 1200]   | 31506 | 28.55   | 172.47  | -42.29   | 601  |
| (1200, 1800]  | 10529 | 24.16   | 274.46  | 138.81   | 1201 |
| (1800, 3600]  | 2242  | 33.23   | 697.53  | 528.23   | 1801 |
| (3600, 7200]  | 39    | 10.10   | 2915.14 | 2648.83  | 3603 |
| (7200, 18000] | 1     | 1.26    | 6436.94 | 6436.94  | 7374 |
  worst days:
shape: (8, 7)
| day        | n   | pct_SSE | rmse   | mean_res | med_taxi | med_pred |
| ---        | --- | ---     | ---    | ---      | ---      | ---      |
| date       | u32 | f64     | f64    | f64      | f64      | f64      |
|------------|-----|---------|--------|----------|----------|----------|
| 2025-07-26 | 825 | 8.62    | 585.72 | 151.22   | 1014.00  | 980.61   |
| 2025-07-21 | 838 | 5.24    | 452.96 | 118.05   | 1230.50  | 1161.46  |
| 2025-07-13 | 822 | 4.57    | 427.44 | 170.00   | 1088.00  | 1028.77  |
| 2025-07-23 | 816 | 3.46    | 373.20 | 111.92   | 1083.50  | 1031.15  |
| 2025-07-25 | 840 | 3.33    | 360.63 | 84.65    | 1078.00  | 1027.18  |
| 2025-01-04 | 717 | 2.78    | 356.95 | 11.16    | 951.00   | 986.85   |
| 2025-07-22 | 817 | 2.50    | 317.19 | 81.56    | 1251.00  | 1143.53  |
| 2025-07-24 | 816 | 2.47    | 315.05 | 49.78    | 1021.00  | 1019.82  |
  top-15 rows:
shape: (15, 15)
| ym      | FLIGHT_mvt | AIRCRAFT_OPERATOR_flt    | AIRCRAFT_TYPE_mvt | STAND_mvt | RUNWAY_mvt | nm_unmatched | SCHED_TIME_UTC_mvt  | BLOCK_TIME_UTC_mvt  | MVT_TIME_UTC_mvt         | AOBT_3_flt               | taxi | pred    | aobt3-blk | blk-sched |
| ---     | ---        | ---                      | ---               | ---       | ---        | ---          | ---                 | ---                 | ---                      | ---                      | ---  | ---     | ---       | ---       |
| str     | str        | str                      | str               | str       | str        | bool         | datetime[μs, UTC]   | datetime[μs, UTC]   | datetime[μs, UTC]        | datetime[μs, UTC]        | i64  | f64     | i64       | i64       |
|---------|------------|--------------------------|-------------------|-----------|------------|--------------|---------------------|---------------------|--------------------------|--------------------------|------|---------|-----------|-----------|
| 2025-01 | THY92      | null                     | A321              | 144L      | 35L        | true         | 2025-01-01 06:00:00 | 2025-01-01 06:10:03 | 2025-01-01 08:12:57 UTC  | null                     | 7374 | 937.06  | null      | 603       |
|         |            |                          |                   |           |            |              | UTC                 | UTC                 |                          |                          |      |         |           |           |
| 2025-07 | THY7FQ     | 95828822709b52d2167a5400 | A21N              | B18L      | 35L        | false        | 2025-07-26 11:55:00 | 2025-07-26 12:22:56 | 2025-07-26 14:18:04 UTC  | 2025-07-26 13:58:00 UTC  | 6908 | 1448.45 | 5704      | 1676      |
|         |            | 012d395c3cf1c297...      |                   |           |            |              | UTC                 | UTC                 |                          |                          |      |         |           |           |
| 2025-07 | THY3QT     | null                     | A319              | G11L      | 36         | true         | 2025-07-25 10:00:00 | 2025-07-25 10:04:59 | 2025-07-25 11:50:01 UTC  | null                     | 6302 | 1060.74 | null      | 299       |
|         |            |                          |                   |           |            |              | UTC                 | UTC                 |                          |                          |      |         |           |           |
| 2025-07 | THY6SC     | null                     | B38M              | B9R       | 35L        | true         | 2025-07-26 13:25:00 | 2025-07-26 13:31:03 | 2025-07-26 15:18:56 UTC  | null                     | 6473 | 1239.81 | null      | 363       |
|         |            |                          |                   |           |            |              | UTC                 | UTC                 |                          |                          |      |         |           |           |
| 2025-07 | THY77J     | 95828822709b52d2167a5400 | B77W              | 142       | 35L        | false        | 2025-07-26 11:50:00 | 2025-07-26 12:26:56 | 2025-07-26 14:21:04 UTC  | 2025-07-26 14:21:00 UTC  | 6848 | 2009.76 | 6844      | 2216      |
|         |            | 012d395c3cf1c297...      |                   |           |            |              | UTC                 | UTC                 |                          |                          |      |         |           |           |
| 2025-07 | THY4QW     | 95828822709b52d2167a5400 | A21N              | F4R       | 35L        | false        | 2025-07-26 12:20:00 | 2025-07-26 12:46:04 | 2025-07-26 14:30:55 UTC  | 2025-07-26 14:12:00 UTC  | 6291 | 1523.50 | 5156      | 1564      |
|         |            | 012d395c3cf1c297...      |                   |           |            |              | UTC                 | UTC                 |                          |                          |      |         |           |           |
| 2025-07 | AEA1684    | null                     | B788              | D6        | 35L        | true         | 2025-07-26 12:45:00 | 2025-07-26 13:27:57 | 2025-07-26 15:04:02 UTC  | null                     | 5765 | 1315.79 | null      | 2577      |
|         |            |                          |                   |           |            |              | UTC                 | UTC                 |                          |                          |      |         |           |           |
| 2025-07 | THY3GM     | null                     | A21N              | B9L       | 35L        | true         | 2025-07-26 13:45:00 | 2025-07-26 13:42:05 | 2025-07-26 15:09:54 UTC  | null                     | 5269 | 1642.39 | null      | -175      |
|         |            |                          |                   |           |            |              | UTC                 | UTC                 |                          |                          |      |         |           |           |
| 2025-07 | THY6KE     | 95828822709b52d2167a5400 | A321              | B5R       | 35L        | false        | 2025-07-26 12:20:00 | 2025-07-26 13:30:02 | 2025-07-26 14:47:58 UTC  | 2025-07-26 14:29:00 UTC  | 4676 | 1226.55 | 3538      | 4202      |
|         |            | 012d395c3cf1c297...      |                   |           |            |              | UTC                 | UTC                 |                          |                          |      |         |           |           |
| 2025-07 | ROT262R    | 77515849b9bfbd7779bc55c6 | AT76              | 201       | 35L        | false        | 2025-07-29 07:15:00 | 2025-07-29 07:42:58 | 2025-07-29 09:13:02 UTC  | 2025-07-29 09:13:00 UTC  | 5404 | 2057.10 | 5402      | 1678      |
|         |            | 550296d824f8cde7...      |                   |           |            |              | UTC                 | UTC                 |                          |                          |      |         |           |           |
| 2025-07 | MNE2901    | null                     | E195              | F7R       | 35L        | true         | 2025-07-13 16:00:00 | 2025-07-13 16:05:06 | 2025-07-13 17:17:54 UTC  | null                     | 4368 | 1184.60 | null      | 306       |
|         |            |                          |                   |           |            |              | UTC                 | UTC                 |                          |                          |      |         |           |           |
| 2025-07 | THY7TN     | null                     | B789              | B15       | 35L        | true         | 2025-07-26 12:15:00 | 2025-07-26 12:19:55 | 2025-07-26 13:32:04 UTC  | null                     | 4329 | 1289.26 | null      | 295       |
|         |            |                          |                   |           |            |              | UTC                 | UTC                 |                          |                          |      |         |           |           |
| 2025-07 | THY3QY     | null                     | A21N              | B2        | 35L        | true         | 2025-07-21 04:50:00 | 2025-07-21 04:52:04 | 2025-07-21 06:04:55 UTC  | null                     | 4371 | 1364.67 | null      | 124       |
|         |            |                          |                   |           |            |              | UTC                 | UTC                 |                          |                          |      |         |           |           |
| 2025-07 | THY1ZH     | 95828822709b52d2167a5400 | B739              | D2        | 36         | false        | 2025-07-26 13:20:00 | 2025-07-26 13:24:05 | 2025-07-26 14:50:54 UTC  | 2025-07-26 14:31:00 UTC  | 5209 | 2339.63 | 4015      | 245       |
|         |            | 012d395c3cf1c297...      |                   |           |            |              | UTC                 | UTC                 |                          |                          |      |         |           |           |
| 2025-01 | THY57M     | 95828822709b52d2167a5400 | A333              | B13       | 35L        | false        | 2025-01-04 05:55:00 | 2025-01-04 06:12:00 | 2025-01-04 07:18:00 UTC  | 2025-01-04 06:53:00 UTC  | 3960 | 1092.67 | 2460      | 1020      |
|         |            | 012d395c3cf1c297...      |                   |           |            |              | UTC                 | UTC                 |                          |                          |      |         |           |           |

--- EGLL: n=40,210  RMSE full 281.7  trimmed 281.7  (in-sample stack full 283.5)  share of all-airport SSE 8.3%
  top-10    rows (0.02% of rows): 14.6% of SSE
  top-100   rows (0.25% of rows): 33.9% of SSE
  top-1000  rows (2.49% of rows): 54.5% of SSE
  2025-01: n=19,420 RMSE full 248.1 trimmed 248.1 mean res -34.1
  2025-07: n=20,790 RMSE full 309.8 trimmed 309.8 mean res +8.4
shape: (3, 8)
| nm_unmatched | echo  | n     | pct_rows | pct_SSE | rmse    | mean_res | labels_gt_5h |
| ---          | ---   | ---   | ---      | ---     | ---     | ---      | ---          |
| bool         | bool  | u32   | f64      | f64     | f64     | f64      | u32          |
|--------------|-------|-------|----------|---------|---------|----------|--------------|
| false        | false | 38074 | 94.69    | 77.22   | 254.39  | -16.60   | 0            |
| false        | true  | 1670  | 4.15     | 2.22    | 205.87  | 11.35    | 0            |
| true         | false | 466   | 1.16     | 20.56   | 1186.59 | 269.82   | 0            |
  by label band:
shape: (6, 6)
| band          | n     | pct_SSE | rmse    | mean_res | lo   |
| ---           | ---   | ---     | ---     | ---      | ---  |
| str           | u32   | f64     | f64     | f64      | i64  |
|---------------|-------|---------|---------|----------|------|
| (-inf, 600]   | 159   | 0.46    | 304.46  | -233.20  | 9    |
| (600, 1200]   | 14716 | 19.44   | 205.31  | -115.83  | 601  |
| (1200, 1800]  | 20547 | 23.22   | 189.91  | 0.49     | 1201 |
| (1800, 3600]  | 4548  | 22.56   | 397.82  | 206.74   | 1801 |
| (3600, 7200]  | 220   | 18.18   | 1623.98 | 980.91   | 3603 |
| (7200, 18000] | 20    | 16.13   | 5073.14 | 4408.53  | 7255 |
  worst days:
shape: (8, 7)
| day        | n   | pct_SSE | rmse   | mean_res | med_taxi | med_pred |
| ---        | --- | ---     | ---    | ---      | ---      | ---      |
| date       | u32 | f64     | f64    | f64      | f64      | f64      |
|------------|-----|---------|--------|----------|----------|----------|
| 2025-07-30 | 652 | 12.42   | 779.49 | 119.73   | 1447.50  | 1445.58  |
| 2025-07-06 | 646 | 8.68    | 654.96 | 73.94    | 1549.50  | 1536.74  |
| 2025-07-31 | 682 | 4.94    | 480.90 | 77.70    | 1553.50  | 1520.40  |
| 2025-01-11 | 602 | 4.01    | 461.31 | 37.49    | 1508.50  | 1533.06  |
| 2025-07-20 | 664 | 3.45    | 407.13 | -2.09    | 1448.50  | 1465.84  |
| 2025-01-07 | 628 | 2.75    | 373.87 | -29.09   | 1331.50  | 1403.92  |
| 2025-01-09 | 634 | 2.50    | 355.02 | -27.47   | 1330.00  | 1395.27  |
| 2025-07-21 | 680 | 2.23    | 323.15 | 54.26    | 1439.00  | 1452.07  |
  top-15 rows:
shape: (15, 15)
| ym      | FLIGHT_mvt | AIRCRAFT_OPERATOR_flt  | AIRCRAFT_TYPE_mvt | STAND_mvt | RUNWAY_mvt | nm_unmatched | SCHED_TIME_UTC_mvt     | BLOCK_TIME_UTC_mvt     | MVT_TIME_UTC_mvt       | AOBT_3_flt            | taxi  | pred    | aobt3-blk | blk-sched |
| ---     | ---        | ---                    | ---               | ---       | ---        | ---          | ---                    | ---                    | ---                    | ---                   | ---   | ---     | ---       | ---       |
| str     | str        | str                    | str               | str       | str        | bool         | datetime[μs, UTC]      | datetime[μs, UTC]      | datetime[μs, UTC]      | datetime[μs, UTC]     | i64   | f64     | i64       | i64       |
|---------|------------|------------------------|-------------------|-----------|------------|--------------|------------------------|------------------------|------------------------|-----------------------|-------|---------|-----------|-----------|
| 2025-07 | SHT14L     | null                   | A320              | 515       | 27R        | true         | 2025-07-30 14:15:00    | 2025-07-30 14:04:56    | 2025-07-30 17:11:03    | null                  | 11167 | 1620.53 | null      | -604      |
|         |            |                        |                   |           |            |              | UTC                    | UTC                    | UTC                    |                       |       |         |           |           |
| 2025-07 | BAW82P     | null                   | B788              | 591       | 27R        | true         | 2025-07-30 13:55:00    | 2025-07-30 13:58:59    | 2025-07-30 16:44:00    | null                  | 9901  | 1432.55 | null      | 239       |
|         |            |                        |                   |           |            |              | UTC                    | UTC                    | UTC                    |                       |       |         |           |           |
| 2025-07 | BAW606     | null                   | A319              | 512       | 27R        | true         | 2025-07-06 14:55:00    | 2025-07-06 15:27:01    | 2025-07-06 17:48:59    | null                  | 8518  | 1566.86 | null      | 1921      |
|         |            |                        |                   |           |            |              | UTC                    | UTC                    | UTC                    |                       |       |         |           |           |
| 2025-07 | BAW15K     | null                   | B77W              | 566       | 27R        | true         | 2025-07-30 13:40:00    | 2025-07-30 13:49:58    | 2025-07-30 16:11:02    | null                  | 8464  | 1518.94 | null      | 598       |
|         |            |                        |                   |           |            |              | UTC                    | UTC                    | UTC                    |                       |       |         |           |           |
| 2025-07 | BAW580M    | null                   | A320              | 519       | 27R        | true         | 2025-07-06 13:20:00    | 2025-07-06 13:51:00    | 2025-07-06 16:08:00    | null                  | 8220  | 1539.89 | null      | 1860      |
|         |            |                        |                   |           |            |              | UTC                    | UTC                    | UTC                    |                       |       |         |           |           |
| 2025-07 | AAL137     | null                   | B772              | 330       | 27R        | true         | 2025-07-30 13:45:00    | 2025-07-30 13:57:58    | 2025-07-30 15:59:02    | null                  | 7264  | 1416.64 | null      | 778       |
|         |            |                        |                   |           |            |              | UTC                    | UTC                    | UTC                    |                       |       |         |           |           |
| 2025-07 | AAL135     | null                   | B77W              | 327       | 27L        | true         | 2025-07-08 15:55:00    | 2025-07-08 16:18:02    | 2025-07-08 18:18:57    | null                  | 7255  | 1411.64 | null      | 1382      |
|         |            |                        |                   |           |            |              | UTC                    | UTC                    | UTC                    |                       |       |         |           |           |
| 2025-07 | UAL263     | null                   | B789              | 243       | 27R        | true         | 2025-07-30 13:50:00    | 2025-07-30 13:56:59    | 2025-07-30 15:56:00    | null                  | 7141  | 1464.19 | null      | 419       |
|         |            |                        |                   |           |            |              | UTC                    | UTC                    | UTC                    |                       |       |         |           |           |
| 2025-01 | SHT2J      | 062f9ab93f6376b37af4d4 | A319              | 527       | 27R        | false        | 2025-01-09 07:55:00    | 2025-01-09 08:03:55    | 2025-01-09 10:54:05    | 2025-01-09 10:32:00   | 10210 | 4624.94 | 8885      | 535       |
|         |            | 5e49c858cde13f8b46...  |                   |           |            |              | UTC                    | UTC                    | UTC                    | UTC                   |       |         |           |           |
| 2025-01 | SHT18Z     | 062f9ab93f6376b37af4d4 | A319              | 527       | 27R        | false        | 2025-01-07 06:35:00    | 2025-01-07 06:43:02    | 2025-01-07 09:39:57    | 2025-01-07 09:18:00   | 10615 | 5045.63 | 9298      | 482       |
|         |            | 5e49c858cde13f8b46...  |                   |           |            |              | UTC                    | UTC                    | UTC                    | UTC                   |       |         |           |           |
| 2025-07 | BAW362Y    | null                   | A320              | 525       | 27R        | true         | 2025-07-31 13:00:00    | 2025-07-31 13:06:04    | 2025-07-31 14:53:56    | null                  | 6472  | 1622.92 | null      | 364       |
|         |            |                        |                   |           |            |              | UTC                    | UTC                    | UTC                    |                       |       |         |           |           |
| 2025-07 | BAW3ET     | null                   | A21N              | 522       | 27L        | true         | 2025-07-06 10:50:00    | 2025-07-06 10:46:59    | 2025-07-06 12:31:00    | null                  | 6241  | 1426.66 | null      | -181      |
|         |            |                        |                   |           |            |              | UTC                    | UTC                    | UTC                    |                       |       |         |           |           |
| 2025-01 | BAW1B      | null                   | B78X              | 592       | 09R        | true         | 2025-01-11 11:25:00    | 2025-01-11 11:42:57    | 2025-01-11 13:25:03    | null                  | 6126  | 1580.53 | null      | 1077      |
|         |            |                        |                   |           |            |              | UTC                    | UTC                    | UTC                    |                       |       |         |           |           |
| 2025-07 | SWR13Y     | 813bafd420ebe84b781f8b | BCS3              | 218L      | 27R        | false        | 2025-07-30 13:25:00    | 2025-07-30 14:05:59    | 2025-07-30 16:10:01    | 2025-07-30 15:46:00   | 7442  | 2940.79 | 6001      | 2459      |
|         |            | 5a8e907093746a0c8c...  |                   |           |            |              | UTC                    | UTC                    | UTC                    | UTC                   |       |         |           |           |
| 2025-07 | BAW538     | 8e92b7d7ac51748efe185c | A320              | 507       | 27R        | false        | 2025-07-06 14:20:00    | 2025-07-06 15:06:57    | 2025-07-06 16:48:02    | 2025-07-06 17:22:00   | 6065  | 1885.10 | 8103      | 2817      |
|         |            | 21ae9d676c546d239f...  |                   |           |            |              | UTC                    | UTC                    | UTC                    | UTC                   |       |         |           |           |

==============================================================================
B. §18 TRANSFER TEST: Jan-vs-Jul mean residual by group
==============================================================================
shape: (16, 7)
| ap   | key                   | trimmed | groups | corr  | d_rmse_Jul | d_rmse_Jan |
| ---  | ---                   | ---     | ---    | ---   | ---        | ---        |
| str  | str                   | bool    | i64    | f64   | f64        | f64        |
|------|-----------------------|---------|--------|-------|------------|------------|
| EGLL | AIRCRAFT_OPERATOR_flt | false   | 57     | -0.22 | 2.31       | 1.00       |
| EGLL | AIRCRAFT_OPERATOR_flt | true    | 57     | -0.22 | 2.31       | 1.00       |
| EGLL | RUNWAY_mvt            | false   | 3      | -0.70 | 2.77       | 1.33       |
| EGLL | RUNWAY_mvt            | true    | 3      | -0.70 | 2.77       | 1.33       |
| EGLL | hour                  | false   | 17     | -0.08 | 2.81       | 2.35       |
| EGLL | hour                  | true    | 17     | -0.08 | 2.81       | 2.35       |
| EGLL | stand_group           | false   | 1      | null  | null       | null       |
| EGLL | stand_group           | true    | 1      | null  | null       | null       |
| LTFM | AIRCRAFT_OPERATOR_flt | false   | 56     | -0.17 | 2.29       | 8.13       |
| LTFM | AIRCRAFT_OPERATOR_flt | true    | 56     | -0.17 | 2.29       | 8.13       |
| LTFM | RUNWAY_mvt            | false   | 5      | -0.86 | 1.78       | 15.96      |
| LTFM | RUNWAY_mvt            | true    | 5      | -0.86 | 1.78       | 15.96      |
| LTFM | hour                  | false   | 24     | -0.55 | 3.35       | 13.54      |
| LTFM | hour                  | true    | 24     | -0.55 | 3.35       | 13.54      |
| LTFM | stand_group           | false   | 10     | 0.28  | 1.92       | 8.27       |
| LTFM | stand_group           | true    | 10     | 0.28  | 1.92       | 8.27       |

==============================================================================
C. RECORDING PATTERNS over all 2025 DEP (training months + holdout)
==============================================================================

--- LTFM: 2025 DEP rows 272,965
shape: (13, 2)
| flag                                    | pct_rows_2025 |
| ---                                     | ---           |
| str                                     | f64           |
|-----------------------------------------|---------------|
| echo |block-sched|<30                   | 5.15          |
| block == AOBT_3 (+-30s)                 | 4.07          |
| block == EOBT_1 (+-30s)                 | 5.53          |
| block == LOBT (+-30s)                   | 5.53          |
| block == IOBT (+-30s)                   | 5.57          |
| taxi <= 0                               | 0.00          |
| taxi < 120                              | 0.00          |
| taxi > 2 h                              | 0.01          |
| taxi > 5 h                              | 0.00          |
| taxi within 90 min of k*24h (k>=1)      | 0.00          |
| block stamped on :00 s                  | 8.30          |
| block shared by >= 3 dep (same airport) | 0.14          |
| NM-unmatched                            | 1.33          |
  by month (% rows):
shape: (12, 10)
| ym      | echo |block-sched| | block == AOBT_3 (+ | block == EOBT_1 (+ | block stamped on : | block shared by >= | NM-unmatched | taxi > 2 h | med_taxi | n     |
| ---     | ---                | ---                | ---                | ---                | ---                | ---          | ---        | ---      | ---   |
| str     | f64                | f64                | f64                | f64                | f64                | f64          | f64        | f64      | u32   |
|---------|--------------------|--------------------|--------------------|--------------------|--------------------|--------------|------------|----------|-------|
| 2025-01 | 5.20               | 3.64               | 5.82               | 8.42               | 0.11               | 1.07         | 0.00       | 967.00   | 21368 |
| 2025-02 | 5.30               | 3.01               | 5.74               | 8.22               | 0.09               | 1.98         | 0.10       | 1009.00  | 18328 |
| 2025-03 | 4.97               | 3.12               | 5.59               | 8.11               | 0.10               | 0.93         | 0.00       | 957.00   | 20798 |
| 2025-04 | 5.26               | 3.82               | 5.88               | 8.18               | 0.13               | 1.02         | 0.00       | 955.00   | 22301 |
| 2025-05 | 5.57               | 3.82               | 5.99               | 8.55               | 0.17               | 1.16         | 0.00       | 1014.00  | 23134 |
| 2025-06 | 5.29               | 4.56               | 5.34               | 8.23               | 0.08               | 1.22         | 0.00       | 951.00   | 23482 |
| 2025-07 | 5.05               | 4.43               | 5.16               | 8.28               | 0.18               | 1.68         | 0.00       | 1012.00  | 25171 |
| 2025-08 | 4.55               | 5.06               | 4.87               | 8.20               | 0.15               | 1.24         | 0.00       | 959.00   | 25440 |
| 2025-09 | 4.85               | 4.92               | 5.10               | 8.24               | 0.17               | 1.33         | 0.00       | 949.00   | 24064 |
| 2025-10 | 4.88               | 4.31               | 5.25               | 8.24               | 0.11               | 1.52         | 0.00       | 1014.00  | 24080 |
| 2025-11 | 5.60               | 3.63               | 6.03               | 8.66               | 0.19               | 1.38         | 0.00       | 1015.00  | 22190 |
| 2025-12 | 5.37               | 3.98               | 5.80               | 8.29               | 0.23               | 1.44         | 0.00       | 910.00   | 22609 |
  most frequent label values:
shape: (8, 3)
| taxi   | len  | pct  |
| ---    | ---  | ---  |
| f64    | u32  | f64  |
|--------|------|------|
| 903.00 | 1064 | 0.39 |
| 842.00 | 1058 | 0.39 |
| 904.00 | 1052 | 0.39 |
| 900.00 | 1049 | 0.38 |
| 832.00 | 1044 | 0.38 |
| 841.00 | 1043 | 0.38 |
| 829.00 | 1039 | 0.38 |
| 891.00 | 1036 | 0.38 |
  label vs other off-block fields: |field - block| quantiles (s), NM-matched rows
shape: (5, 8)
| field           | n      | q10   | q25    | q50    | q75    | q90     | exact_pct |
| ---             | ---    | ---   | ---    | ---    | ---    | ---     | ---       |
| str             | i64    | f64   | f64    | f64    | f64    | f64     | f64       |
|-----------------|--------|-------|--------|--------|--------|---------|-----------|
| lab_minus_aobt3 | 269320 | 62.00 | 179.00 | 356.00 | 534.00 | 664.00  | 0.33      |
| lab_minus_eobt  | 269320 | 59.00 | 124.00 | 302.00 | 601.00 | 960.00  | 0.44      |
| lab_minus_lobt  | 269320 | 59.00 | 124.00 | 302.00 | 601.00 | 960.00  | 0.44      |
| lab_minus_iobt  | 269320 | 59.00 | 124.00 | 302.00 | 600.00 | 958.00  | 0.45      |
| d               | 269342 | 60.00 | 175.00 | 358.00 | 781.00 | 1917.00 | 0.41      |
  large delays (T - SOBT >= 3 h): label kinds, NM-matched vs unmatched
shape: (2, 3)
| nm_unmatched | normal <=2h | 2-12h |
| ---          | ---         | ---   |
| bool         | u32         | u32   |
|--------------|-------------|-------|
| false        | 2860        | 1     |
| true         | 73          | 12    |
  NM-unmatched: block date vs sched date for labels > 2 h (LIRF-bug check)
shape: (1, 3)
| n   | block_date==sched_date | block+1d_within_90min_before_T |
| --- | ---                    | ---                            |
| u32 | f64                    | u32                            |
|-----|------------------------|--------------------------------|
| 19  | 0.63                   | 0                              |
  holdout (LTFM): squared-error share by flag
shape: (13, 6)
| flag                                    | n    | pct_rows | pct_SSE | rmse    | mean_res |
| ---                                     | ---  | ---      | ---     | ---     | ---      |
| str                                     | i64  | f64      | f64     | f64     | f64      |
|-----------------------------------------|------|----------|---------|---------|----------|
| echo |block-sched|<30                   | 2382 | 5.12     | 3.57    | 221.95  | 59.85    |
| block == AOBT_3 (+-30s)                 | 1894 | 4.07     | 2.44    | 205.63  | 64.54    |
| block == EOBT_1 (+-30s)                 | 2542 | 5.46     | 3.45    | 210.96  | 64.98    |
| block == LOBT (+-30s)                   | 2542 | 5.46     | 3.45    | 210.96  | 64.98    |
| block == IOBT (+-30s)                   | 2566 | 5.51     | 3.48    | 211.08  | 64.82    |
| taxi <= 0                               | 0    | 0.00     | 0.00    | 0.00    | 0.00     |
| taxi < 120                              | 0    | 0.00     | 0.00    | 0.00    | 0.00     |
| taxi > 2 h                              | 1    | 0.00     | 1.26    | 6436.94 | 6436.94  |
| taxi > 5 h                              | 0    | 0.00     | 0.00    | 0.00    | 0.00     |
| taxi within 90 min of k*24h (k>=1)      | 0    | 0.00     | 0.00    | 0.00    | 0.00     |
| block stamped on :00 s                  | 3884 | 8.35     | 8.41    | 266.56  | 22.78    |
| block shared by >= 3 dep (same airport) | 69   | 0.15     | 0.07    | 186.85  | -4.89    |
| NM-unmatched                            | 653  | 1.40     | 8.49    | 653.19  | 48.72    |

--- EGLL: 2025 DEP rows 239,546
shape: (13, 2)
| flag                                    | pct_rows_2025 |
| ---                                     | ---           |
| str                                     | f64           |
|-----------------------------------------|---------------|
| echo |block-sched|<30                   | 4.87          |
| block == AOBT_3 (+-30s)                 | 9.40          |
| block == EOBT_1 (+-30s)                 | 6.85          |
| block == LOBT (+-30s)                   | 5.53          |
| block == IOBT (+-30s)                   | 5.54          |
| taxi <= 0                               | 0.00          |
| taxi < 120                              | 0.00          |
| taxi > 2 h                              | 0.02          |
| taxi > 5 h                              | 0.00          |
| taxi within 90 min of k*24h (k>=1)      | 0.00          |
| block stamped on :00 s                  | 8.38          |
| block shared by >= 3 dep (same airport) | 0.08          |
| NM-unmatched                            | 0.59          |
  by month (% rows):
shape: (12, 10)
| ym      | echo |block-sched| | block == AOBT_3 (+ | block == EOBT_1 (+ | block stamped on : | block shared by >= | NM-unmatched | taxi > 2 h | med_taxi | n     |
| ---     | ---                | ---                | ---                | ---                | ---                | ---          | ---        | ---      | ---   |
| str     | f64                | f64                | f64                | f64                | f64                | f64          | f64        | f64      | u32   |
|---------|--------------------|--------------------|--------------------|--------------------|--------------------|--------------|------------|----------|-------|
| 2025-01 | 4.07               | 9.38               | 7.31               | 8.31               | 0.14               | 0.66         | 0.04       | 1261.00  | 19420 |
| 2025-02 | 4.93               | 9.90               | 8.22               | 8.16               | 0.13               | 0.21         | 0.01       | 1268.00  | 17956 |
| 2025-03 | 4.97               | 9.24               | 7.72               | 8.40               | 0.05               | 0.47         | 0.00       | 1317.00  | 19251 |
| 2025-04 | 5.64               | 9.74               | 8.09               | 8.35               | 0.06               | 0.18         | 0.00       | 1267.00  | 20229 |
| 2025-05 | 5.54               | 10.04              | 7.53               | 8.51               | 0.10               | 0.33         | 0.01       | 1316.00  | 20791 |
| 2025-06 | 4.91               | 9.26               | 6.77               | 8.63               | 0.07               | 0.63         | 0.00       | 1327.00  | 20063 |
| 2025-07 | 4.23               | 8.81               | 5.39               | 8.19               | 0.07               | 1.63         | 0.06       | 1373.00  | 20790 |
| 2025-08 | 5.25               | 9.11               | 6.30               | 8.63               | 0.07               | 0.54         | 0.02       | 1321.00  | 20828 |
| 2025-09 | 4.23               | 9.17               | 5.45               | 8.20               | 0.04               | 1.01         | 0.01       | 1372.00  | 20138 |
| 2025-10 | 4.93               | 9.43               | 6.63               | 8.48               | 0.04               | 0.44         | 0.02       | 1329.00  | 20657 |
| 2025-11 | 5.05               | 9.65               | 6.88               | 8.44               | 0.12               | 0.28         | 0.01       | 1319.00  | 19423 |
| 2025-12 | 4.67               | 9.16               | 6.14               | 8.21               | 0.03               | 0.64         | 0.01       | 1323.00  | 20000 |
  most frequent label values:
shape: (8, 3)
| taxi    | len | pct  |
| ---     | --- | ---  |
| f64     | u32 | f64  |
|---------|-----|------|
| 1319.00 | 770 | 0.32 |
| 1321.00 | 767 | 0.32 |
| 1258.00 | 762 | 0.32 |
| 1271.00 | 760 | 0.32 |
| 1192.00 | 752 | 0.31 |
| 1322.00 | 748 | 0.31 |
| 1314.00 | 746 | 0.31 |
| 1201.00 | 744 | 0.31 |
  label vs other off-block fields: |field - block| quantiles (s), NM-matched rows
shape: (5, 8)
| field           | n      | q10   | q25    | q50    | q75    | q90     | exact_pct |
| ---             | ---    | ---   | ---    | ---    | ---    | ---     | ---       |
| str             | i64    | f64   | f64    | f64    | f64    | f64     | f64       |
|-----------------|--------|-------|--------|--------|--------|---------|-----------|
| lab_minus_aobt3 | 238132 | 54.00 | 64.00  | 179.00 | 303.00 | 484.00  | 0.79      |
| lab_minus_eobt  | 238132 | 57.00 | 120.00 | 295.00 | 546.00 | 1014.00 | 0.58      |
| lab_minus_lobt  | 238132 | 59.00 | 174.00 | 355.00 | 655.00 | 1024.00 | 0.48      |
| lab_minus_iobt  | 238132 | 59.00 | 174.00 | 355.00 | 655.00 | 1024.00 | 0.48      |
| d               | 238132 | 61.00 | 179.00 | 416.00 | 844.00 | 1924.00 | 0.43      |
  large delays (T - SOBT >= 3 h): label kinds, NM-matched vs unmatched
shape: (2, 3)
| nm_unmatched | 2-12h | normal <=2h |
| ---          | ---   | ---         |
| bool         | u32   | u32         |
|--------------|-------|-------------|
| true         | 1     | 117         |
| false        | 6     | 1100        |
  NM-unmatched: block date vs sched date for labels > 2 h (LIRF-bug check)
shape: (1, 3)
| n   | block_date==sched_date | block+1d_within_90min_before_T |
| --- | ---                    | ---                            |
| u32 | f64                    | u32                            |
|-----|------------------------|--------------------------------|
| 11  | 1.00                   | 0                              |
  holdout (EGLL): squared-error share by flag
shape: (13, 6)
| flag                                    | n    | pct_rows | pct_SSE | rmse    | mean_res |
| ---                                     | ---  | ---      | ---     | ---     | ---      |
| str                                     | i64  | f64      | f64     | f64     | f64      |
|-----------------------------------------|------|----------|---------|---------|----------|
| echo |block-sched|<30                   | 1670 | 4.15     | 2.22    | 205.87  | 11.35    |
| block == AOBT_3 (+-30s)                 | 3653 | 9.08     | 2.42    | 145.31  | -0.42    |
| block == EOBT_1 (+-30s)                 | 2539 | 6.31     | 2.45    | 175.61  | 30.38    |
| block == LOBT (+-30s)                   | 1960 | 4.87     | 2.20    | 189.41  | 16.38    |
| block == IOBT (+-30s)                   | 1960 | 4.87     | 2.21    | 189.50  | 16.26    |
| taxi <= 0                               | 0    | 0.00     | 0.00    | 0.00    | 0.00     |
| taxi < 120                              | 4    | 0.01     | 0.13    | 1003.94 | -987.95  |
| taxi > 2 h                              | 20   | 0.05     | 16.13   | 5073.14 | 4408.53  |
| taxi > 5 h                              | 0    | 0.00     | 0.00    | 0.00    | 0.00     |
| taxi within 90 min of k*24h (k>=1)      | 0    | 0.00     | 0.00    | 0.00    | 0.00     |
| block stamped on :00 s                  | 3316 | 8.25     | 7.55    | 269.57  | -7.97    |
| block shared by >= 3 dep (same airport) | 42   | 0.10     | 0.28    | 458.19  | -48.38   |
| NM-unmatched                            | 466  | 1.16     | 20.56   | 1186.59 | 269.82   |
run finished 2026-09-29 12:08:00
