stack weights (full holdout): {'lgb': np.float64(0.4589), 'catcorr': np.float64(0.5551)}
holdout in-sample RMSE: lgb 335.63  stack 330.05
quality factors: {'appear/good': 1.211, 'appear/poor': 0.75, 'dwell/good': 1.649, 'dwell/poor': 0.637}
partial: b 243 s/km | w {'near': 0.265, 'far': 0.084} | a {'EDDF': 280, 'EDDM': 174, 'EGLL': 560, 'EHAM': 160, 'LEBL': 262, 'LEMD': 359, 'LSZH': 238} | a_pooled 356
ADS-B blend: tier w {'appear': 0.654, 'dwell': 0.4} | lags {'EDDF': -31, 'EDDM': -49, 'EGLL': -169, 'EHAM': -22, 'LEBL': -36, 'LEMD': -136, 'LFPG': -39, 'LSZH': -27} | cells {'EDDF/appear': 0.72, 'EDDF/dwell': 0.34, 'EDDM/appear': 0.86, 'EDDM/dwell': 0.55, 'EGLL/appear': 0.8, 'EGLL/dwell': 0.29, 'EHAM/appear': 0.53, 'EHAM/dwell': 0.34, 'LEBL/appear': 0.8, 'LEBL/dwell': 0.44, 'LSZH/appear': 0.53, 'LSZH/dwell': 0.51}
wrote stack_lgb_catcorr.parquet  n=344,841  median=970  mean=1048.1  max=112374
ADS-B blended ranking rows: 94,529 of 344,841 (27.4%); mean shift -28.6s
shape: (8, 4)
| ADEP_mvt | n     | mean_shift_s | mean_abs_shift_s |
| ---      | ---   | ---          | ---              |
| str      | u32   | f64          | f64              |
|----------|-------|--------------|------------------|
| EDDF     | 1535  | -36.4        | 87.7             |
| EDDM     | 19797 | -34.4        | 101.5            |
| EGLL     | 19547 | -34.5        | 98.9             |
| EHAM     | 28380 | -12.1        | 79.4             |
| LEBL     | 12257 | -41.1        | 87.4             |
| LEMD     | 6593  | -20.0        | 81.2             |
| LFPG     | 24    | 0.6          | 73.7             |
| LSZH     | 6396  | -49.4        | 90.4             |
wrote stack_lgb_catcorr_adsb.parquet  n=344,841  median=966  mean=1040.3  max=112374
partial-track rows: 47,304 (13.7%); mean shift +4.3s; per airport {'EDDF': 4412, 'EDDM': 4864, 'EGLL': 8471, 'EHAM': 4664, 'LEBL': 8349, 'LEMD': 8665, 'LFPG': 220, 'LSZH': 7659}
wrote stack_lgb_catcorr_adsb_partial.parquet  n=344,841  median=966  mean=1040.8  max=112374
quality-modulated blend: rows 94,529; mean |change vs unmodulated| 31.8s; quality mix {'poor': 40940, 'good': 53589}
wrote stack_lgb_catcorr_adsbq_partial.parquet  n=344,841  median=968  mean=1043.4  max=112374
