stack weights (full holdout): {'lgb': np.float64(0.5562), 'catrerun': np.float64(0.4555)}
holdout in-sample RMSE: lgb 335.63  stack 332.52
quality factors: {'appear/good': 1.208, 'appear/poor': 0.746, 'dwell/good': 1.631, 'dwell/poor': 0.636}
partial: b 243 s/km | w {'near': 0.266, 'far': 0.08} | a {'EDDF': 280, 'EDDM': 174, 'EGLL': 560, 'EHAM': 160, 'LEBL': 262, 'LEMD': 359, 'LSZH': 238} | a_pooled 356
ADS-B blend: tier w {'appear': 0.66, 'dwell': 0.408} | lags {'EDDF': -31, 'EDDM': -49, 'EGLL': -169, 'EHAM': -22, 'LEBL': -36, 'LEMD': -136, 'LFPG': -39, 'LSZH': -27} | cells {'EDDF/appear': 0.72, 'EDDF/dwell': 0.33, 'EDDM/appear': 0.87, 'EDDM/dwell': 0.57, 'EGLL/appear': 0.8, 'EGLL/dwell': 0.28, 'EHAM/appear': 0.55, 'EHAM/dwell': 0.35, 'LEBL/appear': 0.8, 'LEBL/dwell': 0.45, 'LSZH/appear': 0.52, 'LSZH/dwell': 0.5}
wrote control_stack_lgb_catrerun.parquet  n=344,841  median=971  mean=1047.6  max=112018
ADS-B blended ranking rows: 94,529 of 344,841 (27.4%); mean shift -27.1s
shape: (8, 4)
| ADEP_mvt | n     | mean_shift_s | mean_abs_shift_s |
| ---      | ---   | ---          | ---              |
| str      | u32   | f64          | f64              |
|----------|-------|--------------|------------------|
| EDDF     | 1535  | -39.2        | 87.6             |
| EDDM     | 19797 | -32.7        | 103.3            |
| EGLL     | 19547 | -31.5        | 97.6             |
| EHAM     | 28380 | -9.9         | 82.9             |
| LEBL     | 12257 | -41.1        | 88.0             |
| LEMD     | 6593  | -24.0        | 83.1             |
| LFPG     | 24    | -6.9         | 75.8             |
| LSZH     | 6396  | -46.9        | 89.2             |
wrote control_stack_lgb_catrerun_adsb.parquet  n=344,841  median=966  mean=1040.2  max=112018
partial-track rows: 47,304 (13.7%); mean shift +4.7s; per airport {'EDDF': 4412, 'EDDM': 4864, 'EGLL': 8471, 'EHAM': 4664, 'LEBL': 8349, 'LEMD': 8665, 'LFPG': 220, 'LSZH': 7659}
wrote control_stack_lgb_catrerun_adsb_partial.parquet  n=344,841  median=967  mean=1040.8  max=112018
quality-modulated blend: rows 94,529; mean |change vs unmodulated| 31.9s; quality mix {'poor': 40940, 'good': 53589}
wrote control_stack_lgb_catrerun_adsbq_partial.parquet  n=344,841  median=969  mean=1043.5  max=112018
