run started 2026-09-29 12:26:00
detector files 126, newest mtime 2026-09-28 23:22

==============================================================================
A. STAND_mvt -> Gateway resolution, % of DEP rows
==============================================================================
shape: (10, 5)
| ADEP_mvt | 2025-01 | 2025-07 | 2026-01 | 2026-07 |
| ---      | ---     | ---     | ---     | ---     |
| str      | f64     | f64     | f64     | f64     |
|----------|---------|---------|---------|---------|
| EDDF     | 92.6    | 93.1    | 92.5    | 83.5    |
| EDDM     | 100.0   | 100.0   | 100.0   | 99.9    |
| EGLL     | 97.8    | 97.7    | 97.7    | 97.3    |
| EHAM     | 96.2    | 96.3    | 96.3    | 96.1    |
| LEBL     | 99.0    | 98.8    | 98.8    | 98.9    |
| LEMD     | 96.9    | 96.3    | 96.2    | 96.2    |
| LFPG     | 93.3    | 92.4    | 91.9    | 91.9    |
| LIRF     | 99.8    | 99.1    | 98.4    | 98.8    |
| LSZH     | 85.7    | 85.0    | 84.3    | 86.4    |
| LTFM     | 99.2    | 98.8    | 99.0    | 98.6    |
all 2025 months (resolution by month, %):
shape: (10, 13)
| ADEP_mvt | 2025-01 | 2025-02 | 2025-03 | 2025-04 | 2025-05 | 2025-06 | 2025-07 | 2025-08 | 2025-09 | 2025-10 | 2025-11 | 2025-12 |
| ---      | ---     | ---     | ---     | ---     | ---     | ---     | ---     | ---     | ---     | ---     | ---     | ---     |
| str      | f64     | f64     | f64     | f64     | f64     | f64     | f64     | f64     | f64     | f64     | f64     | f64     |
|----------|---------|---------|---------|---------|---------|---------|---------|---------|---------|---------|---------|---------|
| EDDF     | 92.6    | 92.6    | 92.8    | 93.0    | 92.9    | 92.8    | 93.1    | 93.3    | 93.1    | 93.5    | 93.5    | 92.9    |
| EDDM     | 100.0   | 99.8    | 100.0   | 100.0   | 100.0   | 100.0   | 100.0   | 100.0   | 100.0   | 100.0   | 100.0   | 100.0   |
| EGLL     | 97.8    | 98.2    | 98.0    | 97.7    | 97.5    | 97.7    | 97.7    | 97.6    | 97.5    | 97.5    | 97.7    | 97.7    |
| EHAM     | 96.2    | 95.9    | 95.8    | 95.6    | 95.9    | 95.4    | 96.3    | 95.9    | 96.1    | 96.3    | 95.9    | 96.0    |
| LEBL     | 99.0    | 99.0    | 99.1    | 99.2    | 99.0    | 99.0    | 98.8    | 99.0    | 98.9    | 98.9    | 99.0    | 99.3    |
| LEMD     | 96.9    | 96.6    | 96.6    | 96.7    | 96.4    | 96.6    | 96.3    | 96.5    | 96.9    | 95.8    | 96.3    | 96.1    |
| LFPG     | 93.3    | 93.5    | 93.5    | 93.4    | 93.4    | 93.7    | 92.4    | 91.6    | 92.6    | 92.6    | 92.2    | 92.4    |
| LIRF     | 99.8    | 99.8    | 99.3    | 99.0    | 99.0    | 99.1    | 99.1    | 98.9    | 98.8    | 98.6    | 98.4    | 98.3    |
| LSZH     | 85.7    | 86.3    | 85.9    | 86.9    | 85.6    | 84.0    | 85.0    | 85.0    | 84.9    | 86.1    | 86.4    | 85.4    |
| LTFM     | 99.2    | 99.2    | 99.4    | 99.3    | 99.0    | 99.0    | 98.8    | 98.8    | 99.0    | 98.9    | 99.0    | 98.9    |
top-20 unresolved STAND_mvt per airport and year (Jan/Jul months), n and % of that airport-year's DEP:

--- EDDF: unresolved share 2025 7.1% / 2026 12.6%
shape: (20, 2)
| unresolved 2025 | unresolved 2026 |
| ---             | ---             |
| str             | str             |
|-----------------|-----------------|
| B41 (422)       | B41 (423)       |
| V153 (290)      | B20 (355)       |
| V151 (290)      | V151 (282)      |
| B20 (265)       | V153 (261)      |
| V93 (212)       | V93 (189)       |
| V701 (194)      | H5 (182)        |
| V322 (141)      | V701 (175)      |
| V326 (132)      | J1 (153)        |
| V324 (125)      | J4 (149)        |
| V328 (108)      | J2 (140)        |
| V712 (53)       | V322 (127)      |
| V714 (52)       | H9 (113)        |
| V713 (45)       | J8 (111)        |
| V715 (44)       | J6 (108)        |
| V711 (40)       | J3 (107)        |
| V716 (35)       | V324 (106)      |
| V717 (32)       | J5 (104)        |
| V704 (23)       | V326 (102)      |
| V702 (20)       | J10 (98)        |
| V718 (19)       | J7 (97)         |

--- EDDM: unresolved share 2025 0.0% / 2026 0.1%
shape: (11, 2)
| unresolved 2025 | unresolved 2026 |
| ---             | ---             |
| str             | str             |
|-----------------|-----------------|
| 64A (3)         | 66B (2)         |
| 66A (1)         | M17 (2)         |
| 65B (1)         | 61N (1)         |
| 84D (1)         | DS (1)          |
| TWF (1)         | M18 (1)         |
| C4 (1)          | 65B (1)         |
| M14 (1)         | M19 (1)         |
| null            | 63A (1)         |
| null            | 63B (1)         |
| null            | 61A (1)         |
| null            | 66A (1)         |

--- EGLL: unresolved share 2025 2.3% / 2026 2.5%
shape: (8, 2)
| unresolved 2025 | unresolved 2026 |
| ---             | ---             |
| str             | str             |
|-----------------|-----------------|
| 323 (279)       | 323 (301)       |
| 325 (259)       | 325 (269)       |
| 237 (143)       | 237L (157)      |
| 237R (116)      | 237R (148)      |
| 237L (105)      | 237 (113)       |
| RB1 (1)         | null            |
| null            | null            |
| BB (1)          | null            |

--- EHAM: unresolved share 2025 3.7% / 2026 3.8%
shape: (18, 2)
| unresolved 2025 | unresolved 2026 |
| ---             | ---             |
| str             | str             |
|-----------------|-----------------|
| A82 (261)       | A84 (227)       |
| A84 (254)       | A85 (225)       |
| A81 (244)       | A83 (217)       |
| A85 (243)       | A82 (210)       |
| A83 (186)       | A81 (197)       |
| HG01 (152)      | HG01 (156)      |
| Y74 (68)        | Y74 (86)        |
| HG03 (62)       | HG03 (65)       |
| K76 (29)        | K76 (44)        |
| HG32 (6)        | HG32 (14)       |
| K02 (5)         | U11 (8)         |
| HG11 (5)        | U17 (3)         |
| K01 (4)         | HG11 (2)        |
| HG73 (4)        | HG02 (2)        |
| K78 (3)         | K01 (1)         |
| HG05 (2)        | HG05 (1)        |
| U29 (1)         | K02 (1)         |
| U12 (1)         | P7 (1)          |

--- LEBL: unresolved share 2025 1.2% / 2026 1.2%
shape: (9, 2)
| unresolved 2025 | unresolved 2026 |
| ---             | ---             |
| str             | str             |
|-----------------|-----------------|
| UNKNOWN (273)   | UNKNOWN (246)   |
| 421 (33)        | 421 (64)        |
| 914 (7)         | 914 (12)        |
| 912 (7)         | 908 (11)        |
| 908 (5)         | 912 (9)         |
| 910 (4)         | 910 (5)         |
| 916 (3)         | 918 (2)         |
| 918 (1)         | 916 (1)         |
| 917 (1)         | null            |

--- LEMD: unresolved share 2025 3.4% / 2026 3.8%
shape: (20, 2)
| unresolved 2025 | unresolved 2026 |
| ---             | ---             |
| str             | str             |
|-----------------|-----------------|
| T20 (346)       | T20 (367)       |
| 24 (61)         | 259 (146)       |
| 259 (60)        | 263 (109)       |
| 263 (60)        | 26 (70)         |
| 23 (59)         | 25 (67)         |
| 20 (57)         | 22 (58)         |
| 26 (53)         | 24 (55)         |
| 25 (53)         | 23 (50)         |
| 22 (50)         | 20 (46)         |
| 55 (49)         | 184 (44)        |
| 21 (40)         | 55 (42)         |
| 65 (39)         | 21 (38)         |
| 184 (35)        | 65 (33)         |
| 107 (29)        | 190 (31)        |
| 210 (27)        | 182 (31)        |
| 97 (20)         | 186 (26)        |
| 182 (20)        | 107 (23)        |
| 188 (19)        | 210 (18)        |
| 190 (18)        | 178 (16)        |
| 212 (18)        | 149 (16)        |

--- LFPG: unresolved share 2025 7.2% / 2026 8.1%
shape: (20, 2)
| unresolved 2025 | unresolved 2026 |
| ---             | ---             |
| str             | str             |
|-----------------|-----------------|
| F34 (352)       | F34 (384)       |
| E01 (312)       | E01 (346)       |
| U14 (283)       | U03 (334)       |
| U15 (266)       | E15 (327)       |
| U12 (266)       | U15 (291)       |
| U16 (245)       | U14 (281)       |
| U13 (224)       | U12 (267)       |
| U03 (215)       | U16 (266)       |
| U04 (132)       | U13 (266)       |
| E27 (118)       | E27 (106)       |
| E15 (109)       | U04 (86)        |
| U05 (89)        | U17 (73)        |
| E08 (75)        | U05 (43)        |
| I84 (36)        | I84 (37)        |
| J51 (30)        | I83 (35)        |
| J55 (24)        | J51 (35)        |
| I83 (22)        | J55 (26)        |
| J57 (22)        | J53 (21)        |
| J53 (21)        | J57 (14)        |
| U17 (12)        | null            |

--- LIRF: unresolved share 2025 0.6% / 2026 1.4%
shape: (6, 2)
| unresolved 2025 | unresolved 2026 |
| ---             | ---             |
| str             | str             |
|-----------------|-----------------|
| 801 (102)       | 801 (271)       |
| 108 (31)        | 108 (55)        |
| 102 (21)        | 847 (21)        |
| 106 (6)         | 106 (15)        |
| null            | 107 (8)         |
| HNG (1)         | null            |

--- LSZH: unresolved share 2025 14.7% / 2026 14.5%
shape: (20, 2)
| unresolved 2025 | unresolved 2026 |
| ---             | ---             |
| str             | str             |
|-----------------|-----------------|
| GA6 (374)       | GA6 (314)       |
| I01 (251)       | I03 (237)       |
| I02 (244)       | I01 (231)       |
| I03 (218)       | I04 (225)       |
| I04 (207)       | F70 (220)       |
| F70 (203)       | I02 (217)       |
| I05 (196)       | F71 (206)       |
| F71 (191)       | I05 (204)       |
| MFG (185)       | REG (155)       |
| REG (144)       | MFG (137)       |
| 501 (116)       | 501 (133)       |
| T46 (103)       | 108 (76)        |
| HAN (85)        | 107 (68)        |
| HPW (78)        | HPW (67)        |
| 107 (65)        | T51 (61)        |
| 108 (56)        | HAN (59)        |
| T63 (39)        | T46 (55)        |
| T51 (37)        | T63 (42)        |
| 106 (35)        | 106 (42)        |
| 111 (30)        | 903 (38)        |

--- LTFM: unresolved share 2025 1.0% / 2026 1.2%
shape: (20, 2)
| unresolved 2025 | unresolved 2026 |
| ---             | ---             |
| str             | str             |
|-----------------|-----------------|
| H41L (59)       | K25 (64)        |
| H41R (51)       | K26 (53)        |
| H40L (48)       | H40L (49)       |
| H43L (40)       | H41R (45)       |
| H44L (37)       | H41L (42)       |
| H44R (35)       | K27 (41)        |
| H43R (28)       | H40R (39)       |
| H45L (28)       | H43R (35)       |
| H40R (27)       | H43L (34)       |
| 603 (21)        | 603 (28)        |
| 601 (20)        | H44L (27)       |
| H45R (15)       | H44R (26)       |
| H30 (15)        | 602 (18)        |
| H46L (13)       | 601 (16)        |
| H46R (9)        | H30 (14)        |
| 604 (6)         | H45L (10)       |
| 602 (5)         | 604 (6)         |
| H31 (4)         | H31 (6)         |
| H36R (4)        | H12 (5)         |
| H36L (3)        | H46R (5)        |

==============================================================================
B. RECOVERY vs RESOLUTION (detector output, all ADS-B days)
==============================================================================
detector rows 700,513; without a movement row 0
shape: (30, 11)
| ADEP_mvt | grp          | dep   | cov_day% | resolved% | matched% | AD%dep | AD%|matched&res | res%|matched&noAD | med_first_own_m | med_min_own_m |
| ---      | ---          | ---   | ---      | ---       | ---      | ---    | ---             | ---               | ---             | ---           |
| str      | str          | u32   | f64      | f64       | f64      | f64    | f64             | f64               | f64             | f64           |
|----------|--------------|-------|----------|-----------|----------|--------|-----------------|-------------------|-----------------|---------------|
| EDDF     | 2025 Jan/Jul | 36830 | 100.0    | 92.9      | 70.8     | 12.4   | 18.7            | 92.2              | 721.7           | 563.5         |
| EDDF     | 2025 Sep/Nov | 1284  | 100.0    | 93.5      | 86.7     | 41.4   | 50.7            | 88.8              | 100.1           | 93.3          |
| EDDF     | 2026 Jan/Jul | 36317 | 100.0    | 87.4      | 57.5     | 4.2    | 8.4             | 86.3              | 1680.1          | 1417.4        |
| EDDM     | 2025 Jan/Jul | 27091 | 69.7     | 100.0     | 62.2     | 47.6   | 76.5            | 99.8              | 35.0            | 32.0          |
| EDDM     | 2025 Sep/Nov | 909   | 100.0    | 100.0     | 97.7     | 70.5   | 72.2            | 100.0             | 43.1            | 39.6          |
| EDDM     | 2026 Jan/Jul | 25966 | 100.0    | 99.9      | 98.7     | 76.2   | 77.3            | 99.8              | 33.6            | 31.6          |
| EGLL     | 2025 Jan/Jul | 40210 | 100.0    | 97.7      | 11.7     | 2.6    | 22.7            | 96.9              | 1223.6          | 1081.5        |
| EGLL     | 2025 Sep/Nov | 1263  | 100.0    | 97.8      | 43.7     | 7.6    | 17.8            | 97.4              | 899.7           | 872.1         |
| EGLL     | 2026 Jan/Jul | 39840 | 100.0    | 97.5      | 77.8     | 49.1   | 64.7            | 93.1              | 53.5            | 51.7          |
| EHAM     | 2025 Jan/Jul | 40949 | 100.0    | 96.3      | 98.3     | 66.3   | 70.0            | 88.8              | 57.7            | 55.5          |
| EHAM     | 2025 Sep/Nov | 1290  | 100.0    | 97.0      | 99.6     | 74.8   | 77.4            | 87.8              | 38.1            | 34.9          |
| EHAM     | 2026 Jan/Jul | 38182 | 100.0    | 96.2      | 99.7     | 74.3   | 77.5            | 85.1              | 39.7            | 36.9          |
| LEBL     | 2025 Jan/Jul | 28986 | 100.0    | 98.8      | 83.9     | 30.1   | 36.3            | 98.3              | 403.6           | 353.8         |
| LEBL     | 2025 Sep/Nov | 969   | 100.0    | 98.8      | 70.0     | 32.4   | 46.9            | 97.5              | 177.2           | 148.5         |
| LEBL     | 2026 Jan/Jul | 30080 | 100.0    | 98.8      | 87.1     | 40.7   | 47.3            | 97.9              | 128.3           | 113.7         |
| LEMD     | 2025 Jan/Jul | 35328 | 53.3     | 96.6      | 2.1      | 0.3    | 16.0            | 95.8              | 2313.9          | 1619.8        |
| LEMD     | 2025 Sep/Nov | 1163  | 100.0    | 96.6      | 94.3     | 21.0   | 23.0            | 95.7              | 797.6           | 731.4         |
| LEMD     | 2026 Jan/Jul | 36954 | 100.0    | 96.2      | 68.2     | 17.8   | 27.1            | 95.1              | 556.0           | 454.9         |
| LFPG     | 2025 Jan/Jul | 39612 | 54.8     | 92.8      | 7.4      | 0.0    | 0.2             | 92.5              | 9221.8          | 8301.3        |
| LFPG     | 2025 Sep/Nov | 1260  | 100.0    | 91.6      | 18.1     | 0.1    | 0.5             | 89.9              | 3847.1          | 3844.2        |
| LFPG     | 2026 Jan/Jul | 39872 | 100.0    | 91.9      | 9.5      | 0.1    | 0.7             | 90.8              | 4317.4          | 4281.9        |
| LIRF     | 2025 Jan/Jul | 26528 | 57.3     | 99.4      | 41.2     | 4.6    | 11.2            | 98.9              | 975.0           | 968.6         |
| LIRF     | 2025 Sep/Nov | 859   | 100.0    | 98.6      | 31.5     | 4.9    | 16.0            | 96.5              | 1468.7          | 1385.1        |
| LIRF     | 2026 Jan/Jul | 26899 | 44.9     | 98.6      | 23.6     | 5.7    | 24.6            | 98.0              | 1208.2          | 1133.6        |
| LSZH     | 2025 Jan/Jul | 22346 | 100.0    | 85.3      | 71.4     | 19.7   | 32.8            | 78.1              | 284.7           | 201.3         |
| LSZH     | 2025 Sep/Nov | 728   | 100.0    | 84.9      | 67.9     | 19.6   | 33.5            | 80.9              | 303.8           | 221.7         |
| LSZH     | 2026 Jan/Jul | 23150 | 100.0    | 85.5      | 84.8     | 27.6   | 38.3            | 78.1              | 243.2           | 169.6         |
| LTFM     | 2025 Jan/Jul | 46539 | 0.0      | 99.0      | 0.0      | 0.0    | 0.0             | 100.0             | 13021.3         | 13021.3       |
| LTFM     | 2025 Sep/Nov | 1528  | 0.0      | 98.8      | 0.0      | 0.0    | null            | null              | null            | null          |
| LTFM     | 2026 Jan/Jul | 47581 | 0.0      | 98.8      | 0.1      | 0.0    | 0.0             | 98.6              | 7796.9          | 7796.9        |

first-sighting distance to own (resolved) stand, matched runs: share by band (%)
shape: (29, 7)
| ADEP_mvt | grp          | (-inf, 100] | (100, 300] | (300, 1000] | (1000, 3000] | (3000, inf] |
| ---      | ---          | ---         | ---        | ---         | ---          | ---         |
| str      | str          | f64         | f64        | f64         | f64          | f64         |
|----------|--------------|-------------|------------|-------------|--------------|-------------|
| EDDF     | 2025 Jan/Jul | 18.5        | 10.2       | 30.4        | 30.1         | 10.7        |
| EDDF     | 2025 Sep/Nov | 49.9        | 12.4       | 13.0        | 16.6         | 8.1         |
| EDDF     | 2026 Jan/Jul | 8.3         | 4.6        | 19.6        | 41.0         | 26.4        |
| EDDM     | 2025 Jan/Jul | 75.1        | 11.2       | 8.6         | 4.6          | 0.6         |
| EDDM     | 2025 Sep/Nov | 70.9        | 12.4       | 10.7        | 5.7          | 0.2         |
| EDDM     | 2026 Jan/Jul | 76.1        | 11.8       | 7.5         | 4.1          | 0.5         |
| EGLL     | 2025 Jan/Jul | 22.4        | 6.2        | 16.7        | 34.3         | 20.5        |
| EGLL     | 2025 Sep/Nov | 17.4        | 11.3       | 24.4        | 34.1         | 12.8        |
| EGLL     | 2026 Jan/Jul | 64.0        | 15.6       | 12.7        | 5.6          | 2.1         |
| EHAM     | 2025 Jan/Jul | 68.8        | 12.2       | 9.2         | 8.1          | 1.8         |
| EHAM     | 2025 Sep/Nov | 75.6        | 7.0        | 6.0         | 10.1         | 1.3         |
| EHAM     | 2026 Jan/Jul | 76.1        | 7.7        | 5.6         | 8.8          | 1.8         |
| LEBL     | 2025 Jan/Jul | 36.0        | 10.6       | 25.2        | 28.0         | 0.3         |
| LEBL     | 2025 Sep/Nov | 46.5        | 6.7        | 20.5        | 26.0         | 0.3         |
| LEBL     | 2026 Jan/Jul | 46.7        | 10.8       | 21.7        | 20.3         | 0.4         |
| LEMD     | 2025 Jan/Jul | 15.8        | 5.2        | 11.8        | 26.9         | 40.3        |
| LEMD     | 2025 Sep/Nov | 22.5        | 10.0       | 24.2        | 36.4         | 6.8         |
| LEMD     | 2026 Jan/Jul | 27.0        | 13.0       | 22.7        | 26.6         | 10.7        |
| LFPG     | 2025 Jan/Jul | 0.2         | 0.5        | 2.0         | 24.2         | 73.1        |
| LFPG     | 2025 Sep/Nov | 0.5         | 1.0        | 4.9         | 35.1         | 58.5        |
| LFPG     | 2026 Jan/Jul | 0.7         | 1.0        | 5.4         | 34.2         | 58.8        |
| LIRF     | 2025 Jan/Jul | 11.0        | 4.7        | 38.3        | 45.4         | 0.6         |
| LIRF     | 2025 Sep/Nov | 15.6        | 4.9        | 11.4        | 66.5         | 1.5         |
| LIRF     | 2026 Jan/Jul | 24.4        | 6.1        | 15.9        | 52.4         | 1.2         |
| LSZH     | 2025 Jan/Jul | 30.0        | 22.4       | 33.5        | 13.1         | 0.9         |
| LSZH     | 2025 Sep/Nov | 31.9        | 17.8       | 32.3        | 16.4         | 1.6         |
| LSZH     | 2026 Jan/Jul | 36.7        | 17.4       | 28.8        | 16.4         | 0.7         |
| LTFM     | 2025 Jan/Jul | null        | null       | null        | null         | 100.0       |
| LTFM     | 2026 Jan/Jul | null        | null       | null        | 2.9          | 97.1        |

EDDF by day (resolved%, matched%, AD%, median first-sighting distance):
shape: (6, 10)
| month   | dep   | cov_days_frac | res% | matched% | AD%  | AD%_min | AD%_max | med_first_m | med_pts |
| ---     | ---   | ---           | ---  | ---      | ---  | ---     | ---     | ---         | ---     |
| str     | u32   | f64           | f64  | f64      | f64  | f64     | f64     | f64         | f64     |
|---------|-------|---------------|------|----------|------|---------|---------|-------------|---------|
| 2025-01 | 15496 | 1.0           | 92.6 | 68.3     | 10.3 | 6.0     | 19.0    | 782.4       | 25.0    |
| 2025-07 | 21334 | 1.0           | 93.1 | 72.5     | 13.9 | 8.9     | 19.6    | 706.1       | 31.0    |
| 2025-09 | 713   | 1.0           | 93.3 | 83.9     | 36.3 | 36.3    | 36.3    | 148.7       | 48.0    |
| 2025-11 | 571   | 1.0           | 93.9 | 90.2     | 47.6 | 47.6    | 47.6    | 89.9        | 60.0    |
| 2026-01 | 15667 | 1.0           | 92.5 | 50.4     | 5.6  | 0.2     | 20.3    | 1083.5      | 15.0    |
| 2026-07 | 20650 | 1.0           | 83.5 | 63.0     | 3.3  | 1.8     | 7.2     | 2170.4      | 8.0     |

==============================================================================
C. PER-STAND PERSISTENCE (stand families = leading letters of the key)
==============================================================================

--- EDDF (matched runs with resolved stand; AD% = appear/dwell share)
shape: (10, 7)
| fam | n_2025 Jan/Jul | n_2025 Sep/Nov | n_2026 Jan/Jul | AD%_2025 Jan/Jul | AD%_2025 Sep/Nov | AD%_2026 Jan/Jul |
| --- | ---            | ---            | ---            | ---              | ---              | ---              |
| str | u32            | u32            | u32            | f64              | f64              | f64              |
|-----|----------------|----------------|----------------|------------------|------------------|------------------|
| A   | 8117           | 322            | 6419           | 19.6             | 50.0             | 10.1             |
| V   | 8492           | 370            | 5687           | 15.9             | 45.9             | 6.3              |
| B   | 3187           | 127            | 2376           | 21.2             | 52.8             | 1.7              |
| C   | 1274           | 61             | 1085           | 22.3             | 72.1             | 13.8             |
| F   | 1342           | 72             | 873            | 37.6             | 50.0             | 13.4             |
| D   | 890            | 44             | 657            | 7.2              | 70.5             | 11.3             |
| E   | 824            | 37             | 639            | 1.2              | 48.6             | 0.8              |
| H   | 47             | 3              | 302            | 59.6             | 66.7             | 36.4             |
| K   | 152            | 10             | 129            | 4.6              | 10.0             | 9.3              |
| G   | 75             | 2              | 53             | 78.7             | 50.0             | 39.6             |

--- LEMD (matched runs with resolved stand; AD% = appear/dwell share)
shape: (2, 7)
| fam | n_2025 Jan/Jul | n_2026 Jan/Jul | n_2025 Sep/Nov | AD%_2025 Jan/Jul | AD%_2026 Jan/Jul | AD%_2025 Sep/Nov |
| --- | ---            | ---            | ---            | ---              | ---              | ---              |
| str | u32            | u32            | u32            | f64              | f64              | f64              |
|-----|----------------|----------------|----------------|------------------|------------------|------------------|
|     | 512            | 16983          | 714            | 17.2             | 27.3             | 25.2             |
| T   | 202            | 7311           | 346            | 12.9             | 26.8             | 18.5             |

--- LSZH (matched runs with resolved stand; AD% = appear/dwell share)
shape: (12, 7)
| fam | n_2025 Jan/Jul | n_2026 Jan/Jul | n_2025 Sep/Nov | AD%_2025 Jan/Jul | AD%_2026 Jan/Jul | AD%_2025 Sep/Nov |
| --- | ---            | ---            | ---            | ---              | ---              | ---              |
| str | u32            | u32            | u32            | f64              | f64              | f64              |
|-----|----------------|----------------|----------------|------------------|------------------|------------------|
| A   | 5306           | 7178           | 144            | 53.4             | 52.9             | 41.0             |
| E   | 2149           | 3368           | 91             | 18.8             | 64.3             | 53.8             |
| B   | 2225           | 2500           | 70             | 1.4              | 0.2              | 0.0              |
| D   | 1338           | 1613           | 41             | 0.2              | 0.0              | 0.0              |
|     | 550            | 675            | 18             | 18.9             | 20.0             | 27.8             |
| G   | 504            | 724            | 15             | 0.2              | 0.0              | 0.0              |
| H   | 944            | null           | 28             | 86.2             | null             | 78.6             |
| F   | 144            | 186            | 6              | 91.0             | 79.0             | 83.3             |
| C   | 72             | 161            | 6              | 0.0              | 0.0              | 0.0              |
| P   | 60             | 173            | 4              | 75.0             | 85.0             | 75.0             |
| T   | 82             | 125            | 4              | 1.2              | 0.0              | 0.0              |
| W   | 45             | 18             | null           | 66.7             | 0.0              | null             |

--- EGLL (matched runs with resolved stand; AD% = appear/dwell share)
shape: (1, 7)
| fam | n_2025 Sep/Nov | n_2025 Jan/Jul | n_2026 Jan/Jul | AD%_2025 Sep/Nov | AD%_2025 Jan/Jul | AD%_2026 Jan/Jul |
| --- | ---            | ---            | ---            | ---              | ---              | ---              |
| str | u32            | u32            | u32            | f64              | f64              | f64              |
|-----|----------------|----------------|----------------|------------------|------------------|------------------|
|     | 540            | 4601           | 30214          | 17.8             | 22.7             | 64.7             |

--- EDDM (matched runs with resolved stand; AD% = appear/dwell share)
shape: (3, 7)
| fam | n_2025 Sep/Nov | n_2026 Jan/Jul | n_2025 Jan/Jul | AD%_2025 Sep/Nov | AD%_2026 Jan/Jul | AD%_2025 Jan/Jul |
| --- | ---            | ---            | ---            | ---              | ---              | ---              |
| str | u32            | u32            | u32            | f64              | f64              | f64              |
|-----|----------------|----------------|----------------|------------------|------------------|------------------|
|     | 881            | 25474          | 16760          | 72.3             | 77.3             | 76.5             |
| G   | 7              | 143            | 87             | 57.1             | 74.1             | 73.6             |
| Z   | null           | 2              | null           | null             | 50.0             | null             |

--- EHAM (matched runs with resolved stand; AD% = appear/dwell share)
shape: (12, 7)
| fam | n_2025 Jan/Jul | n_2025 Sep/Nov | n_2026 Jan/Jul | AD%_2025 Jan/Jul | AD%_2025 Sep/Nov | AD%_2026 Jan/Jul |
| --- | ---            | ---            | ---            | ---              | ---              | ---              |
| str | u32            | u32            | u32            | f64              | f64              | f64              |
|-----|----------------|----------------|----------------|------------------|------------------|------------------|
| D   | 9368           | 301            | 9166           | 66.9             | 72.1             | 72.6             |
| B   | 6476           | 219            | 5388           | 56.5             | 70.8             | 69.7             |
| C   | 5738           | 172            | 5616           | 70.4             | 76.7             | 78.7             |
| A   | 5800           | 178            | 5171           | 73.8             | 72.5             | 71.4             |
| E   | 2637           | 85             | 2945           | 91.7             | 97.6             | 92.0             |
| H   | 2506           | 80             | 2232           | 55.6             | 83.8             | 82.3             |
| G   | 2384           | 81             | 2255           | 80.2             | 87.7             | 89.7             |
| F   | 1400           | 50             | 1315           | 93.6             | 94.0             | 94.6             |
| S   | 1048           | 37             | 1289           | 91.7             | 94.6             | 92.0             |
| K   | 992            | 26             | 960            | 69.0             | 61.5             | 65.6             |
| Y   | 201            | 12             | 252            | 67.2             | 66.7             | 75.0             |
| R   | 182            | null           | null           | 33.5             | null             | null             |

==============================================================================
D. STATIONARY PREFIX OF SCREEN-1 POPULATION vs NEAREST GATEWAY STAND
==============================================================================
SKIPPED: raw ADS-B points not present at data\external\adsb (they live on Colab/Drive; run this script there for section D).
run finished 2026-09-29 12:26:01
