run started 2026-09-29 15:56:24
  2025-01-01: rows 4,788  tier diff 0  matched diff 0  float-cell diff 0
  2025-01-02: rows 5,354  tier diff 0  matched diff 0  float-cell diff 0
  2025-01-03: rows 5,498  tier diff 0  matched diff 0  float-cell diff 0
  2025-01-04: rows 5,097  tier diff 0  matched diff 0  float-cell diff 0
  2025-01-05: rows 5,186  tier diff 0  matched diff 0  float-cell diff 0
  2025-01-06: rows 5,309  tier diff 0  matched diff 0  float-cell diff 0
  2025-01-07: rows 4,884  tier diff 0  matched diff 0  float-cell diff 0
  2025-01-08: rows 4,842  tier diff 0  matched diff 0  float-cell diff 0
  2025-01-09: rows 4,928  tier diff 0  matched diff 0  float-cell diff 0
  2025-01-10: rows 5,153  tier diff 0  matched diff 0  float-cell diff 0
  2025-01-11: rows 4,655  tier diff 0  matched diff 0  float-cell diff 0
  2025-01-12: rows 5,045  tier diff 0  matched diff 0  float-cell diff 0
  2025-01-13: rows 4,908  tier diff 0  matched diff 0  float-cell diff 0
  2025-01-14: rows 4,612  tier diff 0  matched diff 0  float-cell diff 0
  2025-01-15: rows 4,676  tier diff 0  matched diff 0  float-cell diff 0
  2025-01-16: rows 4,861  tier diff 0  matched diff 0  float-cell diff 0
  2025-01-17: rows 5,153  tier diff 0  matched diff 0  float-cell diff 0
  2025-01-18: rows 4,608  tier diff 0  matched diff 0  float-cell diff 0
  2025-01-19: rows 5,026  tier diff 0  matched diff 0  float-cell diff 0
  2025-01-20: rows 5,050  tier diff 0  matched diff 0  float-cell diff 0
  2025-01-21: rows 4,584  tier diff 0  matched diff 0  float-cell diff 0
  2025-01-22: rows 4,900  tier diff 0  matched diff 0  float-cell diff 0
  2025-01-23: rows 5,016  tier diff 0  matched diff 0  float-cell diff 0
  2025-01-24: rows 5,220  tier diff 0  matched diff 0  float-cell diff 0
  2025-01-25: rows 4,690  tier diff 0  matched diff 0  float-cell diff 0
  2025-01-26: rows 5,078  tier diff 0  matched diff 0  float-cell diff 0
  2025-01-27: rows 4,998  tier diff 0  matched diff 0  float-cell diff 0
  2025-01-28: rows 4,619  tier diff 0  matched diff 0  float-cell diff 0
  2025-01-29: rows 4,782  tier diff 0  matched diff 0  float-cell diff 0
  2025-01-30: rows 4,949  tier diff 0  matched diff 0  float-cell diff 0
  2025-01-31: rows 5,237  tier diff 0  matched diff 0  float-cell diff 0
  2025-07-01: rows 6,071  tier diff 0  matched diff 0  float-cell diff 0
  2025-07-02: rows 6,134  tier diff 0  matched diff 0  float-cell diff 0
  2025-07-03: rows 5,934  tier diff 0  matched diff 0  float-cell diff 0
  2025-07-04: rows 5,992  tier diff 0  matched diff 0  float-cell diff 0
  2025-07-05: rows 5,970  tier diff 0  matched diff 0  float-cell diff 0
  2025-07-06: rows 6,125  tier diff 0  matched diff 0  float-cell diff 0
  2025-07-07: rows 6,219  tier diff 0  matched diff 0  float-cell diff 0
  2025-07-08: rows 6,106  tier diff 0  matched diff 0  float-cell diff 0
  2025-07-09: rows 6,178  tier diff 0  matched diff 0  float-cell diff 0
  2025-07-10: rows 6,313  tier diff 0  matched diff 0  float-cell diff 0
  2025-07-11: rows 6,409  tier diff 0  matched diff 0  float-cell diff 0
  2025-07-12: rows 5,920  tier diff 0  matched diff 0  float-cell diff 0
  2025-07-13: rows 6,198  tier diff 0  matched diff 0  float-cell diff 0
  2025-07-14: rows 6,268  tier diff 0  matched diff 0  float-cell diff 0
  2025-07-15: rows 6,120  tier diff 0  matched diff 0  float-cell diff 0
  2025-07-16: rows 6,206  tier diff 0  matched diff 0  float-cell diff 0
  2025-07-17: rows 6,280  tier diff 0  matched diff 0  float-cell diff 0
  2025-07-18: rows 6,418  tier diff 0  matched diff 0  float-cell diff 0
  2025-07-19: rows 5,899  tier diff 0  matched diff 0  float-cell diff 0
  2025-07-20: rows 6,204  tier diff 0  matched diff 0  float-cell diff 0
  2025-07-21: rows 6,182  tier diff 0  matched diff 0  float-cell diff 0
  2025-07-22: rows 6,142  tier diff 0  matched diff 0  float-cell diff 0
  2025-07-23: rows 6,205  tier diff 0  matched diff 0  float-cell diff 0
  2025-07-24: rows 6,254  tier diff 0  matched diff 0  float-cell diff 0
  2025-07-25: rows 6,235  tier diff 0  matched diff 0  float-cell diff 0
  2025-07-26: rows 5,990  tier diff 0  matched diff 0  float-cell diff 0
  2025-07-27: rows 6,096  tier diff 0  matched diff 0  float-cell diff 0
  2025-07-28: rows 6,230  tier diff 0  matched diff 0  float-cell diff 0
  2025-07-29: rows 6,091  tier diff 0  matched diff 0  float-cell diff 0
  2025-07-30: rows 6,163  tier diff 0  matched diff 0  float-cell diff 0
  2025-07-31: rows 6,161  tier diff 0  matched diff 0  float-cell diff 0
  2025-09-15: rows 6,154  tier diff 6  matched diff 7  float-cell diff 1504
  2025-11-15: rows 5,099  tier diff 0  matched diff 0  float-cell diff 5
  2026-01-01: rows 4,970  tier diff 0  matched diff 0  float-cell diff 0
  2026-01-02: rows 5,386  tier diff 0  matched diff 0  float-cell diff 0
  2026-01-03: rows 4,990  tier diff 0  matched diff 0  float-cell diff 0
  2026-01-04: rows 5,169  tier diff 0  matched diff 0  float-cell diff 0
  2026-01-05: rows 4,894  tier diff 0  matched diff 0  float-cell diff 0
  2026-01-06: rows 4,639  tier diff 0  matched diff 0  float-cell diff 0
  2026-01-07: rows 4,359  tier diff 0  matched diff 0  float-cell diff 0
  2026-01-08: rows 4,963  tier diff 0  matched diff 0  float-cell diff 0
  2026-01-09: rows 5,038  tier diff 0  matched diff 0  float-cell diff 0
  2026-01-10: rows 4,702  tier diff 0  matched diff 0  float-cell diff 0
  2026-01-11: rows 5,202  tier diff 0  matched diff 0  float-cell diff 0
  2026-01-12: rows 4,894  tier diff 0  matched diff 0  float-cell diff 0
  2026-01-13: rows 4,593  tier diff 0  matched diff 0  float-cell diff 0
  2026-01-14: rows 4,759  tier diff 0  matched diff 0  float-cell diff 0
  2026-01-15: rows 5,001  tier diff 0  matched diff 0  float-cell diff 0
  2026-01-16: rows 5,273  tier diff 0  matched diff 0  float-cell diff 0
  2026-01-17: rows 4,639  tier diff 0  matched diff 0  float-cell diff 0
  2026-01-18: rows 5,174  tier diff 0  matched diff 0  float-cell diff 0
  2026-01-19: rows 5,128  tier diff 0  matched diff 0  float-cell diff 0
  2026-01-20: rows 4,637  tier diff 0  matched diff 0  float-cell diff 0
  2026-01-21: rows 4,800  tier diff 0  matched diff 0  float-cell diff 0
  2026-01-22: rows 5,157  tier diff 0  matched diff 0  float-cell diff 0
  2026-01-23: rows 5,370  tier diff 0  matched diff 0  float-cell diff 0
  2026-01-24: rows 4,621  tier diff 0  matched diff 0  float-cell diff 0
  2026-01-25: rows 5,026  tier diff 0  matched diff 0  float-cell diff 0
  2026-01-26: rows 4,941  tier diff 0  matched diff 0  float-cell diff 0
  2026-01-27: rows 4,639  tier diff 0  matched diff 0  float-cell diff 0
  2026-01-28: rows 4,725  tier diff 0  matched diff 0  float-cell diff 0
  2026-01-29: rows 5,044  tier diff 0  matched diff 0  float-cell diff 0
  2026-01-30: rows 5,384  tier diff 0  matched diff 0  float-cell diff 0
  2026-01-31: rows 4,602  tier diff 0  matched diff 0  float-cell diff 0
  2026-07-01: rows 6,062  tier diff 0  matched diff 0  float-cell diff 0
  2026-07-02: rows 6,289  tier diff 0  matched diff 0  float-cell diff 0
  2026-07-03: rows 6,356  tier diff 0  matched diff 0  float-cell diff 0
  2026-07-04: rows 6,005  tier diff 0  matched diff 0  float-cell diff 0
  2026-07-05: rows 6,201  tier diff 0  matched diff 0  float-cell diff 0
  2026-07-06: rows 6,218  tier diff 0  matched diff 0  float-cell diff 0
  2026-07-07: rows 6,048  tier diff 0  matched diff 0  float-cell diff 0
  2026-07-08: rows 6,227  tier diff 0  matched diff 0  float-cell diff 0
  2026-07-09: rows 6,300  tier diff 0  matched diff 0  float-cell diff 0
  2026-07-10: rows 6,372  tier diff 0  matched diff 0  float-cell diff 0
  2026-07-11: rows 6,013  tier diff 0  matched diff 0  float-cell diff 0
  2026-07-12: rows 6,250  tier diff 0  matched diff 0  float-cell diff 0
  2026-07-13: rows 6,253  tier diff 0  matched diff 0  float-cell diff 0
  2026-07-14: rows 6,087  tier diff 0  matched diff 0  float-cell diff 0
  2026-07-15: rows 6,180  tier diff 0  matched diff 0  float-cell diff 0
  2026-07-16: rows 6,226  tier diff 0  matched diff 0  float-cell diff 0
  2026-07-17: rows 6,321  tier diff 0  matched diff 0  float-cell diff 0
  2026-07-18: rows 5,998  tier diff 0  matched diff 0  float-cell diff 0
  2026-07-19: rows 6,205  tier diff 0  matched diff 0  float-cell diff 0
  2026-07-20: rows 6,223  tier diff 0  matched diff 0  float-cell diff 0
  2026-07-21: rows 6,102  tier diff 0  matched diff 0  float-cell diff 0
  2026-07-22: rows 6,237  tier diff 0  matched diff 0  float-cell diff 0
  2026-07-23: rows 6,256  tier diff 0  matched diff 0  float-cell diff 0
  2026-07-24: rows 6,407  tier diff 0  matched diff 0  float-cell diff 0
  2026-07-25: rows 6,022  tier diff 0  matched diff 0  float-cell diff 0
  2026-07-26: rows 6,258  tier diff 0  matched diff 0  float-cell diff 0
  2026-07-27: rows 6,243  tier diff 0  matched diff 0  float-cell diff 0
  2026-07-28: rows 6,082  tier diff 0  matched diff 0  float-cell diff 0
  2026-07-29: rows 6,153  tier diff 0  matched diff 0  float-cell diff 0
  2026-07-30: rows 6,248  tier diff 0  matched diff 0  float-cell diff 0
  2026-07-31: rows 6,280  tier diff 0  matched diff 0  float-cell diff 0
shape: (2, 7)
| day        | n    | same_ids | tier_diff | matched_diff | float_cells_diff | identical |
| ---        | ---  | ---      | ---       | ---          | ---              | ---       |
| str        | i64  | bool     | i64       | i64          | i64              | bool      |
|------------|------|----------|-----------|--------------|------------------|-----------|
| 2025-09-15 | 6154 | true     | 6         | 7            | 1504             | false     |
| 2025-11-15 | 5099 | true     | 0         | 0            | 5                | false     |
identical days: 124 / 126
run finished 2026-09-29 16:00:09
