run started 2026-09-29 13:59:35
  input cache\eval\lgb_mixed_holdout_ev.parquet  mtime 2026-09-28 23:18
  input cache\eval\catcorr_mixed_holdout_ev.parquet  mtime 2026-09-28 23:37
  input data\submissions\lgb_mixed.parquet  mtime 2026-09-28 23:19
  input data\submissions\catcorr_mixed.parquet  mtime 2026-09-28 23:39
stack weights: {'lgb': np.float64(0.4589), 'catcorr': np.float64(0.5551)} (v21 log: lgb 0.4589, catcorr 0.5551)
shipped fit reproduced: lags {'LFPG': -39, 'EHAM': -22, 'EDDF': -31, 'LEMD': -136, 'LSZH': -27, 'LEBL': -36, 'EGLL': -169, 'EDDM': -49, 'pooled': -39}

==============================================================================
BOOTSTRAP: 300 resamples of (airport, day) clusters
==============================================================================
matched holdout rows 142,717 in 479 clusters; matched ranking rows 196,844
  10 draws in 1s
  300 successful draws

==============================================================================
PARAMETERS: estimate, SE, fit rows (Jan/Jul 2025), applied rows (ranking 2026)
==============================================================================
shape: (38, 9)
| param              | est      | se     | rel_se | n_fit | n_apply_2026 | ratio_apply_fit | flag_size | flag_se |
| ---                | ---      | ---    | ---    | ---   | ---          | ---             | ---       | ---     |
| str                | f64      | f64    | f64    | i64   | i64          | f64             | bool      | bool    |
|--------------------|----------|--------|--------|-------|--------------|-----------------|-----------|---------|
| lag|EDDF           | -31.485  | 0.847  | null   | 4570  | 1535         | 0.336           | false     | false   |
| lag|EDDM           | -48.705  | 0.430  | null   | 12888 | 19797        | 1.536           | false     | false   |
| lag|EGLL           | -169.420 | 5.843  | null   | 1044  | 19547        | 18.723          | false     | false   |
| lag|EHAM           | -22.150  | 2.682  | null   | 27147 | 28380        | 1.045           | false     | false   |
| lag|LEBL           | -36.425  | 0.979  | null   | 8720  | 12257        | 1.406           | false     | false   |
| lag|LEMD           | -135.800 | 43.981 | null   | 114   | 6593         | 57.833          | true      | true    |
| lag|LFPG           | -39.460  | 0.919  | null   | 6     | 24           | 4.000           | false     | false   |
| lag|LSZH           | -27.145  | 0.388  | null   | 4394  | 6396         | 1.456           | false     | false   |
| lag|pooled         | -39.460  | 0.915  | null   | 58883 | 94529        | 1.605           | false     | false   |
| partial_a|EDDF     | 279.775  | 5.494  | null   | 9898  | 4412         | 0.446           | false     | false   |
| partial_a|EDDM     | 174.130  | 6.047  | null   | 3269  | 4864         | 1.488           | false     | false   |
| partial_a|EGLL     | 560.021  | 12.494 | null   | 1042  | 8471         | 8.130           | false     | false   |
| partial_a|EHAM     | 159.783  | 5.700  | null   | 8084  | 4664         | 0.577           | false     | false   |
| partial_a|LEBL     | 262.208  | 5.890  | null   | 8566  | 8349         | 0.975           | false     | false   |
| partial_a|LEMD     | 359.121  | 21.811 | null   | 121   | 8665         | 71.612          | true      | true    |
| partial_a|LSZH     | 238.107  | 4.131  | null   | 7177  | 7659         | 1.067           | false     | false   |
| partial_a|pooled   | 356.369  | 55.039 | null   | 68    | 220          | 3.235           | false     | true    |
| partial_b|all      | 242.586  | 9.953  | 0.041  | 38225 | 47304        | 1.238           | false     | false   |
| partial_w|far      | 0.084    | 0.015  | 0.184  | 14078 | 16300        | 1.158           | false     | false   |
| partial_w|near     | 0.265    | 0.021  | 0.078  | 24147 | 31004        | 1.284           | false     | false   |
| q|appear/good      | 1.211    | 0.029  | 0.024  | 14632 | 26360        | 1.802           | false     | false   |
| q|appear/poor      | 0.750    | 0.022  | 0.029  | 8578  | 12703        | 1.481           | false     | false   |
| q|dwell/good       | 1.649    | 0.071  | 0.043  | 19554 | 27229        | 1.393           | false     | false   |
| q|dwell/poor       | 0.637    | 0.028  | 0.044  | 16119 | 28237        | 1.752           | false     | false   |
| w_cell|EDDF/appear | 0.721    | 0.049  | 0.067  | 2588  | 936          | 0.362           | false     | false   |
| w_cell|EDDF/dwell  | 0.338    | 0.041  | 0.121  | 1982  | 599          | 0.302           | false     | false   |
| w_cell|EDDM/appear | 0.865    | 0.022  | 0.026  | 4749  | 7078         | 1.490           | false     | false   |
| w_cell|EDDM/dwell  | 0.555    | 0.038  | 0.068  | 8139  | 12719        | 1.563           | false     | false   |
| w_cell|EGLL/appear | 0.803    | 0.056  | 0.070  | 525   | 9184         | 17.493          | false     | false   |
| w_cell|EGLL/dwell  | 0.287    | 0.031  | 0.107  | 519   | 10363        | 19.967          | false     | false   |
| w_cell|EHAM/appear | 0.535    | 0.028  | 0.052  | 9578  | 9411         | 0.983           | false     | false   |
| w_cell|EHAM/dwell  | 0.338    | 0.042  | 0.125  | 17569 | 18969        | 1.080           | false     | false   |
| w_cell|LEBL/appear | 0.799    | 0.038  | 0.047  | 4540  | 5674         | 1.250           | false     | false   |
| w_cell|LEBL/dwell  | 0.441    | 0.025  | 0.056  | 4180  | 6583         | 1.575           | false     | false   |
| w_cell|LSZH/appear | 0.530    | 0.053  | 0.100  | 1169  | 3347         | 2.863           | false     | false   |
| w_cell|LSZH/dwell  | 0.505    | 0.024  | 0.047  | 3225  | 3049         | 0.945           | false     | false   |
| w_tier|appear      | 0.654    | 0.018  | 0.028  | 23210 | 3433         | 0.148           | false     | false   |
| w_tier|dwell       | 0.400    | 0.026  | 0.066  | 35673 | 3184         | 0.089           | false     | false   |

FLAGGED:
shape: (3, 7)
| param            | est      | se     | n_fit | n_apply_2026 | flag_size | flag_se |
| ---              | ---      | ---    | ---   | ---          | ---       | ---     |
| str              | f64      | f64    | i64   | i64          | bool      | bool    |
|------------------|----------|--------|-------|--------------|-----------|---------|
| lag|LEMD         | -135.800 | 43.981 | 114   | 6593         | true      | true    |
| partial_a|LEMD   | 359.121  | 21.811 | 121   | 8665         | true      | true    |
| partial_a|pooled | 356.369  | 55.039 | 68    | 220          | false     | true    |

==============================================================================
LABEL-FREE: SD of the final 2026 prediction across bootstrap draws
==============================================================================
shape: (8, 4)
| ADEP_mvt | rows_touched | rms_sd_s | p90_sd_s |
| ---      | ---          | ---      | ---      |
| str      | u32          | f64      | f64      |
|----------|--------------|----------|----------|
| EDDF     | 5947         | 8.039    | 10.911   |
| EDDM     | 24661        | 8.552    | 12.074   |
| EGLL     | 28018        | 10.561   | 15.111   |
| EHAM     | 33044        | 18.214   | 15.475   |
| LEBL     | 20606        | 6.038    | 9.035    |
| LEMD     | 15258        | 19.583   | 34.925   |
| LFPG     | 244          | 8.178    | 10.429   |
| LSZH     | 14055        | 7.875    | 10.019   |
implied RMSE inflation on the whole ranking set from parameter noise alone (sqrt(sum sd^2 / N)): 8.30 s  (added in quadrature to a ~270 s RMSE: 0.128 s)

==============================================================================
PULL SIZING: Sep-Dec 2025 extra fit rows, from the 2025-09-15 / 11-15 recovery rates
==============================================================================
shape: (10, 10)
| ADEP_mvt | dep_sepdec | ad_rate | partial_rate | fit_ad_now | extra_ad_full | extra_ad_half | fit_partial_now | extra_partial_full | extra_partial_half |
| ---      | ---        | ---     | ---          | ---        | ---           | ---           | ---             | ---                | ---                |
| str      | u32        | f64     | f64          | u32        | f64           | f64           | u32             | f64                | f64                |
|----------|------------|---------|--------------|------------|---------------|---------------|-----------------|--------------------|--------------------|
| EDDF     | 77689      | 0.414   | 0.204        | 4570       | 32128.395     | 16064.197     | 9898            | 15852.428          | 7926.214           |
| EDDM     | 56002      | 0.705   | 0.221        | 12888      | 39490.959     | 19745.480     | 3269            | 12383.281          | 6191.640           |
| EGLL     | 80218      | 0.076   | 0.151        | 1044       | 6097.330      | 3048.665      | 1042            | 12131.146          | 6065.573           |
| EHAM     | 81940      | 0.748   | 0.121        | 27147      | 61296.202     | 30648.101     | 8084            | 9909.023           | 4954.512           |
| LEBL     | 59611      | 0.324   | 0.187        | 8720       | 19316.671     | 9658.335      | 8566            | 11134.769          | 5567.384           |
| LEMD     | 71968      | 0.210   | 0.310        | 114        | 15099.047     | 7549.524      | 121             | 22277.283          | 11138.641          |
| LFPG     | 79915      | 0.001   | 0.010        | 6          | 63.425        | 31.712        | 68              | 761.095            | 380.548            |
| LIRF     | 52205      | 0.000   | 0.000        | null       | 0.000         | 0.000         | null            | 0.000              | 0.000              |
| LSZH     | 45143      | 0.196   | 0.286        | 4394       | 8867.375      | 4433.688      | 7177            | 12898.000          | 6449.000           |
| LTFM     | 92943      | 0.000   | 0.000        | null       | 0.000         | 0.000         | null            | 0.000              | 0.000              |
caveat: two days' recovery rates; the Jan/Jul 2025 rates were lower at several airports (EDDF 12% vs 41%, EGLL 2.6% vs 7.6%), so these are optimistic for some airports.
run finished 2026-09-29 14:00:30
