run started 2026-09-29 16:03:39
pass 1: reusing cache\step51\segments.parquet (newer than every ADS-B day file)

==============================================================================
B1 (= §51 section D): Screen-1 population, parked position vs nearest Gateway stand
==============================================================================
Screen-1 rows (matched, no appear/dwell, not partial-eligible), all days: 99,950
shape: (20, 8)
| ADEP_mvt | year | n     | parked_seg% | med_near_m | near<60m%_of_parked | near==own% | own_unresolved% |
| ---      | ---  | ---   | ---         | ---        | ---                 | ---        | ---             |
| str      | str  | u32   | f64         | f64        | f64                 | f64        | f64             |
|----------|------|-------|-------------|------------|---------------------|------------|-----------------|
| EDDF     | 2025 | 11921 | 1.8         | 185.4      | 28.9                | 0.0        | 14.6            |
| EDDF     | 2026 | 14919 | 2.2         | 8578.1     | 4.0                 | 0.0        | 17.7            |
| EDDM     | 2025 | 744   | 1.2         | 161.1      | 22.2                | 0.0        | 0.8             |
| EDDM     | 2026 | 971   | 1.1         | 272.8      | 27.3                | 0.0        | 1.3             |
| EGLL     | 2025 | 2895  | 1.3         | 186.4      | 15.4                | 0.0        | 4.4             |
| EGLL     | 2026 | 2982  | 5.5         | 8209.9     | 13.3                | 0.0        | 26.4            |
| EHAM     | 2025 | 5168  | 1.9         | 45.9       | 54.2                | 0.0        | 29.2            |
| EHAM     | 2026 | 5032  | 2.3         | 60.7       | 49.1                | 0.0        | 28.7            |
| LEBL     | 2025 | 7213  | 0.9         | 9.4        | 76.6                | 26.6       | 3.8             |
| LEBL     | 2026 | 5596  | 0.9         | 8.5        | 66.7                | 4.2        | 5.3             |
| LEMD     | 2025 | 998   | 0.9         | 126.6      | 44.4                | 0.0        | 6.3             |
| LEMD     | 2026 | 9957  | 2.3         | 152.2      | 28.8                | 0.0        | 9.2             |
| LFPG     | 2025 | 3070  | 0.3         | 873.3      | 0.0                 | 0.0        | 7.9             |
| LFPG     | 2026 | 3559  | 0.6         | 880.6      | 0.0                 | 0.0        | 9.8             |
| LIRF     | 2025 | 9943  | 0.3         | 273.2      | 0.0                 | 0.0        | 1.1             |
| LIRF     | 2026 | 4818  | 0.4         | 151.8      | 5.6                 | 11.1       | 2.0             |
| LSZH     | 2025 | 4524  | 19.6        | 10.0       | 91.9                | 0.0        | 57.5            |
| LSZH     | 2026 | 5568  | 11.7        | 27.5       | 75.5                | 0.0        | 52.1            |
| LTFM     | 2025 | 1     | 0.0         | null       | null                | null       | 0.0             |
| LTFM     | 2026 | 71    | 0.0         | null       | null                | null       | 1.4             |
name relation, STAND_mvt vs nearest Gateway stand (parked within 60 m), % of rows:
shape: (8, 5)
| ADEP_mvt | different | same letters, other digits | same digits, other letters | same key |
| ---      | ---       | ---                        | ---                        | ---      |
| str      | f64       | f64                        | f64                        | f64      |
|----------|-----------|----------------------------|----------------------------|----------|
| EDDF     | 91.9      | 8.1                        | null                       | null     |
| EDDM     | 20.0      | 80.0                       | null                       | null     |
| EGLL     | 7.1       | 75.0                       | 17.9                       | null     |
| EHAM     | 91.7      | 4.6                        | 3.7                        | null     |
| LEBL     | 40.7      | 35.8                       | null                       | 23.5     |
| LEMD     | 7.2       | 92.8                       | null                       | null     |
| LIRF     | null      | 100.0                      | null                       | null     |
| LSZH     | 76.8      | 18.1                       | 5.1                        | null     |
top (STAND_mvt -> nearest Gateway stand) pairs, parked within 60 m, names differ:
shape: (40, 5)
| ADEP_mvt | STAND_mvt | near_name   | near_type | len |
| ---      | ---       | ---         | ---       | --- |
| str      | str       | str         | str       | u32 |
|----------|-----------|-------------|-----------|-----|
| LSZH     | I02       | Stand 102   | tie_down  | 193 |
| LSZH     | I03       | Stand 103   | tie_down  | 149 |
| LSZH     | I05       | Stand 105   | tie_down  | 149 |
| LSZH     | I01       | Stand 101   | tie_down  | 149 |
| LSZH     | I04       | Stand 104   | tie_down  | 133 |
| LSZH     | F71       | Stand F 74  | tie_down  | 124 |
| LSZH     | F70       | Stand F 75  | tie_down  | 61  |
| LSZH     | 501       | Stand 507   | tie_down  | 31  |
| LSZH     | F70       | Stand 502   | tie_down  | 25  |
| LSZH     | MFG       | GAC 304     | tie_down  | 21  |
| LSZH     | HAN       | GAC 101     | tie_down  | 16  |
| LSZH     | 101       | GAC 101     | tie_down  | 15  |
| LSZH     | 501       | Stand 506   | tie_down  | 14  |
| LEBL     | UNKNOWN   | Ramp 165    | tie_down  | 14  |
| LSZH     | 102       | GAC 102     | tie_down  | 14  |
| LSZH     | 105       | GAC 105     | tie_down  | 12  |
| LSZH     | 104       | GAC 104     | tie_down  | 10  |
| LSZH     | 107       | GAC 107     | tie_down  | 10  |
| EDDF     | V322      | S310        | gate      | 8   |
| LSZH     | 108       | GAC 107     | tie_down  | 8   |
| EGLL     | 237       | 236         | gate      | 7   |
| LEBL     | 421       | Ramp 425    | tie_down  | 6   |
| EGLL     | 237L      | 236L        | gate      | 6   |
| LSZH     | 109       | GAC 107     | tie_down  | 6   |
| EGLL     | 237R      | 236R        | gate      | 5   |
| LSZH     | 111       | GAC 101     | tie_down  | 5   |
| LSZH     | GA6       | GAC S4 B    | tie_down  | 5   |
| LEBL     | UNKNOWN   | Ramp 162    | tie_down  | 5   |
| LEMD     | 212       | 211         | tie_down  | 4   |
| LEBL     | UNKNOWN   | Ramp 163    | tie_down  | 4   |
| LEBL     | UNKNOWN   | Ramp 164    | tie_down  | 4   |
| LSZH     | A48       | GAC 105     | tie_down  | 4   |
| LSZH     | MFG       | GAC 101     | tie_down  | 4   |
| LEMD     | 65        | 67          | misc      | 4   |
| LSZH     | GA6       | GAC S4 C    | tie_down  | 4   |
| LSZH     | 103       | GAC 103     | tie_down  | 4   |
| EGLL     | 323       | 323(constr) | gate      | 4   |
| EHAM     | Y74       | Y72         | tie_down  | 4   |
| LEBL     | UNKNOWN   | Ramp 161    | tie_down  | 3   |
| LSZH     | GA6       | GAC S4 D    | tie_down  | 3   |

==============================================================================
B2: EMPIRICAL STAND POSITIONS (median parked position per (airport, STAND_mvt), all days)
==============================================================================
shape: (8, 8)
| airport | with_n>=10 | kept_spread<=40 | kept_not_in_gateway | med_offset_m | within30m% | offset>50m% | stands_seen |
| ---     | ---        | ---             | ---                 | ---          | ---        | ---         | ---         |
| str     | u32        | u32             | u32                 | f64          | f64        | f64         | u32         |
|---------|------------|-----------------|---------------------|--------------|------------|-------------|-------------|
| EDDF    | 52         | 47              | 3                   | 4.7          | 95.5       | 2.3         | 243         |
| EDDM    | 105        | 103             | 0                   | 8.4          | 88.3       | 5.8         | 192         |
| EGLL    | 91         | 79              | 0                   | 6.7          | 88.6       | 10.1        | 209         |
| EHAM    | 150        | 138             | 0                   | 7.9          | 79.7       | 20.3        | 215         |
| LEBL    | 68         | 65              | 0                   | 3.9          | 95.4       | 3.1         | 219         |
| LEMD    | 53         | 53              | 3                   | 6.5          | 96.0       | 4.0         | 363         |
| LIRF    | 7          | 7               | 0                   | 4.2          | 100.0      | 0.0         | 134         |
| LSZH    | 47         | 44              | 13                  | 8.2          | 67.7       | 29.0        | 195         |
kept stands NOT in Gateway, per airport (up to 25):
shape: (19, 6)
| airport | STAND_mvt | n   | spread_m | nearest_gateway | nearest_gateway_m |
| ---     | ---       | --- | ---      | ---             | ---               |
| str     | str       | i64 | f64      | str             | f64               |
|---------|-----------|-----|----------|-----------------|-------------------|
| LSZH    | I02       | 196 | 2.9      | Stand 102       | 9.2               |
| LSZH    | I05       | 155 | 2.7      | Stand 105       | 7.5               |
| LSZH    | I01       | 153 | 2.6      | Stand 101       | 8.2               |
| LSZH    | I03       | 152 | 2.6      | Stand 103       | 8.5               |
| LSZH    | GA6       | 149 | 33.9     | GAC S4 E        | 62.2              |
| LSZH    | I04       | 137 | 1.6      | Stand 104       | 9.4               |
| LSZH    | F71       | 126 | 2.8      | Stand F 74      | 33.3              |
| LSZH    | F70       | 92  | 3.4      | Stand F 75      | 37.4              |
| LSZH    | 501       | 49  | 2.6      | Stand 507       | 28.3              |
| LSZH    | MFG       | 35  | 6.0      | GAC 304         | 56.5              |
| LSZH    | REG       | 23  | 3.2      | REGA Center     | 73.6              |
| LSZH    | HAN       | 20  | 1.3      | GAC 101         | 4.7               |
| LSZH    | 107       | 10  | 0.7      | GAC 107         | 3.8               |
| LEMD    | 259       | 44  | 5.3      | 221             | 167.3             |
| LEMD    | 263       | 35  | 1.8      | 221             | 152.8             |
| LEMD    | T20       | 11  | 8.9      | 16              | 64.8              |
| EDDF    | V153      | 24  | 1.2      | V157            | 186.1             |
| EDDF    | V151      | 14  | 4.5      | V157            | 230.7             |
| EDDF    | V322      | 12  | 13.1     | S310            | 11.3              |

LSZH families BDGCT: empirical vs Gateway offset (east, north, total m) and nearest Gateway stand
shape: (0, 9)
| STAND_mvt | n   | spread_m | keep | off_e_m | off_n_m | gateway_offset_m | nearest_gateway | nearest_gateway_m |
| ---       | --- | ---      | ---  | ---     | ---     | ---              | ---             | ---               |
| str       | i64 | f64      | bool | f64     | f64     | f64              | str             | f64               |
|-----------|-----|----------|------|---------|---------|------------------|-----------------|-------------------|

EDDF families EK: empirical vs Gateway offset (east, north, total m) and nearest Gateway stand
shape: (0, 9)
| STAND_mvt | n   | spread_m | keep | off_e_m | off_n_m | gateway_offset_m | nearest_gateway | nearest_gateway_m |
| ---       | --- | ---      | ---  | ---     | ---     | ---              | ---             | ---               |
| str       | i64 | f64      | bool | f64     | f64     | f64              | str             | f64               |
|-----------|-----|----------|------|---------|---------|------------------|-----------------|-------------------|
wrote data\derived\stands_empirical.csv (573 stands, 536 kept)

==============================================================================
B3: DETECTOR WITH EMPIRICAL POSITIONS (Gateway missing or > 50 m away)
==============================================================================
override stands: 75 (19 missing in Gateway, 56 disagreeing)
shape: (7, 4)
| airport | stands | missing | disagree |
| ---     | ---    | ---     | ---      |
| str     | u32    | u32     | u32      |
|---------|--------|---------|----------|
| EDDF    | 4      | 3       | 1        |
| EDDM    | 6      | 0       | 6        |
| EGLL    | 8      | 0       | 8        |
| EHAM    | 28     | 0       | 28       |
| LEBL    | 2      | 0       | 2        |
| LEMD    | 5      | 3       | 2        |
| LSZH    | 22     | 13      | 9        |
rows changing tier (vs the unchanged detector on the same points), per airport:
shape: (7, 7)
| airport | into_AD_2025 Sep/Nov | into_AD_2026 Jan/Jul | into_AD_2025 Jan/Jul | out_of_AD_2025 Sep/Nov | out_of_AD_2026 Jan/Jul | out_of_AD_2025 Jan/Jul |
| ---     | ---                  | ---                  | ---                  | ---                    | ---                    | ---                    |
| str     | u32                  | u32                  | u32                  | u32                    | u32                    | u32                    |
|---------|----------------------|----------------------|----------------------|------------------------|------------------------|------------------------|
| EDDF    | 23                   | 138                  | 402                  | 2                      | 2                      | 10                     |
| EDDM    | 10                   | 420                  | 182                  | 0                      | 28                     | 9                      |
| EGLL    | 5                    | 316                  | 13                   | 1                      | 43                     | 12                     |
| EHAM    | 18                   | 494                  | 608                  | 5                      | 90                     | 120                    |
| LEBL    | 4                    | 126                  | 186                  | 3                      | 19                     | 8                      |
| LEMD    | 8                    | 359                  | 3                    | 0                      | 3                      | 0                      |
| LSZH    | 49                   | 2104                 | 2262                 | 2                      | 28                     | 10                     |

training days: rows moved INTO appear/dwell -- ADS-B error after the shipped per-airport lag (s), vs existing appear/dwell rows and vs the OOF base on the same rows:
shape: (13, 10)
| airport | day        | moved_n | moved_median | moved_rmse | moved_within60 | moved_within300 | moved_base_rmse | exist_n | exist_rmse |
| ---     | ---        | ---     | ---          | ---        | ---            | ---             | ---             | ---     | ---        |
| str     | str        | i64     | f64          | f64        | f64            | f64             | f64             | i64     | f64        |
|---------|------------|---------|--------------|------------|----------------|-----------------|-----------------|---------|------------|
| EDDF    | 2025-09-15 | 12      | -13.1        | 55.5       | 83.3           | 100.0           | 125.8           | 258     | 153.7      |
| EDDF    | 2025-11-15 | 11      | -6.2         | 252.8      | 72.7           | 90.9            | 143.9           | 271     | 136.3      |
| EDDM    | 2025-09-15 | 7       | -237.6       | 303.9      | 14.3           | 71.4            | 83.2            | 370     | 159.3      |
| EDDM    | 2025-11-15 | 3       | -355.9       | 331.1      | 0.0            | 33.3            | 80.0            | 267     | 128.1      |
| EGLL    | 2025-11-15 | 5       | -254.0       | 462.4      | 0.0            | 60.0            | 162.4           | 85      | 221.6      |
| EHAM    | 2025-09-15 | 12      | -261.1       | 273.0      | 8.3            | 66.7            | 154.9           | 523     | 192.8      |
| EHAM    | 2025-11-15 | 6       | -171.6       | 220.0      | 0.0            | 100.0           | 38.2            | 439     | 162.4      |
| LEBL    | 2025-09-15 | 3       | -241.6       | 198.0      | 33.3           | 100.0           | 91.1            | 137     | 125.5      |
| LEBL    | 2025-11-15 | 1       | -22.9        | 22.9       | 100.0          | 100.0           | 15.1            | 174     | 98.8       |
| LEMD    | 2025-09-15 | 4       | -109.1       | 200.1      | 25.0           | 100.0           | 63.3            | 158     | 211.2      |
| LEMD    | 2025-11-15 | 4       | -197.1       | 195.2      | 25.0           | 100.0           | 242.3           | 86      | 139.0      |
| LSZH    | 2025-09-15 | 29      | -11.1        | 209.2      | 82.8           | 93.1            | 188.6           | 60      | 161.7      |
| LSZH    | 2025-11-15 | 20      | -9.7         | 56.1       | 80.0           | 100.0           | 129.7           | 81      | 137.7      |
pooled moved rows: {'n': 117, 'median': -23.16999998092649, 'rmse': 221.33532826119304, 'within60': 54.700854700854705, 'within300': 88.88888888888889} | OOF base on them: rmse 147.9

==============================================================================
B4: 'PARKED ANYWHERE' TIER on training days (rows without appear/dwell after B3)
==============================================================================
coverage: share of still-uncovered matched rows that get a parked-anywhere pushback
shape: (20, 5)
| airport | day        | uncovered | covered | cov% |
| ---     | ---        | ---       | ---     | ---  |
| str     | str        | u32       | u32     | f64  |
|---------|------------|-----------|---------|------|
| EDDF    | 2025-09-15 | 443       | 1       | 0.2  |
| EDDF    | 2025-11-15 | 289       | 1       | 0.3  |
| EDDM    | 2025-09-15 | 160       | 0       | 0.0  |
| EDDM    | 2025-11-15 | 102       | 0       | 0.0  |
| EGLL    | 2025-09-15 | 630       | 0       | 0.0  |
| EGLL    | 2025-11-15 | 533       | 1       | 0.2  |
| EHAM    | 2025-09-15 | 164       | 5       | 3.0  |
| EHAM    | 2025-11-15 | 146       | 2       | 1.4  |
| LEBL    | 2025-09-15 | 424       | 2       | 0.5  |
| LEBL    | 2025-11-15 | 230       | 0       | 0.0  |
| LEMD    | 2025-09-15 | 440       | 1       | 0.2  |
| LEMD    | 2025-11-15 | 471       | 0       | 0.0  |
| LFPG    | 2025-09-15 | 677       | 0       | 0.0  |
| LFPG    | 2025-11-15 | 582       | 0       | 0.0  |
| LIRF    | 2025-09-15 | 499       | 0       | 0.0  |
| LIRF    | 2025-11-15 | 318       | 0       | 0.0  |
| LSZH    | 2025-09-15 | 327       | 1       | 0.3  |
| LSZH    | 2025-11-15 | 211       | 0       | 0.0  |
| LTFM    | 2025-09-15 | 801       | 0       | 0.0  |
| LTFM    | 2025-11-15 | 727       | 0       | 0.0  |
shape: (8, 10)
| airport | day        | n   | med_raw | rmse_lag_in | rmse_lag_crossday | pm60% | pm300% | tow% | base_rmse |
| ---     | ---        | --- | ---     | ---         | ---               | ---   | ---    | ---  | ---       |
| str     | str        | u32 | f64     | f64         | f64               | f64   | f64    | f64  | f64       |
|---------|------------|-----|---------|-------------|-------------------|-------|--------|------|-----------|
| EDDF    | 2025-09-15 | 1   | -187.7  | 0.0         | 179.1             | 0.0   | 100.0  | 0.0  | 248.3     |
| EDDF    | 2025-11-15 | 1   | -8.6    | 0.0         | 179.1             | 0.0   | 100.0  | 0.0  | 39.7      |
| EGLL    | 2025-11-15 | 1   | -160.3  | 0.0         | 0.0               | 100.0 | 100.0  | 0.0  | 173.8     |
| EHAM    | 2025-09-15 | 5   | -473.6  | 372.5       | 390.8             | 20.0  | 40.0   | 0.0  | 109.0     |
| EHAM    | 2025-11-15 | 2   | -377.9  | 82.1        | 126.1             | 50.0  | 100.0  | 0.0  | 46.5      |
| LEBL    | 2025-09-15 | 2   | -64.0   | 40.5        | 40.5              | 100.0 | 100.0  | 0.0  | 6.3       |
| LEMD    | 2025-09-15 | 1   | -45.2   | 0.0         | 0.0               | 100.0 | 100.0  | 0.0  | 59.3      |
| LSZH    | 2025-09-15 | 1   | -397.7  | 0.0         | 0.0               | 100.0 | 100.0  | 0.0  | 33.1      |
pooled per day:
shape: (2, 6)
| day        | n   | rmse_lag_crossday | rmse_lag_in | base_rmse | tow% |
| ---        | --- | ---               | ---         | ---       | ---  |
| str        | u32 | f64               | f64         | f64       | f64  |
|------------|-----|-------------------|-------------|-----------|------|
| 2025-09-15 | 10  | 282.7             | 264.0       | 112.1     | 0.0  |
| 2025-11-15 | 4   | 126.4             | 58.0        | 95.0      | 0.0  |
tow vs single-stand segments (pooled days):
shape: (1, 4)
| tow   | len | rmse  | base_rmse |
| ---   | --- | ---   | ---       |
| bool  | u32 | f64   | f64       |
|-------|-----|-------|-----------|
| false | 14  | 248.3 | 107.5     |

PASS BAR (per day: RMSE after cross-day lag <= 250 s AND below the OOF base on those rows): FAIL
reference: appear 119 s / dwell 225 s RMSE on 2025-01-15 (§37); moved-row numbers in B3 above.
run finished 2026-09-29 16:06:10
