thin-day rule: 115 days kept, 7 dropped
shape: (7, 5)
| day        | status   | bad_members | points | med        |
| ---        | ---      | ---         | ---    | ---        |
| str        | str      | i64         | i64    | f64        |
|------------|----------|-------------|--------|------------|
| 2025-08-10 | tolerant | 1           | 211018 | 1.572131e6 |
| 2025-10-04 | ok       | 0           | 0      | 1672691.5  |
| 2025-10-07 | tolerant | 1           | 206056 | 1672691.5  |
| 2025-11-19 | tolerant | 1           | 142500 | 1.549465e6 |
| 2025-11-22 | tolerant | 1           | 247284 | 1.549465e6 |
| 2025-12-10 | tolerant | 1           | 671427 | 1586008.5  |
| 2025-12-28 | tolerant | 1           | 251232 | 1586008.5  |
OOF-month ADS-B rows: 660,242 on 115 days (['2025-02', '2025-03', '2025-04', '2025-05', '2025-06', '2025-08', '2025-09', '2025-10', '2025-11', '2025-12']); OOF stack weights [0.564 0.445]
2025-01: n=153,660 full RMSE 342.34, trimmed (<=5h) 214.90
2025-07: n=190,679 full RMSE 305.86, trimmed (<=5h) 286.82
pooled: n=344,339 full RMSE 322.65, trimmed (<=5h) 257.22

== SSE share by LABEL band
shape: (5, 6)
┌──────────┬────────┬─────────┬─────────┬────────────┬───────────┐
│ band     ┆ n      ┆ sse_pct ┆ rmse    ┆ mean_label ┆ mean_pred │
│ ---      ┆ ---    ┆ ---     ┆ ---     ┆ ---        ┆ ---       │
│ str      ┆ u32    ┆ f64     ┆ f64     ┆ f64        ┆ f64       │
╞══════════╪════════╪═════════╪═════════╪════════════╪═══════════╡
│ a <=30m  ┆ 328710 ┆ 33.9    ┆ 192.2   ┆ 941.9      ┆ 968.4     │
│ b 30-60m ┆ 14648  ┆ 14.1    ┆ 586.4   ┆ 2226.8     ┆ 1906.3    │
│ c 1-2h   ┆ 832    ┆ 8.6     ┆ 1927.7  ┆ 4571.2     ┆ 3132.6    │
│ d 2-5h   ┆ 118    ┆ 7.0     ┆ 4607.3  ┆ 9729.9     ┆ 5953.6    │
│ e >5h    ┆ 31     ┆ 36.5    ┆ 20530.3 ┆ 45748.2    ┆ 36353.8   │
└──────────┴────────┴─────────┴─────────┴────────────┴───────────┘

== SSE share by airport x (label > 5h)
shape: (12, 7)
┌──────────┬───────┬───────┬─────────┬─────────┬────────────┬───────────┐
│ ADEP_mvt ┆ taxi  ┆ n     ┆ sse_pct ┆ rmse    ┆ mean_label ┆ mean_pred │
│ ---      ┆ ---   ┆ ---   ┆ ---     ┆ ---     ┆ ---        ┆ ---       │
│ str      ┆ bool  ┆ u32   ┆ f64     ┆ f64     ┆ f64        ┆ f64       │
╞══════════╪═══════╪═══════╪═════════╪═════════╪════════════╪═══════════╡
│ LFPG     ┆ true  ┆ 2     ┆ 28.4    ┆ 71337.7 ┆ 71223.0    ┆ 1082.4    │
│ LIRF     ┆ false ┆ 26499 ┆ 22.7    ┆ 554.2   ┆ 1227.1     ┆ 1235.4    │
│ LTFM     ┆ false ┆ 46539 ┆ 9.1     ┆ 265.4   ┆ 1069.8     ┆ 1062.5    │
│ EGLL     ┆ false ┆ 40210 ┆ 8.7     ┆ 278.0   ┆ 1382.1     ┆ 1401.4    │
│ LIRF     ┆ true  ┆ 29    ┆ 8.1     ┆ 9979.5  ┆ 43991.3    ┆ 38786.3   │
│ LFPG     ┆ false ┆ 39588 ┆ 7.9     ┆ 268.1   ┆ 1048.2     ┆ 1067.9    │
│ LEBL     ┆ false ┆ 28985 ┆ 3.2     ┆ 197.5   ┆ 957.3      ┆ 949.9     │
│ EDDF     ┆ false ┆ 36830 ┆ 3.1     ┆ 172.6   ┆ 875.3      ┆ 884.0     │
│ LEMD     ┆ false ┆ 35328 ┆ 3.0     ┆ 175.1   ┆ 1010.6     ┆ 1033.5    │
│ EHAM     ┆ false ┆ 40949 ┆ 2.6     ┆ 150.1   ┆ 798.0      ┆ 798.3     │
│ LSZH     ┆ false ┆ 22289 ┆ 1.9     ┆ 176.5   ┆ 758.6      ┆ 758.8     │
│ EDDM     ┆ false ┆ 27091 ┆ 1.3     ┆ 133.4   ┆ 832.0      ┆ 832.2     │
└──────────┴───────┴───────┴─────────┴─────────┴────────────┴───────────┘

== SSE share by NM-unmatched x echo
shape: (4, 7)
┌───────┬───────┬────────┬─────────┬────────┬────────────┬───────────┐
│ um    ┆ echo  ┆ n      ┆ sse_pct ┆ rmse   ┆ mean_label ┆ mean_pred │
│ ---   ┆ ---   ┆ ---    ┆ ---     ┆ ---    ┆ ---        ┆ ---       │
│ bool  ┆ bool  ┆ u32    ┆ f64     ┆ f64    ┆ f64        ┆ f64       │
╞═══════╪═══════╪════════╪═════════╪════════╪════════════╪═══════════╡
│ true  ┆ false ┆ 5118   ┆ 48.5    ┆ 1843.3 ┆ 1191.3     ┆ 1161.0    │
│ false ┆ false ┆ 321876 ┆ 42.1    ┆ 216.4  ┆ 999.3      ┆ 1011.6    │
│ false ┆ true  ┆ 17140  ┆ 6.4     ┆ 366.4  ┆ 1116.0     ┆ 1031.8    │
│ true  ┆ true  ┆ 205    ┆ 3.0     ┆ 2293.5 ┆ 8442.8     ┆ 7074.1    │
└───────┴───────┴────────┴─────────┴────────┴────────────┴───────────┘
top     1 rows:  19.3% of SSE; RMSE without them 289.87
top     5 rows:  35.6% of SSE; RMSE without them 259.02
top    10 rows:  38.1% of SSE; RMSE without them 253.95
top    31 rows:  42.1% of SSE; RMSE without them 245.45
top   100 rows:  48.3% of SSE; RMSE without them 232.06
top  1000 rows:  62.7% of SSE; RMSE without them 197.18

== the 31 rows with label > 5 h
shape: (31, 8)
┌─────────┬──────────┬───────┬───────┬─────────┬─────────┬─────────┬────────┐
│ ym      ┆ ADEP_mvt ┆ um    ┆ echo  ┆ off     ┆ taxi    ┆ pred    ┆ se_pct │
│ ---     ┆ ---      ┆ ---   ┆ ---   ┆ ---     ┆ ---     ┆ ---     ┆ ---    │
│ str     ┆ str      ┆ bool  ┆ bool  ┆ f64     ┆ f64     ┆ f64     ┆ f64    │
╞═════════╪══════════╪═══════╪═══════╪═════════╪═════════╪═════════╪════════╡
│ 2025-01 ┆ LFPG     ┆ true  ┆ false ┆ 1740.0  ┆ 84240.0 ┆ 1085.4  ┆ 19.3   │
│ 2025-01 ┆ LFPG     ┆ true  ┆ false ┆ 2043.0  ┆ 58206.0 ┆ 1079.3  ┆ 9.1    │
│ 2025-07 ┆ LIRF     ┆ true  ┆ false ┆ 58563.0 ┆ 87186.0 ┆ 51490.6 ┆ 3.6    │
│ 2025-01 ┆ LIRF     ┆ true  ┆ false ┆ 60118.0 ┆ 87177.0 ┆ 60230.6 ┆ 2.0    │
│ 2025-07 ┆ LIRF     ┆ true  ┆ false ┆ 73260.0 ┆ 87361.0 ┆ 63560.2 ┆ 1.6    │
│ 2025-07 ┆ LIRF     ┆ true  ┆ true  ┆ 64438.0 ┆ 64437.0 ┆ 55029.4 ┆ 0.2    │
│ 2025-07 ┆ LIRF     ┆ true  ┆ false ┆ 84236.0 ┆ 88132.0 ┆ 80885.8 ┆ 0.1    │
│ 2025-07 ┆ LIRF     ┆ true  ┆ true  ┆ 20578.0 ┆ 20576.0 ┆ 15139.7 ┆ 0.1    │
│ 2025-07 ┆ LIRF     ┆ true  ┆ true  ┆ 45364.0 ┆ 45368.0 ┆ 40526.1 ┆ 0.1    │
│ 2025-07 ┆ LIRF     ┆ true  ┆ true  ┆ 45785.0 ┆ 45791.0 ┆ 41643.7 ┆ 0.0    │
│ 2025-07 ┆ LIRF     ┆ true  ┆ true  ┆ 24900.0 ┆ 24900.0 ┆ 20986.0 ┆ 0.0    │
│ 2025-07 ┆ LIRF     ┆ true  ┆ true  ┆ 25381.0 ┆ 25383.0 ┆ 21904.6 ┆ 0.0    │
│ 2025-07 ┆ LIRF     ┆ true  ┆ true  ┆ 18902.0 ┆ 18905.0 ┆ 15751.7 ┆ 0.0    │
│ 2025-07 ┆ LIRF     ┆ true  ┆ false ┆ 93535.0 ┆ 87170.0 ┆ 90238.0 ┆ 0.0    │
│ 2025-07 ┆ LIRF     ┆ true  ┆ true  ┆ 19436.0 ┆ 19432.0 ┆ 16387.9 ┆ 0.0    │
│ 2025-07 ┆ LIRF     ┆ true  ┆ true  ┆ 43861.0 ┆ 43863.0 ┆ 40981.9 ┆ 0.0    │
│ 2025-01 ┆ LIRF     ┆ true  ┆ true  ┆ 20222.0 ┆ 20225.0 ┆ 17631.4 ┆ 0.0    │
│ 2025-07 ┆ LIRF     ┆ true  ┆ true  ┆ 18425.0 ┆ 18431.0 ┆ 15896.3 ┆ 0.0    │
│ 2025-07 ┆ LIRF     ┆ false ┆ true  ┆ 87001.0 ┆ 87002.0 ┆ 84474.0 ┆ 0.0    │
│ 2025-07 ┆ LIRF     ┆ true  ┆ true  ┆ 46374.0 ┆ 46369.0 ┆ 43875.7 ┆ 0.0    │
│ 2025-07 ┆ LIRF     ┆ true  ┆ true  ┆ 23164.0 ┆ 23168.0 ┆ 21006.2 ┆ 0.0    │
│ 2025-07 ┆ LIRF     ┆ true  ┆ true  ┆ 35520.0 ┆ 35520.0 ┆ 33506.5 ┆ 0.0    │
│ 2025-07 ┆ LIRF     ┆ true  ┆ true  ┆ 19317.0 ┆ 19315.0 ┆ 17312.5 ┆ 0.0    │
│ 2025-07 ┆ LIRF     ┆ true  ┆ true  ┆ 23466.0 ┆ 23472.0 ┆ 21593.3 ┆ 0.0    │
│ 2025-07 ┆ LIRF     ┆ true  ┆ true  ┆ 35283.0 ┆ 35287.0 ┆ 34215.8 ┆ 0.0    │
│ 2025-01 ┆ LIRF     ┆ true  ┆ true  ┆ 56636.0 ┆ 56633.0 ┆ 57492.3 ┆ 0.0    │
│ 2025-01 ┆ LIRF     ┆ true  ┆ true  ┆ 39838.0 ┆ 39837.0 ┆ 39073.3 ┆ 0.0    │
│ 2025-07 ┆ LIRF     ┆ true  ┆ true  ┆ 18065.0 ┆ 18070.0 ┆ 17322.3 ┆ 0.0    │
│ 2025-07 ┆ LIRF     ┆ true  ┆ true  ┆ 40261.0 ┆ 40262.0 ┆ 39517.0 ┆ 0.0    │
│ 2025-01 ┆ LIRF     ┆ true  ┆ true  ┆ 41763.0 ┆ 41766.0 ┆ 42215.3 ┆ 0.0    │
│ 2025-01 ┆ LIRF     ┆ true  ┆ true  ┆ 24715.0 ┆ 24710.0 ┆ 24914.3 ┆ 0.0    │
└─────────┴──────────┴───────┴───────┴─────────┴─────────┴─────────┴────────┘

== rows with offset >= 5 h (selected without labels): 719, 9.8% of SSE
shape: (2, 7)
┌───────┬─────┬────────────┬──────┬─────────┬────────────┬───────────┐
│ um    ┆ n   ┆ label_gt5h ┆ echo ┆ sse_pct ┆ mean_label ┆ mean_pred │
│ ---   ┆ --- ┆ ---        ┆ ---  ┆ ---     ┆ ---        ┆ ---       │
│ bool  ┆ u32 ┆ f64        ┆ f64  ┆ f64     ┆ f64        ┆ f64       │
╞═══════╪═════╪════════════╪══════╪═════════╪════════════╪═══════════╡
│ false ┆ 635 ┆ 0.0        ┆ 0.0  ┆ 1.1     ┆ 1213.2     ┆ 1253.1    │
│ true  ┆ 84  ┆ 0.3        ┆ 0.3  ┆ 8.8     ┆ 14968.7    ┆ 13332.7   │
└───────┴─────┴────────────┴──────┴─────────┴────────────┴───────────┘
